Component: ARM Compiler 5.06 update 5 (build 528) Tool: armlink [4d35e2]

==============================================================================

Section Cross References

    blinky.o(i.SysTick_Handler) refers to blinky.o(.data) for .data
    blinky.o(i.main) refers to system_cmsdk_cm7.o(i.SystemCoreClockUpdate) for SystemCoreClockUpdate
    blinky.o(i.main) refers to led_v2m-mps2.o(i.LED_Initialize) for LED_Initialize
    blinky.o(i.main) refers to buttons_v2m-mps2.o(i.Buttons_Initialize) for Buttons_Initialize
    blinky.o(i.main) refers to stdout_usart.o(i.stdout_init) for stdout_init
    blinky.o(i.main) refers to printf8.o(i.__0printf$8) for __2printf
    blinky.o(i.main) refers to system_cmsdk_cm7.o(.data) for SystemCoreClock
    blinky.o(i.main) refers to blinky.o(.data) for .data
    stdout_usart.o(i.serial_in) refers to usart_v2m-mps2.o(.constdata) for Driver_USART0
    stdout_usart.o(i.serial_out) refers to usart_v2m-mps2.o(.constdata) for Driver_USART0
    stdout_usart.o(i.stdout_init) refers to usart_v2m-mps2.o(.constdata) for Driver_USART0
    stdout_usart.o(i.stdout_putchar) refers to usart_v2m-mps2.o(.constdata) for Driver_USART0
    gmsi.o(i.platform_init) refers to hal.o(i.hal_init) for hal_init
    gmsi.o(i.platform_init) refers to service.o(i.service_init) for service_init
    hal.o(i.hal_init) refers to component.o(i.component_init) for component_init
    hal.o(i.hal_init) refers to bsp.o(i.bsp_init) for bsp_init
    mal.o(i.mal_mem_init) refers to page.o(i.page_init) for page_init
    mal.o(i.mal_mem_init) refers to mal.o(.constdata) for .constdata
    mal.o(i.mal_mem_read) refers to page.o(i.read_memory_disregard_page) for read_memory_disregard_page
    mal.o(i.mal_mem_write) refers to page.o(i.write_memory_disregard_page) for write_memory_disregard_page
    mal.o(.constdata) refers to mal.o(i.mal_page_write) for mal_page_write
    mal.o(.constdata) refers to mal.o(i.mal_page_read) for mal_page_read
    mal.o(.constdata) refers to mal.o(i.mal_page_erase) for mal_page_erase
    sram.o(i.sram_chip_erase) refers to memseta.o(.text) for __aeabi_memset
    sram.o(i.sram_chip_erase) refers to sram.o(.data) for .data
    sram.o(i.sram_chip_erase) refers to sram.o(.bss.noinit) for .bss.noinit
    sram.o(i.sram_close) refers to sram.o(.data) for .data
    sram.o(i.sram_finish) refers to sram.o(.data) for .data
    sram.o(i.sram_info) refers to sram.o(.constdata) for .constdata
    sram.o(i.sram_init) refers to sram.o(.data) for .data
    sram.o(i.sram_open) refers to sram.o(.data) for .data
    sram.o(i.sram_page_erase) refers to sram.o(.data) for .data
    sram.o(i.sram_page_erase) refers to sram.o(.bss.noinit) for .bss.noinit
    sram.o(i.sram_page_read) refers to sram.o(.data) for .data
    sram.o(i.sram_page_read) refers to sram.o(.bss.noinit) for .bss.noinit
    sram.o(i.sram_page_verify) refers to sram.o(.data) for .data
    sram.o(i.sram_page_verify) refers to sram.o(.bss.noinit) for .bss.noinit
    sram.o(i.sram_page_write) refers to sram.o(.data) for .data
    sram.o(i.sram_page_write) refers to sram.o(.bss.noinit) for .bss.noinit
    sram.o(i.sram_status) refers to sram.o(.data) for .data
    sram.o(.constdata) refers to sram.o(i.sram_info) for sram_info
    sram.o(.constdata) refers to sram.o(i.sram_init) for sram_init
    sram.o(.constdata) refers to sram.o(i.sram_finish) for sram_finish
    sram.o(.constdata) refers to sram.o(i.sram_open) for sram_open
    sram.o(.constdata) refers to sram.o(i.sram_close) for sram_close
    sram.o(.constdata) refers to sram.o(i.sram_status) for sram_status
    sram.o(.constdata) refers to sram.o(i.sram_page_write) for sram_page_write
    sram.o(.constdata) refers to sram.o(i.sram_page_erase) for sram_page_erase
    sram.o(.constdata) refers to sram.o(i.sram_page_read) for sram_page_read
    sram.o(.constdata) refers to sram.o(i.sram_page_verify) for sram_page_verify
    sram.o(.constdata) refers to sram.o(i.sram_chip_erase) for sram_chip_erase
    sram.o(.data) refers to sram.o(.constdata) for I_SRAM
    page.o(i.read_memory_disregard_page) refers to signal.o(i.enter_lock) for enter_lock
    page.o(i.read_memory_disregard_page) refers to signal.o(i.leave_lock) for leave_lock
    page.o(i.write_memory_disregard_page) refers to signal.o(i.enter_lock) for enter_lock
    page.o(i.write_memory_disregard_page) refers to page.o(i.modify_leading_page) for modify_leading_page
    page.o(i.write_memory_disregard_page) refers to signal.o(i.leave_lock) for leave_lock
    page.o(i.write_memory_disregard_page) refers to page.o(i.modify_final_page) for modify_final_page
    crc7.o(i.crc7_check) refers to crc7.o(.constdata) for .constdata
    crc7.o(i.crc7_stream_check) refers to crc7.o(.constdata) for .constdata
    crc8.o(i.crc8_check) refers to crc8.o(.constdata) for .constdata
    crc8.o(i.crc8_rohc_check) refers to crc8.o(.constdata) for .constdata
    crc8.o(i.crc8_rohc_stream_check) refers to crc8.o(.constdata) for .constdata
    crc8.o(i.crc8_stream_check) refers to crc8.o(.constdata) for .constdata
    crc16.o(i.crc16_ccitt_false_check) refers to crc16.o(.constdata) for .constdata
    crc16.o(i.crc16_ccitt_false_stream_check) refers to crc16.o(.constdata) for .constdata
    crc16.o(i.crc16_modbus_check) refers to crc16.o(.constdata) for .constdata
    crc16.o(i.crc16_modbus_stream_check) refers to crc16.o(.constdata) for .constdata
    crc16.o(i.crc16_modem_check) refers to crc16.o(.constdata) for .constdata
    crc16.o(i.crc16_modem_stream_check) refers to crc16.o(.constdata) for .constdata
    crc16.o(i.crc16_usb_check) refers to crc16.o(.constdata) for .constdata
    crc16.o(i.crc16_usb_stream_check) refers to crc16.o(.constdata) for .constdata
    crc32.o(i.crc32_check) refers to crc32.o(.constdata) for .constdata
    crc32.o(i.crc32_ieee802_3_check) refers to crc32.o(.constdata) for .constdata
    crc32.o(i.crc32_ieee802_3_stream_check) refers to crc32.o(.constdata) for .constdata
    crc32.o(i.crc32_stream_check) refers to crc32.o(.constdata) for .constdata
    es_simple_frame.o(i.es_simple_frame_task) refers to crc.o(i.crc16_check) for crc16_check
    random.o(i.get_random_u16) refers to random.o(.app_ram_noinit) for .app_ram_noinit
    random.o(i.reset_random) refers to random.o(.app_ram_noinit) for .app_ram_noinit
    random.o(i.set_random_seed) refers to random.o(.app_ram_noinit) for .app_ram_noinit
    glcd_fonts.o(.constdata) refers to glcd_fonts.o(.constdata) for Font_6x8_h
    glcd_fonts.o(.constdata) refers to glcd_fonts.o(.constdata) for Font_16x24_h
    glcd_v2m-mps2.o(i.GLCD_ClearScreen) refers to glcd_v2m-mps2.o(i.GLCD_SetWindow) for GLCD_SetWindow
    glcd_v2m-mps2.o(i.GLCD_ClearScreen) refers to glcd_v2m-mps2.o(i.wr_cmd) for wr_cmd
    glcd_v2m-mps2.o(i.GLCD_ClearScreen) refers to glcd_v2m-mps2.o(.data) for .data
    glcd_v2m-mps2.o(i.GLCD_DrawBargraph) refers to glcd_v2m-mps2.o(i.GLCD_SetWindow) for GLCD_SetWindow
    glcd_v2m-mps2.o(i.GLCD_DrawBargraph) refers to glcd_v2m-mps2.o(i.wr_cmd) for wr_cmd
    glcd_v2m-mps2.o(i.GLCD_DrawBargraph) refers to glcd_v2m-mps2.o(.data) for .data
    glcd_v2m-mps2.o(i.GLCD_DrawBitmap) refers to glcd_v2m-mps2.o(i.GLCD_SetWindow) for GLCD_SetWindow
    glcd_v2m-mps2.o(i.GLCD_DrawBitmap) refers to glcd_v2m-mps2.o(i.wr_cmd) for wr_cmd
    glcd_v2m-mps2.o(i.GLCD_DrawChar) refers to glcd_v2m-mps2.o(i.GLCD_SetWindow) for GLCD_SetWindow
    glcd_v2m-mps2.o(i.GLCD_DrawChar) refers to glcd_v2m-mps2.o(i.wr_cmd) for wr_cmd
    glcd_v2m-mps2.o(i.GLCD_DrawChar) refers to glcd_v2m-mps2.o(.data) for .data
    glcd_v2m-mps2.o(i.GLCD_DrawHLine) refers to glcd_v2m-mps2.o(i.GLCD_SetWindow) for GLCD_SetWindow
    glcd_v2m-mps2.o(i.GLCD_DrawHLine) refers to glcd_v2m-mps2.o(i.wr_cmd) for wr_cmd
    glcd_v2m-mps2.o(i.GLCD_DrawHLine) refers to glcd_v2m-mps2.o(.data) for .data
    glcd_v2m-mps2.o(i.GLCD_DrawPixel) refers to glcd_v2m-mps2.o(i.wr_cmd) for wr_cmd
    glcd_v2m-mps2.o(i.GLCD_DrawPixel) refers to glcd_v2m-mps2.o(i.wr_dat) for wr_dat
    glcd_v2m-mps2.o(i.GLCD_DrawPixel) refers to glcd_v2m-mps2.o(.data) for .data
    glcd_v2m-mps2.o(i.GLCD_DrawRectangle) refers to glcd_v2m-mps2.o(i.GLCD_DrawHLine) for GLCD_DrawHLine
    glcd_v2m-mps2.o(i.GLCD_DrawRectangle) refers to glcd_v2m-mps2.o(i.GLCD_DrawVLine) for GLCD_DrawVLine
    glcd_v2m-mps2.o(i.GLCD_DrawString) refers to glcd_v2m-mps2.o(i.GLCD_SetWindow) for GLCD_SetWindow
    glcd_v2m-mps2.o(i.GLCD_DrawString) refers to glcd_v2m-mps2.o(i.wr_cmd) for wr_cmd
    glcd_v2m-mps2.o(i.GLCD_DrawString) refers to glcd_v2m-mps2.o(.data) for .data
    glcd_v2m-mps2.o(i.GLCD_DrawVLine) refers to glcd_v2m-mps2.o(i.GLCD_SetWindow) for GLCD_SetWindow
    glcd_v2m-mps2.o(i.GLCD_DrawVLine) refers to glcd_v2m-mps2.o(i.wr_cmd) for wr_cmd
    glcd_v2m-mps2.o(i.GLCD_DrawVLine) refers to glcd_v2m-mps2.o(.data) for .data
    glcd_v2m-mps2.o(i.GLCD_FrameBufferAccess) refers to glcd_v2m-mps2.o(i.GLCD_SetWindow) for GLCD_SetWindow
    glcd_v2m-mps2.o(i.GLCD_FrameBufferAccess) refers to glcd_v2m-mps2.o(i.wr_cmd) for wr_cmd
    glcd_v2m-mps2.o(i.GLCD_FrameBufferAccess) refers to glcd_v2m-mps2.o(i.wr_dat) for wr_dat
    glcd_v2m-mps2.o(i.GLCD_Initialize) refers to glcd_v2m-mps2.o(i.wr_cmd) for wr_cmd
    glcd_v2m-mps2.o(i.GLCD_Initialize) refers to glcd_v2m-mps2.o(i.wr_dat) for wr_dat
    glcd_v2m-mps2.o(i.GLCD_Initialize) refers to system_cmsdk_cm7.o(.data) for SystemCoreClock
    glcd_v2m-mps2.o(i.GLCD_SetBackgroundColor) refers to glcd_v2m-mps2.o(.data) for .data
    glcd_v2m-mps2.o(i.GLCD_SetFont) refers to glcd_v2m-mps2.o(.data) for .data
    glcd_v2m-mps2.o(i.GLCD_SetForegroundColor) refers to glcd_v2m-mps2.o(.data) for .data
    glcd_v2m-mps2.o(i.GLCD_SetWindow) refers to glcd_v2m-mps2.o(i.wr_cmd) for wr_cmd
    glcd_v2m-mps2.o(i.GLCD_SetWindow) refers to glcd_v2m-mps2.o(i.wr_dat) for wr_dat
    touch_v2m-mps2.o(i.I2C_MasterTransmit) refers to touch_v2m-mps2.o(i.I2C_txStart) for I2C_txStart
    touch_v2m-mps2.o(i.I2C_MasterTransmit) refers to touch_v2m-mps2.o(i.I2C_txByte) for I2C_txByte
    touch_v2m-mps2.o(i.I2C_MasterTransmit) refers to touch_v2m-mps2.o(i.I2C_rxAck) for I2C_rxAck
    touch_v2m-mps2.o(i.I2C_MasterTransmit) refers to touch_v2m-mps2.o(i.I2C_txStop) for I2C_txStop
    touch_v2m-mps2.o(i.I2C_rx) refers to touch_v2m-mps2.o(i.I2C_txStart) for I2C_txStart
    touch_v2m-mps2.o(i.I2C_rx) refers to touch_v2m-mps2.o(i.I2C_txByte) for I2C_txByte
    touch_v2m-mps2.o(i.I2C_rx) refers to touch_v2m-mps2.o(i.I2C_rxAck) for I2C_rxAck
    touch_v2m-mps2.o(i.I2C_rx) refers to touch_v2m-mps2.o(i.I2C_rxByte) for I2C_rxByte
    touch_v2m-mps2.o(i.I2C_rx) refers to touch_v2m-mps2.o(i.I2C_txStop) for I2C_txStop
    touch_v2m-mps2.o(i.I2C_tx) refers to touch_v2m-mps2.o(i.I2C_txStart) for I2C_txStart
    touch_v2m-mps2.o(i.I2C_tx) refers to touch_v2m-mps2.o(i.I2C_txByte) for I2C_txByte
    touch_v2m-mps2.o(i.I2C_tx) refers to touch_v2m-mps2.o(i.I2C_rxAck) for I2C_rxAck
    touch_v2m-mps2.o(i.I2C_tx) refers to touch_v2m-mps2.o(i.I2C_txStop) for I2C_txStop
    touch_v2m-mps2.o(i.Touch_GetState) refers to touch_v2m-mps2.o(i.I2C_MasterTransmit) for I2C_MasterTransmit
    touch_v2m-mps2.o(i.Touch_GetState) refers to touch_v2m-mps2.o(i.I2C_rx) for I2C_rx
    touch_v2m-mps2.o(i.Touch_Initialize) refers to touch_v2m-mps2.o(i.I2C_clear) for I2C_clear
    touch_v2m-mps2.o(i.Touch_Initialize) refers to touch_v2m-mps2.o(i.I2C_MasterTransmit) for I2C_MasterTransmit
    touch_v2m-mps2.o(i.Touch_Initialize) refers to touch_v2m-mps2.o(i.I2C_rx) for I2C_rx
    touch_v2m-mps2.o(i.Touch_Initialize) refers to system_cmsdk_cm7.o(.data) for SystemCoreClock
    touch_v2m-mps2.o(i.Touch_Uninitialize) refers to touch_v2m-mps2.o(i.I2C_MasterTransmit) for I2C_MasterTransmit
    touch_v2m-mps2.o(i.Touch_Uninitialize) refers to touch_v2m-mps2.o(i.I2C_clear) for I2C_clear
    usart_v2m-mps2.o(i.UART0RX_Handler) refers to usart_v2m-mps2.o(.constdata) for .constdata
    usart_v2m-mps2.o(i.UART0TX_Handler) refers to usart_v2m-mps2.o(.constdata) for .constdata
    usart_v2m-mps2.o(i.USART0_Control) refers to usart_v2m-mps2.o(.constdata) for .constdata
    usart_v2m-mps2.o(i.USART0_Control) refers to system_cmsdk_cm7.o(.data) for SystemCoreClock
    usart_v2m-mps2.o(i.USART0_GetCapabilities) refers to usart_v2m-mps2.o(.constdata) for .constdata
    usart_v2m-mps2.o(i.USART0_GetRxCount) refers to usart_v2m-mps2.o(.bss) for .bss
    usart_v2m-mps2.o(i.USART0_GetStatus) refers to usart_v2m-mps2.o(.constdata) for .constdata
    usart_v2m-mps2.o(i.USART0_GetTxCount) refers to usart_v2m-mps2.o(.bss) for .bss
    usart_v2m-mps2.o(i.USART0_Initialize) refers to usart_v2m-mps2.o(.constdata) for .constdata
    usart_v2m-mps2.o(i.USART0_PowerControl) refers to usart_v2m-mps2.o(.constdata) for .constdata
    usart_v2m-mps2.o(i.USART0_Receive) refers to usart_v2m-mps2.o(.constdata) for .constdata
    usart_v2m-mps2.o(i.USART0_Send) refers to usart_v2m-mps2.o(.constdata) for .constdata
    usart_v2m-mps2.o(i.USART0_Uninitialize) refers to usart_v2m-mps2.o(.constdata) for .constdata
    usart_v2m-mps2.o(i.USARTx_GetVersion) refers to usart_v2m-mps2.o(.constdata) for .constdata
    usart_v2m-mps2.o(.constdata) refers to usart_v2m-mps2.o(.data) for USART0_pin_rx
    usart_v2m-mps2.o(.constdata) refers to usart_v2m-mps2.o(.data) for USART0_pin_tx
    usart_v2m-mps2.o(.constdata) refers to usart_v2m-mps2.o(.data) for USART0_Info
    usart_v2m-mps2.o(.constdata) refers to usart_v2m-mps2.o(.bss) for USART0_TransferInfo
    usart_v2m-mps2.o(.constdata) refers to usart_v2m-mps2.o(i.USARTx_GetVersion) for USARTx_GetVersion
    usart_v2m-mps2.o(.constdata) refers to usart_v2m-mps2.o(i.USART0_GetCapabilities) for USART0_GetCapabilities
    usart_v2m-mps2.o(.constdata) refers to usart_v2m-mps2.o(i.USART0_Initialize) for USART0_Initialize
    usart_v2m-mps2.o(.constdata) refers to usart_v2m-mps2.o(i.USART0_Uninitialize) for USART0_Uninitialize
    usart_v2m-mps2.o(.constdata) refers to usart_v2m-mps2.o(i.USART0_PowerControl) for USART0_PowerControl
    usart_v2m-mps2.o(.constdata) refers to usart_v2m-mps2.o(i.USART0_Send) for USART0_Send
    usart_v2m-mps2.o(.constdata) refers to usart_v2m-mps2.o(i.USART0_Receive) for USART0_Receive
    usart_v2m-mps2.o(.constdata) refers to usart_v2m-mps2.o(i.USART0_Transfer) for USART0_Transfer
    usart_v2m-mps2.o(.constdata) refers to usart_v2m-mps2.o(i.USART0_GetTxCount) for USART0_GetTxCount
    usart_v2m-mps2.o(.constdata) refers to usart_v2m-mps2.o(i.USART0_GetRxCount) for USART0_GetRxCount
    usart_v2m-mps2.o(.constdata) refers to usart_v2m-mps2.o(i.USART0_Control) for USART0_Control
    usart_v2m-mps2.o(.constdata) refers to usart_v2m-mps2.o(i.USART0_GetStatus) for USART0_GetStatus
    usart_v2m-mps2.o(.constdata) refers to usart_v2m-mps2.o(i.USART0_SetModemControl) for USART0_SetModemControl
    usart_v2m-mps2.o(.constdata) refers to usart_v2m-mps2.o(i.USART0_GetModemStatus) for USART0_GetModemStatus
    retarget_io.o(i.__aeabi_assert) refers to fputs.o(i.fputs) for fputs
    retarget_io.o(i.__aeabi_assert) refers to retarget_io.o(i.abort) for abort
    retarget_io.o(i.__aeabi_assert) refers to stderr.o(.data) for __stderr
    retarget_io.o(i.fputc) refers to stdout_usart.o(i.stdout_putchar) for stdout_putchar
    retarget_io.o(i.fputc) refers to stdout.o(.data) for __stdout
    startup_cmsdk_cm7.o(RESET) refers to startup_cmsdk_cm7.o(STACK) for __initial_sp
    startup_cmsdk_cm7.o(RESET) refers to startup_cmsdk_cm7.o(.text) for Reset_Handler
    startup_cmsdk_cm7.o(RESET) refers to blinky.o(i.SysTick_Handler) for SysTick_Handler
    startup_cmsdk_cm7.o(RESET) refers to usart_v2m-mps2.o(i.UART0RX_Handler) for UART0RX_Handler
    startup_cmsdk_cm7.o(RESET) refers to usart_v2m-mps2.o(i.UART0TX_Handler) for UART0TX_Handler
    startup_cmsdk_cm7.o(.text) refers to system_cmsdk_cm7.o(i.SystemInit) for SystemInit
    startup_cmsdk_cm7.o(.text) refers to entry.o(.ARM.Collect$$$$00000000) for __main
    system_cmsdk_cm7.o(i.SystemCoreClockUpdate) refers to system_cmsdk_cm7.o(.data) for .data
    system_cmsdk_cm7.o(i.SystemInit) refers to system_cmsdk_cm7.o(.data) for .data
    entry.o(.ARM.Collect$$$$00000000) refers (Special) to entry10a.o(.ARM.Collect$$$$0000000D) for __rt_final_cpp
    entry.o(.ARM.Collect$$$$00000000) refers (Special) to entry11a.o(.ARM.Collect$$$$0000000F) for __rt_final_exit
    entry.o(.ARM.Collect$$$$00000000) refers (Special) to entry7b.o(.ARM.Collect$$$$00000008) for _main_clock
    entry.o(.ARM.Collect$$$$00000000) refers (Special) to entry8b.o(.ARM.Collect$$$$0000000A) for _main_cpp_init
    entry.o(.ARM.Collect$$$$00000000) refers (Special) to entry9a.o(.ARM.Collect$$$$0000000B) for _main_init
    entry.o(.ARM.Collect$$$$00000000) refers (Special) to entry5.o(.ARM.Collect$$$$00000004) for _main_scatterload
    entry.o(.ARM.Collect$$$$00000000) refers (Special) to entry2.o(.ARM.Collect$$$$00000001) for _main_stk
    fputs.o(i.fputs) refers to retarget_io.o(i.fputc) for fputc
    fputs_e.o(.text) refers to retarget_io.o(i.fputc) for fputc
    printfb.o(i.__0fprintf$bare) refers to printfb.o(i._printf_core) for _printf_core
    printfb.o(i.__0fprintf$bare) refers to retarget_io.o(i.fputc) for fputc
    printfb.o(i.__0printf$bare) refers to printfb.o(i._printf_core) for _printf_core
    printfb.o(i.__0printf$bare) refers to retarget_io.o(i.fputc) for fputc
    printfb.o(i.__0printf$bare) refers to stdout.o(.data) for __stdout
    printfb.o(i.__0snprintf$bare) refers to printfb.o(i._printf_core) for _printf_core
    printfb.o(i.__0snprintf$bare) refers to printfb.o(i._snputc) for _snputc
    printfb.o(i.__0sprintf$bare) refers to printfb.o(i._printf_core) for _printf_core
    printfb.o(i.__0sprintf$bare) refers to printfb.o(i._sputc) for _sputc
    printfb.o(i.__0vfprintf$bare) refers to printfb.o(i._printf_core) for _printf_core
    printfb.o(i.__0vfprintf$bare) refers to retarget_io.o(i.fputc) for fputc
    printfb.o(i.__0vprintf$bare) refers to printfb.o(i._printf_core) for _printf_core
    printfb.o(i.__0vprintf$bare) refers to retarget_io.o(i.fputc) for fputc
    printfb.o(i.__0vprintf$bare) refers to stdout.o(.data) for __stdout
    printfb.o(i.__0vsnprintf$bare) refers to printfb.o(i._printf_core) for _printf_core
    printfb.o(i.__0vsnprintf$bare) refers to printfb.o(i._snputc) for _snputc
    printfb.o(i.__0vsprintf$bare) refers to printfb.o(i._printf_core) for _printf_core
    printfb.o(i.__0vsprintf$bare) refers to printfb.o(i._sputc) for _sputc
    printf0.o(i.__0fprintf$0) refers to printf0.o(i._printf_core) for _printf_core
    printf0.o(i.__0fprintf$0) refers to retarget_io.o(i.fputc) for fputc
    printf0.o(i.__0printf$0) refers to printf0.o(i._printf_core) for _printf_core
    printf0.o(i.__0printf$0) refers to retarget_io.o(i.fputc) for fputc
    printf0.o(i.__0printf$0) refers to stdout.o(.data) for __stdout
    printf0.o(i.__0snprintf$0) refers to printf0.o(i._printf_core) for _printf_core
    printf0.o(i.__0snprintf$0) refers to printf0.o(i._snputc) for _snputc
    printf0.o(i.__0sprintf$0) refers to printf0.o(i._printf_core) for _printf_core
    printf0.o(i.__0sprintf$0) refers to printf0.o(i._sputc) for _sputc
    printf0.o(i.__0vfprintf$0) refers to printf0.o(i._printf_core) for _printf_core
    printf0.o(i.__0vfprintf$0) refers to retarget_io.o(i.fputc) for fputc
    printf0.o(i.__0vprintf$0) refers to printf0.o(i._printf_core) for _printf_core
    printf0.o(i.__0vprintf$0) refers to retarget_io.o(i.fputc) for fputc
    printf0.o(i.__0vprintf$0) refers to stdout.o(.data) for __stdout
    printf0.o(i.__0vsnprintf$0) refers to printf0.o(i._printf_core) for _printf_core
    printf0.o(i.__0vsnprintf$0) refers to printf0.o(i._snputc) for _snputc
    printf0.o(i.__0vsprintf$0) refers to printf0.o(i._printf_core) for _printf_core
    printf0.o(i.__0vsprintf$0) refers to printf0.o(i._sputc) for _sputc
    printf1.o(i.__0fprintf$1) refers to printf1.o(i._printf_core) for _printf_core
    printf1.o(i.__0fprintf$1) refers to retarget_io.o(i.fputc) for fputc
    printf1.o(i.__0printf$1) refers to printf1.o(i._printf_core) for _printf_core
    printf1.o(i.__0printf$1) refers to retarget_io.o(i.fputc) for fputc
    printf1.o(i.__0printf$1) refers to stdout.o(.data) for __stdout
    printf1.o(i.__0snprintf$1) refers to printf1.o(i._printf_core) for _printf_core
    printf1.o(i.__0snprintf$1) refers to printf1.o(i._snputc) for _snputc
    printf1.o(i.__0sprintf$1) refers to printf1.o(i._printf_core) for _printf_core
    printf1.o(i.__0sprintf$1) refers to printf1.o(i._sputc) for _sputc
    printf1.o(i.__0vfprintf$1) refers to printf1.o(i._printf_core) for _printf_core
    printf1.o(i.__0vfprintf$1) refers to retarget_io.o(i.fputc) for fputc
    printf1.o(i.__0vprintf$1) refers to printf1.o(i._printf_core) for _printf_core
    printf1.o(i.__0vprintf$1) refers to retarget_io.o(i.fputc) for fputc
    printf1.o(i.__0vprintf$1) refers to stdout.o(.data) for __stdout
    printf1.o(i.__0vsnprintf$1) refers to printf1.o(i._printf_core) for _printf_core
    printf1.o(i.__0vsnprintf$1) refers to printf1.o(i._snputc) for _snputc
    printf1.o(i.__0vsprintf$1) refers to printf1.o(i._printf_core) for _printf_core
    printf1.o(i.__0vsprintf$1) refers to printf1.o(i._sputc) for _sputc
    printf1.o(i._printf_core) refers to uidiv.o(.text) for __aeabi_uidivmod
    printf2.o(i.__0fprintf$2) refers to printf2.o(i._printf_core) for _printf_core
    printf2.o(i.__0fprintf$2) refers to retarget_io.o(i.fputc) for fputc
    printf2.o(i.__0printf$2) refers to printf2.o(i._printf_core) for _printf_core
    printf2.o(i.__0printf$2) refers to retarget_io.o(i.fputc) for fputc
    printf2.o(i.__0printf$2) refers to stdout.o(.data) for __stdout
    printf2.o(i.__0snprintf$2) refers to printf2.o(i._printf_core) for _printf_core
    printf2.o(i.__0snprintf$2) refers to printf2.o(i._snputc) for _snputc
    printf2.o(i.__0sprintf$2) refers to printf2.o(i._printf_core) for _printf_core
    printf2.o(i.__0sprintf$2) refers to printf2.o(i._sputc) for _sputc
    printf2.o(i.__0vfprintf$2) refers to printf2.o(i._printf_core) for _printf_core
    printf2.o(i.__0vfprintf$2) refers to retarget_io.o(i.fputc) for fputc
    printf2.o(i.__0vprintf$2) refers to printf2.o(i._printf_core) for _printf_core
    printf2.o(i.__0vprintf$2) refers to retarget_io.o(i.fputc) for fputc
    printf2.o(i.__0vprintf$2) refers to stdout.o(.data) for __stdout
    printf2.o(i.__0vsnprintf$2) refers to printf2.o(i._printf_core) for _printf_core
    printf2.o(i.__0vsnprintf$2) refers to printf2.o(i._snputc) for _snputc
    printf2.o(i.__0vsprintf$2) refers to printf2.o(i._printf_core) for _printf_core
    printf2.o(i.__0vsprintf$2) refers to printf2.o(i._sputc) for _sputc
    printf3.o(i.__0fprintf$3) refers to printf3.o(i._printf_core) for _printf_core
    printf3.o(i.__0fprintf$3) refers to retarget_io.o(i.fputc) for fputc
    printf3.o(i.__0printf$3) refers to printf3.o(i._printf_core) for _printf_core
    printf3.o(i.__0printf$3) refers to retarget_io.o(i.fputc) for fputc
    printf3.o(i.__0printf$3) refers to stdout.o(.data) for __stdout
    printf3.o(i.__0snprintf$3) refers to printf3.o(i._printf_core) for _printf_core
    printf3.o(i.__0snprintf$3) refers to printf3.o(i._snputc) for _snputc
    printf3.o(i.__0sprintf$3) refers to printf3.o(i._printf_core) for _printf_core
    printf3.o(i.__0sprintf$3) refers to printf3.o(i._sputc) for _sputc
    printf3.o(i.__0vfprintf$3) refers to printf3.o(i._printf_core) for _printf_core
    printf3.o(i.__0vfprintf$3) refers to retarget_io.o(i.fputc) for fputc
    printf3.o(i.__0vprintf$3) refers to printf3.o(i._printf_core) for _printf_core
    printf3.o(i.__0vprintf$3) refers to retarget_io.o(i.fputc) for fputc
    printf3.o(i.__0vprintf$3) refers to stdout.o(.data) for __stdout
    printf3.o(i.__0vsnprintf$3) refers to printf3.o(i._printf_core) for _printf_core
    printf3.o(i.__0vsnprintf$3) refers to printf3.o(i._snputc) for _snputc
    printf3.o(i.__0vsprintf$3) refers to printf3.o(i._printf_core) for _printf_core
    printf3.o(i.__0vsprintf$3) refers to printf3.o(i._sputc) for _sputc
    printf3.o(i._printf_core) refers to uidiv.o(.text) for __aeabi_uidivmod
    printf4.o(i.__0fprintf$4) refers to printf4.o(i._printf_core) for _printf_core
    printf4.o(i.__0fprintf$4) refers to retarget_io.o(i.fputc) for fputc
    printf4.o(i.__0printf$4) refers to printf4.o(i._printf_core) for _printf_core
    printf4.o(i.__0printf$4) refers to retarget_io.o(i.fputc) for fputc
    printf4.o(i.__0printf$4) refers to stdout.o(.data) for __stdout
    printf4.o(i.__0snprintf$4) refers to printf4.o(i._printf_core) for _printf_core
    printf4.o(i.__0snprintf$4) refers to printf4.o(i._snputc) for _snputc
    printf4.o(i.__0sprintf$4) refers to printf4.o(i._printf_core) for _printf_core
    printf4.o(i.__0sprintf$4) refers to printf4.o(i._sputc) for _sputc
    printf4.o(i.__0vfprintf$4) refers to printf4.o(i._printf_core) for _printf_core
    printf4.o(i.__0vfprintf$4) refers to retarget_io.o(i.fputc) for fputc
    printf4.o(i.__0vprintf$4) refers to printf4.o(i._printf_core) for _printf_core
    printf4.o(i.__0vprintf$4) refers to retarget_io.o(i.fputc) for fputc
    printf4.o(i.__0vprintf$4) refers to stdout.o(.data) for __stdout
    printf4.o(i.__0vsnprintf$4) refers to printf4.o(i._printf_core) for _printf_core
    printf4.o(i.__0vsnprintf$4) refers to printf4.o(i._snputc) for _snputc
    printf4.o(i.__0vsprintf$4) refers to printf4.o(i._printf_core) for _printf_core
    printf4.o(i.__0vsprintf$4) refers to printf4.o(i._sputc) for _sputc
    printf4.o(i._printf_core) refers to uldiv.o(.text) for __aeabi_uldivmod
    printf5.o(i.__0fprintf$5) refers to printf5.o(i._printf_core) for _printf_core
    printf5.o(i.__0fprintf$5) refers to retarget_io.o(i.fputc) for fputc
    printf5.o(i.__0printf$5) refers to printf5.o(i._printf_core) for _printf_core
    printf5.o(i.__0printf$5) refers to retarget_io.o(i.fputc) for fputc
    printf5.o(i.__0printf$5) refers to stdout.o(.data) for __stdout
    printf5.o(i.__0snprintf$5) refers to printf5.o(i._printf_core) for _printf_core
    printf5.o(i.__0snprintf$5) refers to printf5.o(i._snputc) for _snputc
    printf5.o(i.__0sprintf$5) refers to printf5.o(i._printf_core) for _printf_core
    printf5.o(i.__0sprintf$5) refers to printf5.o(i._sputc) for _sputc
    printf5.o(i.__0vfprintf$5) refers to printf5.o(i._printf_core) for _printf_core
    printf5.o(i.__0vfprintf$5) refers to retarget_io.o(i.fputc) for fputc
    printf5.o(i.__0vprintf$5) refers to printf5.o(i._printf_core) for _printf_core
    printf5.o(i.__0vprintf$5) refers to retarget_io.o(i.fputc) for fputc
    printf5.o(i.__0vprintf$5) refers to stdout.o(.data) for __stdout
    printf5.o(i.__0vsnprintf$5) refers to printf5.o(i._printf_core) for _printf_core
    printf5.o(i.__0vsnprintf$5) refers to printf5.o(i._snputc) for _snputc
    printf5.o(i.__0vsprintf$5) refers to printf5.o(i._printf_core) for _printf_core
    printf5.o(i.__0vsprintf$5) refers to printf5.o(i._sputc) for _sputc
    printf5.o(i._printf_core) refers to uldiv.o(.text) for __aeabi_uldivmod
    printf6.o(i.__0fprintf$6) refers to printf6.o(i._printf_core) for _printf_core
    printf6.o(i.__0fprintf$6) refers to retarget_io.o(i.fputc) for fputc
    printf6.o(i.__0printf$6) refers to printf6.o(i._printf_core) for _printf_core
    printf6.o(i.__0printf$6) refers to retarget_io.o(i.fputc) for fputc
    printf6.o(i.__0printf$6) refers to stdout.o(.data) for __stdout
    printf6.o(i.__0snprintf$6) refers to printf6.o(i._printf_core) for _printf_core
    printf6.o(i.__0snprintf$6) refers to printf6.o(i._snputc) for _snputc
    printf6.o(i.__0sprintf$6) refers to printf6.o(i._printf_core) for _printf_core
    printf6.o(i.__0sprintf$6) refers to printf6.o(i._sputc) for _sputc
    printf6.o(i.__0vfprintf$6) refers to printf6.o(i._printf_core) for _printf_core
    printf6.o(i.__0vfprintf$6) refers to retarget_io.o(i.fputc) for fputc
    printf6.o(i.__0vprintf$6) refers to printf6.o(i._printf_core) for _printf_core
    printf6.o(i.__0vprintf$6) refers to retarget_io.o(i.fputc) for fputc
    printf6.o(i.__0vprintf$6) refers to stdout.o(.data) for __stdout
    printf6.o(i.__0vsnprintf$6) refers to printf6.o(i._printf_core) for _printf_core
    printf6.o(i.__0vsnprintf$6) refers to printf6.o(i._snputc) for _snputc
    printf6.o(i.__0vsprintf$6) refers to printf6.o(i._printf_core) for _printf_core
    printf6.o(i.__0vsprintf$6) refers to printf6.o(i._sputc) for _sputc
    printf6.o(i._printf_core) refers to printf6.o(i._printf_pre_padding) for _printf_pre_padding
    printf6.o(i._printf_core) refers to uidiv.o(.text) for __aeabi_uidivmod
    printf6.o(i._printf_core) refers to printf6.o(i._printf_post_padding) for _printf_post_padding
    printf7.o(i.__0fprintf$7) refers to printf7.o(i._printf_core) for _printf_core
    printf7.o(i.__0fprintf$7) refers to retarget_io.o(i.fputc) for fputc
    printf7.o(i.__0printf$7) refers to printf7.o(i._printf_core) for _printf_core
    printf7.o(i.__0printf$7) refers to retarget_io.o(i.fputc) for fputc
    printf7.o(i.__0printf$7) refers to stdout.o(.data) for __stdout
    printf7.o(i.__0snprintf$7) refers to printf7.o(i._printf_core) for _printf_core
    printf7.o(i.__0snprintf$7) refers to printf7.o(i._snputc) for _snputc
    printf7.o(i.__0sprintf$7) refers to printf7.o(i._printf_core) for _printf_core
    printf7.o(i.__0sprintf$7) refers to printf7.o(i._sputc) for _sputc
    printf7.o(i.__0vfprintf$7) refers to printf7.o(i._printf_core) for _printf_core
    printf7.o(i.__0vfprintf$7) refers to retarget_io.o(i.fputc) for fputc
    printf7.o(i.__0vprintf$7) refers to printf7.o(i._printf_core) for _printf_core
    printf7.o(i.__0vprintf$7) refers to retarget_io.o(i.fputc) for fputc
    printf7.o(i.__0vprintf$7) refers to stdout.o(.data) for __stdout
    printf7.o(i.__0vsnprintf$7) refers to printf7.o(i._printf_core) for _printf_core
    printf7.o(i.__0vsnprintf$7) refers to printf7.o(i._snputc) for _snputc
    printf7.o(i.__0vsprintf$7) refers to printf7.o(i._printf_core) for _printf_core
    printf7.o(i.__0vsprintf$7) refers to printf7.o(i._sputc) for _sputc
    printf7.o(i._printf_core) refers to printf7.o(i._printf_pre_padding) for _printf_pre_padding
    printf7.o(i._printf_core) refers to uldiv.o(.text) for __aeabi_uldivmod
    printf7.o(i._printf_core) refers to printf7.o(i._printf_post_padding) for _printf_post_padding
    printf8.o(i.__0fprintf$8) refers to printf8.o(i._printf_core) for _printf_core
    printf8.o(i.__0fprintf$8) refers to retarget_io.o(i.fputc) for fputc
    printf8.o(i.__0printf$8) refers to printf8.o(i._printf_core) for _printf_core
    printf8.o(i.__0printf$8) refers to retarget_io.o(i.fputc) for fputc
    printf8.o(i.__0printf$8) refers to stdout.o(.data) for __stdout
    printf8.o(i.__0snprintf$8) refers to printf8.o(i._printf_core) for _printf_core
    printf8.o(i.__0snprintf$8) refers to printf8.o(i._snputc) for _snputc
    printf8.o(i.__0sprintf$8) refers to printf8.o(i._printf_core) for _printf_core
    printf8.o(i.__0sprintf$8) refers to printf8.o(i._sputc) for _sputc
    printf8.o(i.__0vfprintf$8) refers to printf8.o(i._printf_core) for _printf_core
    printf8.o(i.__0vfprintf$8) refers to retarget_io.o(i.fputc) for fputc
    printf8.o(i.__0vprintf$8) refers to printf8.o(i._printf_core) for _printf_core
    printf8.o(i.__0vprintf$8) refers to retarget_io.o(i.fputc) for fputc
    printf8.o(i.__0vprintf$8) refers to stdout.o(.data) for __stdout
    printf8.o(i.__0vsnprintf$8) refers to printf8.o(i._printf_core) for _printf_core
    printf8.o(i.__0vsnprintf$8) refers to printf8.o(i._snputc) for _snputc
    printf8.o(i.__0vsprintf$8) refers to printf8.o(i._printf_core) for _printf_core
    printf8.o(i.__0vsprintf$8) refers to printf8.o(i._sputc) for _sputc
    printf8.o(i._printf_core) refers to printf8.o(i._printf_pre_padding) for _printf_pre_padding
    printf8.o(i._printf_core) refers to uldiv.o(.text) for __aeabi_uldivmod
    printf8.o(i._printf_core) refers to printf8.o(i._printf_post_padding) for _printf_post_padding
    printfa.o(i.__0fprintf) refers (Special) to iusefp.o(.text) for __I$use$fp
    printfa.o(i.__0fprintf) refers to printfa.o(i._printf_core) for _printf_core
    printfa.o(i.__0fprintf) refers to retarget_io.o(i.fputc) for fputc
    printfa.o(i.__0printf) refers (Special) to iusefp.o(.text) for __I$use$fp
    printfa.o(i.__0printf) refers to printfa.o(i._printf_core) for _printf_core
    printfa.o(i.__0printf) refers to retarget_io.o(i.fputc) for fputc
    printfa.o(i.__0printf) refers to stdout.o(.data) for __stdout
    printfa.o(i.__0snprintf) refers (Special) to iusefp.o(.text) for __I$use$fp
    printfa.o(i.__0snprintf) refers to printfa.o(i._printf_core) for _printf_core
    printfa.o(i.__0snprintf) refers to printfa.o(i._snputc) for _snputc
    printfa.o(i.__0sprintf) refers (Special) to iusefp.o(.text) for __I$use$fp
    printfa.o(i.__0sprintf) refers to printfa.o(i._printf_core) for _printf_core
    printfa.o(i.__0sprintf) refers to printfa.o(i._sputc) for _sputc
    printfa.o(i.__0vfprintf) refers (Special) to iusefp.o(.text) for __I$use$fp
    printfa.o(i.__0vfprintf) refers to printfa.o(i._printf_core) for _printf_core
    printfa.o(i.__0vfprintf) refers to retarget_io.o(i.fputc) for fputc
    printfa.o(i.__0vprintf) refers (Special) to iusefp.o(.text) for __I$use$fp
    printfa.o(i.__0vprintf) refers to printfa.o(i._printf_core) for _printf_core
    printfa.o(i.__0vprintf) refers to retarget_io.o(i.fputc) for fputc
    printfa.o(i.__0vprintf) refers to stdout.o(.data) for __stdout
    printfa.o(i.__0vsnprintf) refers (Special) to iusefp.o(.text) for __I$use$fp
    printfa.o(i.__0vsnprintf) refers to printfa.o(i._printf_core) for _printf_core
    printfa.o(i.__0vsnprintf) refers to printfa.o(i._snputc) for _snputc
    printfa.o(i.__0vsprintf) refers (Special) to iusefp.o(.text) for __I$use$fp
    printfa.o(i.__0vsprintf) refers to printfa.o(i._printf_core) for _printf_core
    printfa.o(i.__0vsprintf) refers to printfa.o(i._sputc) for _sputc
    printfa.o(i._fp_digits) refers (Special) to iusefp.o(.text) for __I$use$fp
    printfa.o(i._fp_digits) refers to dmul.o(.text) for __aeabi_dmul
    printfa.o(i._fp_digits) refers to ddiv.o(.text) for __aeabi_ddiv
    printfa.o(i._fp_digits) refers to cdrcmple.o(.text) for __aeabi_cdrcmple
    printfa.o(i._fp_digits) refers to dadd.o(.text) for __aeabi_dadd
    printfa.o(i._fp_digits) refers to dfixul.o(.text) for __aeabi_d2ulz
    printfa.o(i._fp_digits) refers to uldiv.o(.text) for __aeabi_uldivmod
    printfa.o(i._printf_core) refers (Special) to iusefp.o(.text) for __I$use$fp
    printfa.o(i._printf_core) refers to printfa.o(i._printf_pre_padding) for _printf_pre_padding
    printfa.o(i._printf_core) refers to uldiv.o(.text) for __aeabi_uldivmod
    printfa.o(i._printf_core) refers to printfa.o(i._printf_post_padding) for _printf_post_padding
    printfa.o(i._printf_core) refers to printfa.o(i._fp_digits) for _fp_digits
    printfa.o(i._printf_core) refers to uidiv.o(.text) for __aeabi_uidivmod
    printfa.o(i._printf_post_padding) refers (Special) to iusefp.o(.text) for __I$use$fp
    printfa.o(i._printf_pre_padding) refers (Special) to iusefp.o(.text) for __I$use$fp
    printfa.o(i._snputc) refers (Special) to iusefp.o(.text) for __I$use$fp
    printfa.o(i._sputc) refers (Special) to iusefp.o(.text) for __I$use$fp
    entry2.o(.ARM.Collect$$$$00000001) refers to entry2.o(.ARM.Collect$$$$00002712) for __lit__00000000
    entry2.o(.ARM.Collect$$$$00002712) refers to startup_cmsdk_cm7.o(STACK) for __initial_sp
    entry2.o(__vectab_stack_and_reset_area) refers to startup_cmsdk_cm7.o(STACK) for __initial_sp
    entry2.o(__vectab_stack_and_reset_area) refers to entry.o(.ARM.Collect$$$$00000000) for __main
    entry5.o(.ARM.Collect$$$$00000004) refers to init.o(.text) for __scatterload
    entry9a.o(.ARM.Collect$$$$0000000B) refers to blinky.o(i.main) for main
    entry9b.o(.ARM.Collect$$$$0000000C) refers to blinky.o(i.main) for main
    uldiv.o(.text) refers to llushr.o(.text) for __aeabi_llsr
    uldiv.o(.text) refers to llshl.o(.text) for __aeabi_llsl
    dadd.o(.text) refers to llshl.o(.text) for __aeabi_llsl
    dadd.o(.text) refers to llsshr.o(.text) for __aeabi_lasr
    dadd.o(.text) refers to depilogue.o(.text) for _double_epilogue
    dmul.o(.text) refers to depilogue.o(.text) for _double_epilogue
    ddiv.o(.text) refers to depilogue.o(.text) for _double_round
    dfixul.o(.text) refers to llushr.o(.text) for __aeabi_llsr
    dfixul.o(.text) refers to llshl.o(.text) for __aeabi_llsl
    init.o(.text) refers to entry5.o(.ARM.Collect$$$$00000004) for __main_after_scatterload
    depilogue.o(.text) refers to llshl.o(.text) for __aeabi_llsl
    depilogue.o(.text) refers to llushr.o(.text) for __aeabi_llsr


==============================================================================

Removing Unused input sections from the image.

    Removing blinky.o(.rev16_text), (4 bytes).
    Removing blinky.o(.revsh_text), (4 bytes).
    Removing blinky.o(.rrx_text), (6 bytes).
    Removing stdout_usart.o(i.serial_in), (32 bytes).
    Removing stdout_usart.o(i.serial_out), (28 bytes).
    Removing ooc.o(i.delegate_handler_init), (24 bytes).
    Removing ooc.o(i.delegate_init), (16 bytes).
    Removing ooc.o(i.invoke_delegate), (138 bytes).
    Removing ooc.o(i.register_delegate_handler), (88 bytes).
    Removing ooc.o(i.unregister_delegate_handler), (118 bytes).
    Removing signal.o(i.enter_lock), (40 bytes).
    Removing signal.o(i.leave_lock), (30 bytes).
    Removing gmsi.o(i.platform_init), (24 bytes).
    Removing gmsi.o(.constdata), (4 bytes).
    Removing bsp.o(i.bsp_init), (4 bytes).
    Removing hal.o(i.hal_init), (24 bytes).
    Removing component.o(i.component_init), (4 bytes).
    Removing mal.o(i.mal_init), (4 bytes).
    Removing mal.o(i.mal_mem_init), (52 bytes).
    Removing mal.o(i.mal_mem_read), (6 bytes).
    Removing mal.o(i.mal_mem_write), (6 bytes).
    Removing mal.o(i.mal_page_erase), (62 bytes).
    Removing mal.o(i.mal_page_read), (88 bytes).
    Removing mal.o(i.mal_page_write), (70 bytes).
    Removing mal.o(.constdata), (24 bytes).
    Removing sram.o(i.sram_chip_erase), (96 bytes).
    Removing sram.o(i.sram_close), (40 bytes).
    Removing sram.o(i.sram_finish), (32 bytes).
    Removing sram.o(i.sram_info), (20 bytes).
    Removing sram.o(i.sram_init), (36 bytes).
    Removing sram.o(i.sram_open), (36 bytes).
    Removing sram.o(i.sram_page_erase), (132 bytes).
    Removing sram.o(i.sram_page_read), (176 bytes).
    Removing sram.o(i.sram_page_verify), (164 bytes).
    Removing sram.o(i.sram_page_write), (188 bytes).
    Removing sram.o(i.sram_status), (28 bytes).
    Removing sram.o(.bss.noinit), (1024 bytes).
    Removing sram.o(.constdata), (48 bytes).
    Removing sram.o(.constdata), (12 bytes).
    Removing sram.o(.data), (8 bytes).
    Removing sram.o(.data), (1 bytes).
    Removing page.o(i.modify_final_page), (150 bytes).
    Removing page.o(i.modify_leading_page), (204 bytes).
    Removing page.o(i.page_init), (112 bytes).
    Removing page.o(i.read_memory_disregard_page), (300 bytes).
    Removing page.o(i.write_memory_disregard_page), (412 bytes).
    Removing crc.o(i.crc16_check), (30 bytes).
    Removing crc7.o(i.crc7_check), (28 bytes).
    Removing crc7.o(i.crc7_stream_check), (80 bytes).
    Removing crc7.o(.constdata), (256 bytes).
    Removing crc8.o(i.crc8_check), (52 bytes).
    Removing crc8.o(i.crc8_rohc_check), (24 bytes).
    Removing crc8.o(i.crc8_rohc_stream_check), (76 bytes).
    Removing crc8.o(i.crc8_stream_check), (76 bytes).
    Removing crc8.o(.constdata), (272 bytes).
    Removing crc16.o(i.crc16_ccitt_false_check), (64 bytes).
    Removing crc16.o(i.crc16_ccitt_false_stream_check), (76 bytes).
    Removing crc16.o(i.crc16_modbus_check), (52 bytes).
    Removing crc16.o(i.crc16_modbus_stream_check), (76 bytes).
    Removing crc16.o(i.crc16_modem_check), (36 bytes).
    Removing crc16.o(i.crc16_modem_stream_check), (104 bytes).
    Removing crc16.o(i.crc16_usb_check), (52 bytes).
    Removing crc16.o(i.crc16_usb_stream_check), (84 bytes).
    Removing crc16.o(.constdata), (576 bytes).
    Removing crc32.o(i.crc32_check), (52 bytes).
    Removing crc32.o(i.crc32_ieee802_3_check), (60 bytes).
    Removing crc32.o(i.crc32_ieee802_3_stream_check), (72 bytes).
    Removing crc32.o(i.crc32_stream_check), (84 bytes).
    Removing crc32.o(.constdata), (128 bytes).
    Removing es_simple_frame.o(i.es_simple_frame_init), (68 bytes).
    Removing es_simple_frame.o(i.es_simple_frame_task), (502 bytes).
    Removing random.o(i.get_random_u16), (24 bytes).
    Removing random.o(i.reset_random), (16 bytes).
    Removing random.o(i.set_random_seed), (16 bytes).
    Removing random.o(.app_ram_noinit), (2 bytes).
    Removing epool.o(i.pool_add_heap), (74 bytes).
    Removing epool.o(i.pool_free), (44 bytes).
    Removing epool.o(i.pool_get_item_count_allocated), (26 bytes).
    Removing epool.o(i.pool_get_mutex), (8 bytes).
    Removing epool.o(i.pool_init), (16 bytes).
    Removing epool.o(i.pool_new), (54 bytes).
    Removing service.o(i.service_init), (4 bytes).
    Removing buttons_v2m-mps2.o(.rev16_text), (4 bytes).
    Removing buttons_v2m-mps2.o(.revsh_text), (4 bytes).
    Removing buttons_v2m-mps2.o(.rrx_text), (6 bytes).
    Removing buttons_v2m-mps2.o(i.Buttons_GetCount), (4 bytes).
    Removing buttons_v2m-mps2.o(i.Buttons_GetState), (16 bytes).
    Removing buttons_v2m-mps2.o(i.Buttons_Uninitialize), (4 bytes).
    Removing glcd_fonts.o(.constdata), (896 bytes).
    Removing glcd_fonts.o(.constdata), (5376 bytes).
    Removing glcd_fonts.o(.constdata), (16 bytes).
    Removing glcd_fonts.o(.constdata), (16 bytes).
    Removing glcd_v2m-mps2.o(.rev16_text), (4 bytes).
    Removing glcd_v2m-mps2.o(.revsh_text), (4 bytes).
    Removing glcd_v2m-mps2.o(.rrx_text), (6 bytes).
    Removing glcd_v2m-mps2.o(i.GLCD_ClearScreen), (120 bytes).
    Removing glcd_v2m-mps2.o(i.GLCD_DrawBargraph), (232 bytes).
    Removing glcd_v2m-mps2.o(i.GLCD_DrawBitmap), (144 bytes).
    Removing glcd_v2m-mps2.o(i.GLCD_DrawChar), (232 bytes).
    Removing glcd_v2m-mps2.o(i.GLCD_DrawHLine), (116 bytes).
    Removing glcd_v2m-mps2.o(i.GLCD_DrawPixel), (144 bytes).
    Removing glcd_v2m-mps2.o(i.GLCD_DrawRectangle), (52 bytes).
    Removing glcd_v2m-mps2.o(i.GLCD_DrawString), (260 bytes).
    Removing glcd_v2m-mps2.o(i.GLCD_DrawVLine), (120 bytes).
    Removing glcd_v2m-mps2.o(i.GLCD_FrameBufferAccess), (50 bytes).
    Removing glcd_v2m-mps2.o(i.GLCD_FrameBufferAddress), (4 bytes).
    Removing glcd_v2m-mps2.o(i.GLCD_Initialize), (1044 bytes).
    Removing glcd_v2m-mps2.o(i.GLCD_SetBackgroundColor), (12 bytes).
    Removing glcd_v2m-mps2.o(i.GLCD_SetFont), (12 bytes).
    Removing glcd_v2m-mps2.o(i.GLCD_SetForegroundColor), (12 bytes).
    Removing glcd_v2m-mps2.o(i.GLCD_SetWindow), (140 bytes).
    Removing glcd_v2m-mps2.o(i.GLCD_Uninitialize), (4 bytes).
    Removing glcd_v2m-mps2.o(i.GLCD_VScroll), (6 bytes).
    Removing glcd_v2m-mps2.o(i.wr_cmd), (72 bytes).
    Removing glcd_v2m-mps2.o(i.wr_dat), (72 bytes).
    Removing glcd_v2m-mps2.o(.data), (8 bytes).
    Removing led_v2m-mps2.o(.rev16_text), (4 bytes).
    Removing led_v2m-mps2.o(.revsh_text), (4 bytes).
    Removing led_v2m-mps2.o(.rrx_text), (6 bytes).
    Removing led_v2m-mps2.o(i.LED_GetCount), (4 bytes).
    Removing led_v2m-mps2.o(i.LED_Off), (28 bytes).
    Removing led_v2m-mps2.o(i.LED_On), (28 bytes).
    Removing led_v2m-mps2.o(i.LED_SetOut), (16 bytes).
    Removing led_v2m-mps2.o(i.LED_Uninitialize), (4 bytes).
    Removing touch_v2m-mps2.o(.rev16_text), (4 bytes).
    Removing touch_v2m-mps2.o(.revsh_text), (4 bytes).
    Removing touch_v2m-mps2.o(.rrx_text), (6 bytes).
    Removing touch_v2m-mps2.o(i.I2C_MasterTransmit), (200 bytes).
    Removing touch_v2m-mps2.o(i.I2C_clear), (184 bytes).
    Removing touch_v2m-mps2.o(i.I2C_rx), (384 bytes).
    Removing touch_v2m-mps2.o(i.I2C_rxAck), (120 bytes).
    Removing touch_v2m-mps2.o(i.I2C_rxBit), (120 bytes).
    Removing touch_v2m-mps2.o(i.I2C_rxByte), (128 bytes).
    Removing touch_v2m-mps2.o(i.I2C_tx), (180 bytes).
    Removing touch_v2m-mps2.o(i.I2C_txAck), (120 bytes).
    Removing touch_v2m-mps2.o(i.I2C_txBit), (120 bytes).
    Removing touch_v2m-mps2.o(i.I2C_txByte), (120 bytes).
    Removing touch_v2m-mps2.o(i.I2C_txStart), (144 bytes).
    Removing touch_v2m-mps2.o(i.I2C_txStop), (144 bytes).
    Removing touch_v2m-mps2.o(i.Touch_GetState), (232 bytes).
    Removing touch_v2m-mps2.o(i.Touch_Initialize), (468 bytes).
    Removing touch_v2m-mps2.o(i.Touch_Uninitialize), (40 bytes).
    Removing usart_v2m-mps2.o(.rev16_text), (4 bytes).
    Removing usart_v2m-mps2.o(.revsh_text), (4 bytes).
    Removing usart_v2m-mps2.o(.rrx_text), (6 bytes).
    Removing retarget_io.o(i.__aeabi_assert), (160 bytes).
    Removing retarget_io.o(i.__backspace), (6 bytes).
    Removing retarget_io.o(i.abort), (2 bytes).
    Removing retarget_io.o(i.fgetc), (6 bytes).
    Removing startup_cmsdk_cm7.o(HEAP), (3072 bytes).
    Removing system_cmsdk_cm7.o(.rev16_text), (4 bytes).
    Removing system_cmsdk_cm7.o(.revsh_text), (4 bytes).
    Removing system_cmsdk_cm7.o(.rrx_text), (6 bytes).
    Removing dadd.o(.text), (334 bytes).
    Removing dmul.o(.text), (228 bytes).
    Removing ddiv.o(.text), (222 bytes).
    Removing dfixul.o(.text), (48 bytes).
    Removing cdrcmple.o(.text), (48 bytes).
    Removing depilogue.o(.text), (186 bytes).

159 unused section(s) (total 23747 bytes) removed from the image.

==============================================================================

Image Symbol Table

    Local Symbols

    Symbol Name                              Value     Ov Type        Size  Object(Section)

    RESET                                    0x00000000   Section      192  startup_cmsdk_cm7.o(RESET)
    ../clib/microlib/division.c              0x00000000   Number         0  uidiv.o ABSOLUTE
    ../clib/microlib/division.c              0x00000000   Number         0  uldiv.o ABSOLUTE
    ../clib/microlib/init/entry.s            0x00000000   Number         0  entry11a.o ABSOLUTE
    ../clib/microlib/init/entry.s            0x00000000   Number         0  entry10a.o ABSOLUTE
    ../clib/microlib/init/entry.s            0x00000000   Number         0  entry10b.o ABSOLUTE
    ../clib/microlib/init/entry.s            0x00000000   Number         0  entry9b.o ABSOLUTE
    ../clib/microlib/init/entry.s            0x00000000   Number         0  entry.o ABSOLUTE
    ../clib/microlib/init/entry.s            0x00000000   Number         0  entry8b.o ABSOLUTE
    ../clib/microlib/init/entry.s            0x00000000   Number         0  entry9a.o ABSOLUTE
    ../clib/microlib/init/entry.s            0x00000000   Number         0  entry8a.o ABSOLUTE
    ../clib/microlib/init/entry.s            0x00000000   Number         0  entry7b.o ABSOLUTE
    ../clib/microlib/init/entry.s            0x00000000   Number         0  entry7a.o ABSOLUTE
    ../clib/microlib/init/entry.s            0x00000000   Number         0  entry5.o ABSOLUTE
    ../clib/microlib/init/entry.s            0x00000000   Number         0  entry2.o ABSOLUTE
    ../clib/microlib/init/entry.s            0x00000000   Number         0  entry11b.o ABSOLUTE
    ../clib/microlib/longlong.c              0x00000000   Number         0  llsshr.o ABSOLUTE
    ../clib/microlib/longlong.c              0x00000000   Number         0  llushr.o ABSOLUTE
    ../clib/microlib/longlong.c              0x00000000   Number         0  llshl.o ABSOLUTE
    ../clib/microlib/printf/printf.c         0x00000000   Number         0  printf7.o ABSOLUTE
    ../clib/microlib/printf/printf.c         0x00000000   Number         0  printf6.o ABSOLUTE
    ../clib/microlib/printf/printf.c         0x00000000   Number         0  printf5.o ABSOLUTE
    ../clib/microlib/printf/printf.c         0x00000000   Number         0  printf1.o ABSOLUTE
    ../clib/microlib/printf/printf.c         0x00000000   Number         0  printf3.o ABSOLUTE
    ../clib/microlib/printf/printf.c         0x00000000   Number         0  printf2.o ABSOLUTE
    ../clib/microlib/printf/printf.c         0x00000000   Number         0  printf8.o ABSOLUTE
    ../clib/microlib/printf/printf.c         0x00000000   Number         0  printf4.o ABSOLUTE
    ../clib/microlib/printf/printf.c         0x00000000   Number         0  printf0.o ABSOLUTE
    ../clib/microlib/printf/printf.c         0x00000000   Number         0  printfb.o ABSOLUTE
    ../clib/microlib/printf/printf.c         0x00000000   Number         0  printfa.o ABSOLUTE
    ../clib/microlib/printf/stubs.s          0x00000000   Number         0  stubs.o ABSOLUTE
    ../clib/microlib/stdio/fputs.c           0x00000000   Number         0  fputs.o ABSOLUTE
    ../clib/microlib/stdio/fputs.c           0x00000000   Number         0  fputs_e.o ABSOLUTE
    ../clib/microlib/stdio/streams.c         0x00000000   Number         0  stdout.o ABSOLUTE
    ../clib/microlib/stdio/streams.c         0x00000000   Number         0  stderr.o ABSOLUTE
    ../clib/microlib/string/memset.c         0x00000000   Number         0  memseta.o ABSOLUTE
    ../clib/microlib/stubs.s                 0x00000000   Number         0  iusefp.o ABSOLUTE
    ../fplib/microlib/fpadd.c                0x00000000   Number         0  dadd.o ABSOLUTE
    ../fplib/microlib/fpdiv.c                0x00000000   Number         0  ddiv.o ABSOLUTE
    ../fplib/microlib/fpepilogue.c           0x00000000   Number         0  depilogue.o ABSOLUTE
    ../fplib/microlib/fpfix.c                0x00000000   Number         0  dfixul.o ABSOLUTE
    ../fplib/microlib/fpmul.c                0x00000000   Number         0  dmul.o ABSOLUTE
    ..\..\..\sources\gmsi\gmsi.c             0x00000000   Number         0  gmsi.o ABSOLUTE
    ..\..\..\sources\gmsi\hal\bsp\bsp.c      0x00000000   Number         0  bsp.o ABSOLUTE
    ..\..\..\sources\gmsi\hal\component\bootloader\bootloader.c 0x00000000   Number         0  bootloader.o ABSOLUTE
    ..\..\..\sources\gmsi\hal\component\component.c 0x00000000   Number         0  component.o ABSOLUTE
    ..\..\..\sources\gmsi\hal\component\key\key.c 0x00000000   Number         0  key.o ABSOLUTE
    ..\..\..\sources\gmsi\hal\component\key\key_queue\key_queue.c 0x00000000   Number         0  key_queue.o ABSOLUTE
    ..\..\..\sources\gmsi\hal\component\memory\mal\mal.c 0x00000000   Number         0  mal.o ABSOLUTE
    ..\..\..\sources\gmsi\hal\component\memory\mal\sdf_w25qxxx\sdf_w25qxxx.c 0x00000000   Number         0  sdf_w25qxxx.o ABSOLUTE
    ..\..\..\sources\gmsi\hal\component\memory\mal\sram\sram.c 0x00000000   Number         0  sram.o ABSOLUTE
    ..\..\..\sources\gmsi\hal\component\memory\page\page.c 0x00000000   Number         0  page.o ABSOLUTE
    ..\..\..\sources\gmsi\hal\component\sw_sdio\sw_sdio.c 0x00000000   Number         0  sw_sdio.o ABSOLUTE
    ..\..\..\sources\gmsi\hal\hal.c          0x00000000   Number         0  hal.o ABSOLUTE
    ..\..\..\sources\gmsi\service\communication\crc\crc.c 0x00000000   Number         0  crc.o ABSOLUTE
    ..\..\..\sources\gmsi\service\communication\crc\crc16.c 0x00000000   Number         0  crc16.o ABSOLUTE
    ..\..\..\sources\gmsi\service\communication\crc\crc32.c 0x00000000   Number         0  crc32.o ABSOLUTE
    ..\..\..\sources\gmsi\service\communication\crc\crc7.c 0x00000000   Number         0  crc7.o ABSOLUTE
    ..\..\..\sources\gmsi\service\communication\crc\crc8.c 0x00000000   Number         0  crc8.o ABSOLUTE
    ..\..\..\sources\gmsi\service\communication\frame\es_simple_frame\es_simple_frame.c 0x00000000   Number         0  es_simple_frame.o ABSOLUTE
    ..\..\..\sources\gmsi\service\communication\xmodem\xmodem.c 0x00000000   Number         0  xmodem.o ABSOLUTE
    ..\..\..\sources\gmsi\service\encryption\random\random.c 0x00000000   Number         0  random.o ABSOLUTE
    ..\..\..\sources\gmsi\service\memory\epool\epool.c 0x00000000   Number         0  epool.o ABSOLUTE
    ..\..\..\sources\gmsi\service\memory\memory.c 0x00000000   Number         0  memory.o ABSOLUTE
    ..\..\..\sources\gmsi\service\scheduler\scheduler.c 0x00000000   Number         0  scheduler.o ABSOLUTE
    ..\..\..\sources\gmsi\service\scheduler\shell.c 0x00000000   Number         0  shell.o ABSOLUTE
    ..\..\..\sources\gmsi\service\scheduler\task.c 0x00000000   Number         0  task.o ABSOLUTE
    ..\..\..\sources\gmsi\service\service.c  0x00000000   Number         0  service.o ABSOLUTE
    ..\..\..\sources\gmsi\utilities\arm\signal.c 0x00000000   Number         0  signal.o ABSOLUTE
    ..\..\..\sources\gmsi\utilities\ooc.c    0x00000000   Number         0  ooc.o ABSOLUTE
    ..\..\Blinky.c                           0x00000000   Number         0  blinky.o ABSOLUTE
    ..\..\stdout_USART.c                     0x00000000   Number         0  stdout_usart.o ABSOLUTE
    ..\\..\\Blinky.c                         0x00000000   Number         0  blinky.o ABSOLUTE
    C:\Keil_v5\ARM\PACK\Keil\ARM_Compiler\1.3.1\Source\retarget_io.c 0x00000000   Number         0  retarget_io.o ABSOLUTE
    C:\Keil_v5\ARM\PACK\Keil\V2M-MPS2_CMx_BSP\1.6.0\Boards\ARM\V2M-MPS2\Common\Buttons_V2M-MPS2.c 0x00000000   Number         0  buttons_v2m-mps2.o ABSOLUTE
    C:\Keil_v5\ARM\PACK\Keil\V2M-MPS2_CMx_BSP\1.6.0\Boards\ARM\V2M-MPS2\Common\GLCD_Fonts.c 0x00000000   Number         0  glcd_fonts.o ABSOLUTE
    C:\Keil_v5\ARM\PACK\Keil\V2M-MPS2_CMx_BSP\1.6.0\Boards\ARM\V2M-MPS2\Common\GLCD_V2M-MPS2.c 0x00000000   Number         0  glcd_v2m-mps2.o ABSOLUTE
    C:\Keil_v5\ARM\PACK\Keil\V2M-MPS2_CMx_BSP\1.6.0\Boards\ARM\V2M-MPS2\Common\LED_V2M-MPS2.c 0x00000000   Number         0  led_v2m-mps2.o ABSOLUTE
    C:\Keil_v5\ARM\PACK\Keil\V2M-MPS2_CMx_BSP\1.6.0\Boards\ARM\V2M-MPS2\Common\Touch_V2M-MPS2.c 0x00000000   Number         0  touch_v2m-mps2.o ABSOLUTE
    C:\Keil_v5\ARM\PACK\Keil\V2M-MPS2_CMx_BSP\1.6.0\CMSIS\Driver\USART_V2M-MPS2.c 0x00000000   Number         0  usart_v2m-mps2.o ABSOLUTE
    C:\\Keil_v5\\ARM\\PACK\\Keil\\V2M-MPS2_CMx_BSP\\1.6.0\\Boards\\ARM\\V2M-MPS2\\Common\\Buttons_V2M-MPS2.c 0x00000000   Number         0  buttons_v2m-mps2.o ABSOLUTE
    C:\\Keil_v5\\ARM\\PACK\\Keil\\V2M-MPS2_CMx_BSP\\1.6.0\\Boards\\ARM\\V2M-MPS2\\Common\\GLCD_V2M-MPS2.c 0x00000000   Number         0  glcd_v2m-mps2.o ABSOLUTE
    C:\\Keil_v5\\ARM\\PACK\\Keil\\V2M-MPS2_CMx_BSP\\1.6.0\\Boards\\ARM\\V2M-MPS2\\Common\\LED_V2M-MPS2.c 0x00000000   Number         0  led_v2m-mps2.o ABSOLUTE
    C:\\Keil_v5\\ARM\\PACK\\Keil\\V2M-MPS2_CMx_BSP\\1.6.0\\Boards\\ARM\\V2M-MPS2\\Common\\Touch_V2M-MPS2.c 0x00000000   Number         0  touch_v2m-mps2.o ABSOLUTE
    C:\\Keil_v5\\ARM\\PACK\\Keil\\V2M-MPS2_CMx_BSP\\1.6.0\\CMSIS\\Driver\\USART_V2M-MPS2.c 0x00000000   Number         0  usart_v2m-mps2.o ABSOLUTE
    RTE\Device\CMSDK_CM7_SP\startup_CMSDK_CM7.s 0x00000000   Number         0  startup_cmsdk_cm7.o ABSOLUTE
    RTE\Device\CMSDK_CM7_SP\system_CMSDK_CM7.c 0x00000000   Number         0  system_cmsdk_cm7.o ABSOLUTE
    RTE\\Device\\CMSDK_CM7_SP\\system_CMSDK_CM7.c 0x00000000   Number         0  system_cmsdk_cm7.o ABSOLUTE
    cdrcmple.s                               0x00000000   Number         0  cdrcmple.o ABSOLUTE
    dc.s                                     0x00000000   Number         0  dc.o ABSOLUTE
    handlers.s                               0x00000000   Number         0  handlers.o ABSOLUTE
    init.s                                   0x00000000   Number         0  init.o ABSOLUTE
    .ARM.Collect$$$$00000000                 0x000000c0   Section        0  entry.o(.ARM.Collect$$$$00000000)
    .ARM.Collect$$$$00000001                 0x000000c0   Section        4  entry2.o(.ARM.Collect$$$$00000001)
    .ARM.Collect$$$$00000004                 0x000000c4   Section        4  entry5.o(.ARM.Collect$$$$00000004)
    .ARM.Collect$$$$00000008                 0x000000c8   Section        0  entry7b.o(.ARM.Collect$$$$00000008)
    .ARM.Collect$$$$0000000A                 0x000000c8   Section        0  entry8b.o(.ARM.Collect$$$$0000000A)
    .ARM.Collect$$$$0000000B                 0x000000c8   Section        8  entry9a.o(.ARM.Collect$$$$0000000B)
    .ARM.Collect$$$$0000000D                 0x000000d0   Section        0  entry10a.o(.ARM.Collect$$$$0000000D)
    .ARM.Collect$$$$0000000F                 0x000000d0   Section        0  entry11a.o(.ARM.Collect$$$$0000000F)
    .ARM.Collect$$$$00002712                 0x000000d0   Section        4  entry2.o(.ARM.Collect$$$$00002712)
    __lit__00000000                          0x000000d0   Data           4  entry2.o(.ARM.Collect$$$$00002712)
    .text                                    0x000000d4   Section       36  startup_cmsdk_cm7.o(.text)
    $v0                                      0x000000d4   Number         0  startup_cmsdk_cm7.o(.text)
    .text                                    0x000000f8   Section        0  uldiv.o(.text)
    .text                                    0x0000015c   Section       36  init.o(.text)
    .text                                    0x00000180   Section        0  llshl.o(.text)
    .text                                    0x0000019e   Section        0  llushr.o(.text)
    i.Buttons_Initialize                     0x000001be   Section        0  buttons_v2m-mps2.o(i.Buttons_Initialize)
    i.LED_Initialize                         0x000001c4   Section        0  led_v2m-mps2.o(i.LED_Initialize)
    i.SysTick_Handler                        0x000001d0   Section        0  blinky.o(i.SysTick_Handler)
    i.SystemCoreClockUpdate                  0x000001e0   Section        0  system_cmsdk_cm7.o(i.SystemCoreClockUpdate)
    i.SystemInit                             0x000001f0   Section        0  system_cmsdk_cm7.o(i.SystemInit)
    i.UART0RX_Handler                        0x00000210   Section        0  usart_v2m-mps2.o(i.UART0RX_Handler)
    i.UART0TX_Handler                        0x0000026c   Section        0  usart_v2m-mps2.o(i.UART0TX_Handler)
    i.USART0_Control                         0x000002c0   Section        0  usart_v2m-mps2.o(i.USART0_Control)
    USART0_Control                           0x000002c1   Thumb Code   290  usart_v2m-mps2.o(i.USART0_Control)
    i.USART0_GetCapabilities                 0x000003ec   Section        0  usart_v2m-mps2.o(i.USART0_GetCapabilities)
    USART0_GetCapabilities                   0x000003ed   Thumb Code     6  usart_v2m-mps2.o(i.USART0_GetCapabilities)
    i.USART0_GetModemStatus                  0x000003f8   Section        0  usart_v2m-mps2.o(i.USART0_GetModemStatus)
    USART0_GetModemStatus                    0x000003f9   Thumb Code    52  usart_v2m-mps2.o(i.USART0_GetModemStatus)
    i.USART0_GetRxCount                      0x0000042c   Section        0  usart_v2m-mps2.o(i.USART0_GetRxCount)
    USART0_GetRxCount                        0x0000042d   Thumb Code     6  usart_v2m-mps2.o(i.USART0_GetRxCount)
    i.USART0_GetStatus                       0x00000438   Section        0  usart_v2m-mps2.o(i.USART0_GetStatus)
    USART0_GetStatus                         0x00000439   Thumb Code   114  usart_v2m-mps2.o(i.USART0_GetStatus)
    i.USART0_GetTxCount                      0x000004b0   Section        0  usart_v2m-mps2.o(i.USART0_GetTxCount)
    USART0_GetTxCount                        0x000004b1   Thumb Code     6  usart_v2m-mps2.o(i.USART0_GetTxCount)
    i.USART0_Initialize                      0x000004bc   Section        0  usart_v2m-mps2.o(i.USART0_Initialize)
    USART0_Initialize                        0x000004bd   Thumb Code   124  usart_v2m-mps2.o(i.USART0_Initialize)
    i.USART0_PowerControl                    0x0000053c   Section        0  usart_v2m-mps2.o(i.USART0_PowerControl)
    USART0_PowerControl                      0x0000053d   Thumb Code   234  usart_v2m-mps2.o(i.USART0_PowerControl)
    i.USART0_Receive                         0x0000062c   Section        0  usart_v2m-mps2.o(i.USART0_Receive)
    USART0_Receive                           0x0000062d   Thumb Code   108  usart_v2m-mps2.o(i.USART0_Receive)
    i.USART0_Send                            0x0000069c   Section        0  usart_v2m-mps2.o(i.USART0_Send)
    USART0_Send                              0x0000069d   Thumb Code   112  usart_v2m-mps2.o(i.USART0_Send)
    i.USART0_SetModemControl                 0x00000710   Section        0  usart_v2m-mps2.o(i.USART0_SetModemControl)
    USART0_SetModemControl                   0x00000711   Thumb Code     6  usart_v2m-mps2.o(i.USART0_SetModemControl)
    i.USART0_Transfer                        0x00000716   Section        0  usart_v2m-mps2.o(i.USART0_Transfer)
    USART0_Transfer                          0x00000717   Thumb Code     6  usart_v2m-mps2.o(i.USART0_Transfer)
    i.USART0_Uninitialize                    0x0000071c   Section        0  usart_v2m-mps2.o(i.USART0_Uninitialize)
    USART0_Uninitialize                      0x0000071d   Thumb Code    66  usart_v2m-mps2.o(i.USART0_Uninitialize)
    i.USARTx_GetVersion                      0x00000764   Section        0  usart_v2m-mps2.o(i.USARTx_GetVersion)
    USARTx_GetVersion                        0x00000765   Thumb Code     6  usart_v2m-mps2.o(i.USARTx_GetVersion)
    i.__0printf$8                            0x00000770   Section        0  printf8.o(i.__0printf$8)
    i.__scatterload_copy                     0x00000790   Section       14  handlers.o(i.__scatterload_copy)
    i.__scatterload_null                     0x0000079e   Section        2  handlers.o(i.__scatterload_null)
    i.__scatterload_zeroinit                 0x000007a0   Section       14  handlers.o(i.__scatterload_zeroinit)
    i._printf_core                           0x000007b0   Section        0  printf8.o(i._printf_core)
    _printf_core                             0x000007b1   Thumb Code   996  printf8.o(i._printf_core)
    i._printf_post_padding                   0x00000bc0   Section        0  printf8.o(i._printf_post_padding)
    _printf_post_padding                     0x00000bc1   Thumb Code    36  printf8.o(i._printf_post_padding)
    i._printf_pre_padding                    0x00000be4   Section        0  printf8.o(i._printf_pre_padding)
    _printf_pre_padding                      0x00000be5   Thumb Code    46  printf8.o(i._printf_pre_padding)
    i.fputc                                  0x00000c14   Section        0  retarget_io.o(i.fputc)
    i.main                                   0x00000c28   Section        0  blinky.o(i.main)
    i.stdout_init                            0x00000c9c   Section        0  stdout_usart.o(i.stdout_init)
    i.stdout_putchar                         0x00000cd4   Section        0  stdout_usart.o(i.stdout_putchar)
    .constdata                               0x00000d00   Section       32  usart_v2m-mps2.o(.constdata)
    usart_driver_version                     0x00000d00   Data           4  usart_v2m-mps2.o(.constdata)
    USART0_Resources                         0x00000d04   Data          28  usart_v2m-mps2.o(.constdata)
    .constdata                               0x00000d20   Section       56  usart_v2m-mps2.o(.constdata)
    .data                                    0x20000000   Section        8  blinky.o(.data)
    wValue                                   0x20000000   Data           2  blinky.o(.data)
    s_wMSTicks                               0x20000004   Data           4  blinky.o(.data)
    .data                                    0x20000008   Section        8  usart_v2m-mps2.o(.data)
    USART0_Info                              0x20000008   Data           8  usart_v2m-mps2.o(.data)
    .data                                    0x20000010   Section        8  usart_v2m-mps2.o(.data)
    USART0_pin_rx                            0x20000010   Data           8  usart_v2m-mps2.o(.data)
    .data                                    0x20000018   Section        8  usart_v2m-mps2.o(.data)
    USART0_pin_tx                            0x20000018   Data           8  usart_v2m-mps2.o(.data)
    .data                                    0x20000020   Section        4  system_cmsdk_cm7.o(.data)
    .data                                    0x20000024   Section        4  stdout.o(.data)
    .bss                                     0x20000028   Section       24  usart_v2m-mps2.o(.bss)
    USART0_TransferInfo                      0x20000028   Data          24  usart_v2m-mps2.o(.bss)
    STACK                                    0x20000040   Section     1024  startup_cmsdk_cm7.o(STACK)

    Global Symbols

    Symbol Name                              Value     Ov Type        Size  Object(Section)

    BuildAttributes$$THM_ISAv4$E$P$D$K$B$S$7EM$VFPi5$EXTD16$VFPS$VFMA$PE$PLD8$A:L22UL41UL21$X:L11$S22US41US21$IEEE1$IW$USESV6$~STKCKD$USESV7$~SHL$OTIME$ROPI$EBA8$MICROLIB$REQ8$PRES8$EABIv2 0x00000000   Number         0  anon$$obj.o ABSOLUTE
    __ARM_use_no_argv                        0x00000000   Number         0  blinky.o ABSOLUTE
    __Vectors                                0x00000000   Data           4  startup_cmsdk_cm7.o(RESET)
    _printf_a                                0x00000000   Number         0  stubs.o ABSOLUTE
    _printf_c                                0x00000000   Number         0  stubs.o ABSOLUTE
    _printf_charcount                        0x00000000   Number         0  stubs.o ABSOLUTE
    _printf_d                                0x00000000   Number         0  stubs.o ABSOLUTE
    _printf_e                                0x00000000   Number         0  stubs.o ABSOLUTE
    _printf_f                                0x00000000   Number         0  stubs.o ABSOLUTE
    _printf_flags                            0x00000000   Number         0  stubs.o ABSOLUTE
    _printf_fp_dec                           0x00000000   Number         0  stubs.o ABSOLUTE
    _printf_fp_hex                           0x00000000   Number         0  stubs.o ABSOLUTE
    _printf_g                                0x00000000   Number         0  stubs.o ABSOLUTE
    _printf_i                                0x00000000   Number         0  stubs.o ABSOLUTE
    _printf_int_dec                          0x00000000   Number         0  stubs.o ABSOLUTE
    _printf_l                                0x00000000   Number         0  stubs.o ABSOLUTE
    _printf_lc                               0x00000000   Number         0  stubs.o ABSOLUTE
    _printf_ll                               0x00000000   Number         0  stubs.o ABSOLUTE
    _printf_lld                              0x00000000   Number         0  stubs.o ABSOLUTE
    _printf_lli                              0x00000000   Number         0  stubs.o ABSOLUTE
    _printf_llo                              0x00000000   Number         0  stubs.o ABSOLUTE
    _printf_llu                              0x00000000   Number         0  stubs.o ABSOLUTE
    _printf_llx                              0x00000000   Number         0  stubs.o ABSOLUTE
    _printf_longlong_dec                     0x00000000   Number         0  stubs.o ABSOLUTE
    _printf_longlong_hex                     0x00000000   Number         0  stubs.o ABSOLUTE
    _printf_longlong_oct                     0x00000000   Number         0  stubs.o ABSOLUTE
    _printf_ls                               0x00000000   Number         0  stubs.o ABSOLUTE
    _printf_mbtowc                           0x00000000   Number         0  stubs.o ABSOLUTE
    _printf_n                                0x00000000   Number         0  stubs.o ABSOLUTE
    _printf_o                                0x00000000   Number         0  stubs.o ABSOLUTE
    _printf_p                                0x00000000   Number         0  stubs.o ABSOLUTE
    _printf_percent                          0x00000000   Number         0  stubs.o ABSOLUTE
    _printf_pre_padding                      0x00000000   Number         0  stubs.o ABSOLUTE
    _printf_return_value                     0x00000000   Number         0  stubs.o ABSOLUTE
    _printf_s                                0x00000000   Number         0  stubs.o ABSOLUTE
    _printf_sizespec                         0x00000000   Number         0  stubs.o ABSOLUTE
    _printf_str                              0x00000000   Number         0  stubs.o ABSOLUTE
    _printf_truncate_signed                  0x00000000   Number         0  stubs.o ABSOLUTE
    _printf_truncate_unsigned                0x00000000   Number         0  stubs.o ABSOLUTE
    _printf_u                                0x00000000   Number         0  stubs.o ABSOLUTE
    _printf_wc                               0x00000000   Number         0  stubs.o ABSOLUTE
    _printf_wctomb                           0x00000000   Number         0  stubs.o ABSOLUTE
    _printf_widthprec                        0x00000000   Number         0  stubs.o ABSOLUTE
    _printf_x                                0x00000000   Number         0  stubs.o ABSOLUTE
    __cpp_initialize__aeabi_                  - Undefined Weak Reference
    __cxa_finalize                            - Undefined Weak Reference
    __decompress                              - Undefined Weak Reference
    _clock_init                               - Undefined Weak Reference
    _microlib_exit                            - Undefined Weak Reference
    __Vectors_End                            0x000000c0   Data           0  startup_cmsdk_cm7.o(RESET)
    __Vectors_Size                           0x000000c0   Number         0  startup_cmsdk_cm7.o ABSOLUTE
    __main                                   0x000000c1   Thumb Code     0  entry.o(.ARM.Collect$$$$00000000)
    _main_stk                                0x000000c1   Thumb Code     0  entry2.o(.ARM.Collect$$$$00000001)
    _main_scatterload                        0x000000c5   Thumb Code     0  entry5.o(.ARM.Collect$$$$00000004)
    __main_after_scatterload                 0x000000c9   Thumb Code     0  entry5.o(.ARM.Collect$$$$00000004)
    _main_clock                              0x000000c9   Thumb Code     0  entry7b.o(.ARM.Collect$$$$00000008)
    _main_cpp_init                           0x000000c9   Thumb Code     0  entry8b.o(.ARM.Collect$$$$0000000A)
    _main_init                               0x000000c9   Thumb Code     0  entry9a.o(.ARM.Collect$$$$0000000B)
    __rt_final_cpp                           0x000000d1   Thumb Code     0  entry10a.o(.ARM.Collect$$$$0000000D)
    __rt_final_exit                          0x000000d1   Thumb Code     0  entry11a.o(.ARM.Collect$$$$0000000F)
    Reset_Handler                            0x000000d5   Thumb Code     8  startup_cmsdk_cm7.o(.text)
    NMI_Handler                              0x000000dd   Thumb Code     2  startup_cmsdk_cm7.o(.text)
    HardFault_Handler                        0x000000df   Thumb Code     2  startup_cmsdk_cm7.o(.text)
    MemManage_Handler                        0x000000e1   Thumb Code     2  startup_cmsdk_cm7.o(.text)
    BusFault_Handler                         0x000000e3   Thumb Code     2  startup_cmsdk_cm7.o(.text)
    UsageFault_Handler                       0x000000e5   Thumb Code     2  startup_cmsdk_cm7.o(.text)
    SVC_Handler                              0x000000e7   Thumb Code     2  startup_cmsdk_cm7.o(.text)
    DebugMon_Handler                         0x000000e9   Thumb Code     2  startup_cmsdk_cm7.o(.text)
    PendSV_Handler                           0x000000eb   Thumb Code     2  startup_cmsdk_cm7.o(.text)
    DUALTIMER_Handler                        0x000000ef   Thumb Code     0  startup_cmsdk_cm7.o(.text)
    ETHERNET_Handler                         0x000000ef   Thumb Code     0  startup_cmsdk_cm7.o(.text)
    GPIO0ALL_Handler                         0x000000ef   Thumb Code     0  startup_cmsdk_cm7.o(.text)
    GPIO0_0_Handler                          0x000000ef   Thumb Code     0  startup_cmsdk_cm7.o(.text)
    GPIO0_1_Handler                          0x000000ef   Thumb Code     0  startup_cmsdk_cm7.o(.text)
    GPIO0_2_Handler                          0x000000ef   Thumb Code     0  startup_cmsdk_cm7.o(.text)
    GPIO0_3_Handler                          0x000000ef   Thumb Code     0  startup_cmsdk_cm7.o(.text)
    GPIO0_4_Handler                          0x000000ef   Thumb Code     0  startup_cmsdk_cm7.o(.text)
    GPIO0_5_Handler                          0x000000ef   Thumb Code     0  startup_cmsdk_cm7.o(.text)
    GPIO0_6_Handler                          0x000000ef   Thumb Code     0  startup_cmsdk_cm7.o(.text)
    GPIO0_7_Handler                          0x000000ef   Thumb Code     0  startup_cmsdk_cm7.o(.text)
    GPIO1ALL_Handler                         0x000000ef   Thumb Code     0  startup_cmsdk_cm7.o(.text)
    GPIO2_Handler                            0x000000ef   Thumb Code     0  startup_cmsdk_cm7.o(.text)
    GPIO3_Handler                            0x000000ef   Thumb Code     0  startup_cmsdk_cm7.o(.text)
    I2S_Handler                              0x000000ef   Thumb Code     0  startup_cmsdk_cm7.o(.text)
    SPI_0_1_Handler                          0x000000ef   Thumb Code     0  startup_cmsdk_cm7.o(.text)
    SPI_2_Handler                            0x000000ef   Thumb Code     0  startup_cmsdk_cm7.o(.text)
    SPI_3_4_Handler                          0x000000ef   Thumb Code     0  startup_cmsdk_cm7.o(.text)
    TIMER0_Handler                           0x000000ef   Thumb Code     0  startup_cmsdk_cm7.o(.text)
    TIMER1_Handler                           0x000000ef   Thumb Code     0  startup_cmsdk_cm7.o(.text)
    TOUCHSCREEN_Handler                      0x000000ef   Thumb Code     0  startup_cmsdk_cm7.o(.text)
    UART1RX_Handler                          0x000000ef   Thumb Code     0  startup_cmsdk_cm7.o(.text)
    UART1TX_Handler                          0x000000ef   Thumb Code     0  startup_cmsdk_cm7.o(.text)
    UART2RX_Handler                          0x000000ef   Thumb Code     0  startup_cmsdk_cm7.o(.text)
    UART2TX_Handler                          0x000000ef   Thumb Code     0  startup_cmsdk_cm7.o(.text)
    UART3RX_Handler                          0x000000ef   Thumb Code     0  startup_cmsdk_cm7.o(.text)
    UART3TX_Handler                          0x000000ef   Thumb Code     0  startup_cmsdk_cm7.o(.text)
    UART4RX_Handler                          0x000000ef   Thumb Code     0  startup_cmsdk_cm7.o(.text)
    UART4TX_Handler                          0x000000ef   Thumb Code     0  startup_cmsdk_cm7.o(.text)
    UART_0_1_2_OVF_Handler                   0x000000ef   Thumb Code     0  startup_cmsdk_cm7.o(.text)
    __aeabi_uldivmod                         0x000000f9   Thumb Code    98  uldiv.o(.text)
    __scatterload                            0x0000015d   Thumb Code    28  init.o(.text)
    __scatterload_rt2                        0x0000015d   Thumb Code     0  init.o(.text)
    __aeabi_llsl                             0x00000181   Thumb Code    30  llshl.o(.text)
    _ll_shift_l                              0x00000181   Thumb Code     0  llshl.o(.text)
    __aeabi_llsr                             0x0000019f   Thumb Code    32  llushr.o(.text)
    _ll_ushift_r                             0x0000019f   Thumb Code     0  llushr.o(.text)
    Buttons_Initialize                       0x000001bf   Thumb Code     4  buttons_v2m-mps2.o(i.Buttons_Initialize)
    LED_Initialize                           0x000001c5   Thumb Code     8  led_v2m-mps2.o(i.LED_Initialize)
    SysTick_Handler                          0x000001d1   Thumb Code    10  blinky.o(i.SysTick_Handler)
    SystemCoreClockUpdate                    0x000001e1   Thumb Code     8  system_cmsdk_cm7.o(i.SystemCoreClockUpdate)
    SystemInit                               0x000001f1   Thumb Code    18  system_cmsdk_cm7.o(i.SystemInit)
    UART0RX_Handler                          0x00000211   Thumb Code    88  usart_v2m-mps2.o(i.UART0RX_Handler)
    UART0TX_Handler                          0x0000026d   Thumb Code    80  usart_v2m-mps2.o(i.UART0TX_Handler)
    __0printf$8                              0x00000771   Thumb Code    22  printf8.o(i.__0printf$8)
    __1printf$8                              0x00000771   Thumb Code     0  printf8.o(i.__0printf$8)
    __2printf                                0x00000771   Thumb Code     0  printf8.o(i.__0printf$8)
    __scatterload_copy                       0x00000791   Thumb Code    14  handlers.o(i.__scatterload_copy)
    __scatterload_null                       0x0000079f   Thumb Code     2  handlers.o(i.__scatterload_null)
    __scatterload_zeroinit                   0x000007a1   Thumb Code    14  handlers.o(i.__scatterload_zeroinit)
    fputc                                    0x00000c15   Thumb Code    16  retarget_io.o(i.fputc)
    main                                     0x00000c29   Thumb Code    78  blinky.o(i.main)
    stdout_init                              0x00000c9d   Thumb Code    52  stdout_usart.o(i.stdout_init)
    stdout_putchar                           0x00000cd5   Thumb Code    40  stdout_usart.o(i.stdout_putchar)
    Driver_USART0                            0x00000d20   Data          56  usart_v2m-mps2.o(.constdata)
    Region$$Table$$Base                      0x00000d58   Number         0  anon$$obj.o(Region$$Table)
    Region$$Table$$Limit                     0x00000d78   Number         0  anon$$obj.o(Region$$Table)
    SystemCoreClock                          0x20000020   Data           4  system_cmsdk_cm7.o(.data)
    __stdout                                 0x20000024   Data           4  stdout.o(.data)
    __initial_sp                             0x20000440   Data           0  startup_cmsdk_cm7.o(STACK)



==============================================================================

Memory Map of the image

  Image Entry point : 0x000000c1

  Load Region LR_IROM1 (Base: 0x00000000, Size: 0x00000da0, Max: 0x00400000, ABSOLUTE)

    Execution Region ER_IROM1 (Exec base: 0x00000000, Load base: 0x00000000, Size: 0x00000d78, Max: 0x00400000, ABSOLUTE)

    Exec Addr    Load Addr    Size         Type   Attr      Idx    E Section Name        Object

    0x00000000   0x00000000   0x000000c0   Data   RO         4115    RESET               startup_cmsdk_cm7.o
    0x000000c0   0x000000c0   0x00000000   Code   RO         4156  * .ARM.Collect$$$$00000000  mc_w.l(entry.o)
    0x000000c0   0x000000c0   0x00000004   Code   RO         4428    .ARM.Collect$$$$00000001  mc_w.l(entry2.o)
    0x000000c4   0x000000c4   0x00000004   Code   RO         4431    .ARM.Collect$$$$00000004  mc_w.l(entry5.o)
    0x000000c8   0x000000c8   0x00000000   Code   RO         4433    .ARM.Collect$$$$00000008  mc_w.l(entry7b.o)
    0x000000c8   0x000000c8   0x00000000   Code   RO         4435    .ARM.Collect$$$$0000000A  mc_w.l(entry8b.o)
    0x000000c8   0x000000c8   0x00000008   Code   RO         4436    .ARM.Collect$$$$0000000B  mc_w.l(entry9a.o)
    0x000000d0   0x000000d0   0x00000000   Code   RO         4438    .ARM.Collect$$$$0000000D  mc_w.l(entry10a.o)
    0x000000d0   0x000000d0   0x00000000   Code   RO         4440    .ARM.Collect$$$$0000000F  mc_w.l(entry11a.o)
    0x000000d0   0x000000d0   0x00000004   Code   RO         4429    .ARM.Collect$$$$00002712  mc_w.l(entry2.o)
    0x000000d4   0x000000d4   0x00000024   Code   RO         4116    .text               startup_cmsdk_cm7.o
    0x000000f8   0x000000f8   0x00000062   Code   RO         4444    .text               mc_w.l(uldiv.o)
    0x0000015a   0x0000015a   0x00000002   PAD
    0x0000015c   0x0000015c   0x00000024   Code   RO         4457    .text               mc_w.l(init.o)
    0x00000180   0x00000180   0x0000001e   Code   RO         4459    .text               mc_w.l(llshl.o)
    0x0000019e   0x0000019e   0x00000020   Code   RO         4461    .text               mc_w.l(llushr.o)
    0x000001be   0x000001be   0x00000004   Code   RO         3595    i.Buttons_Initialize  buttons_v2m-mps2.o
    0x000001c2   0x000001c2   0x00000002   PAD
    0x000001c4   0x000001c4   0x0000000c   Code   RO         3790    i.LED_Initialize    led_v2m-mps2.o
    0x000001d0   0x000001d0   0x00000010   Code   RO            4    i.SysTick_Handler   blinky.o
    0x000001e0   0x000001e0   0x00000010   Code   RO         4123    i.SystemCoreClockUpdate  system_cmsdk_cm7.o
    0x000001f0   0x000001f0   0x00000020   Code   RO         4124    i.SystemInit        system_cmsdk_cm7.o
    0x00000210   0x00000210   0x0000005c   Code   RO         3942    i.UART0RX_Handler   usart_v2m-mps2.o
    0x0000026c   0x0000026c   0x00000054   Code   RO         3943    i.UART0TX_Handler   usart_v2m-mps2.o
    0x000002c0   0x000002c0   0x0000012c   Code   RO         3944    i.USART0_Control    usart_v2m-mps2.o
    0x000003ec   0x000003ec   0x0000000c   Code   RO         3945    i.USART0_GetCapabilities  usart_v2m-mps2.o
    0x000003f8   0x000003f8   0x00000034   Code   RO         3946    i.USART0_GetModemStatus  usart_v2m-mps2.o
    0x0000042c   0x0000042c   0x0000000c   Code   RO         3947    i.USART0_GetRxCount  usart_v2m-mps2.o
    0x00000438   0x00000438   0x00000078   Code   RO         3948    i.USART0_GetStatus  usart_v2m-mps2.o
    0x000004b0   0x000004b0   0x0000000c   Code   RO         3949    i.USART0_GetTxCount  usart_v2m-mps2.o
    0x000004bc   0x000004bc   0x00000080   Code   RO         3950    i.USART0_Initialize  usart_v2m-mps2.o
    0x0000053c   0x0000053c   0x000000f0   Code   RO         3951    i.USART0_PowerControl  usart_v2m-mps2.o
    0x0000062c   0x0000062c   0x00000070   Code   RO         3952    i.USART0_Receive    usart_v2m-mps2.o
    0x0000069c   0x0000069c   0x00000074   Code   RO         3953    i.USART0_Send       usart_v2m-mps2.o
    0x00000710   0x00000710   0x00000006   Code   RO         3954    i.USART0_SetModemControl  usart_v2m-mps2.o
    0x00000716   0x00000716   0x00000006   Code   RO         3955    i.USART0_Transfer   usart_v2m-mps2.o
    0x0000071c   0x0000071c   0x00000048   Code   RO         3956    i.USART0_Uninitialize  usart_v2m-mps2.o
    0x00000764   0x00000764   0x0000000c   Code   RO         3957    i.USARTx_GetVersion  usart_v2m-mps2.o
    0x00000770   0x00000770   0x00000020   Code   RO         4374    i.__0printf$8       mc_w.l(printf8.o)
    0x00000790   0x00000790   0x0000000e   Code   RO         4469    i.__scatterload_copy  mc_w.l(handlers.o)
    0x0000079e   0x0000079e   0x00000002   Code   RO         4470    i.__scatterload_null  mc_w.l(handlers.o)
    0x000007a0   0x000007a0   0x0000000e   Code   RO         4471    i.__scatterload_zeroinit  mc_w.l(handlers.o)
    0x000007ae   0x000007ae   0x00000002   PAD
    0x000007b0   0x000007b0   0x00000410   Code   RO         4381    i._printf_core      mc_w.l(printf8.o)
    0x00000bc0   0x00000bc0   0x00000024   Code   RO         4382    i._printf_post_padding  mc_w.l(printf8.o)
    0x00000be4   0x00000be4   0x0000002e   Code   RO         4383    i._printf_pre_padding  mc_w.l(printf8.o)
    0x00000c12   0x00000c12   0x00000002   PAD
    0x00000c14   0x00000c14   0x00000014   Code   RO         4067    i.fputc             retarget_io.o
    0x00000c28   0x00000c28   0x00000074   Code   RO            5    i.main              blinky.o
    0x00000c9c   0x00000c9c   0x00000038   Code   RO          470    i.stdout_init       stdout_usart.o
    0x00000cd4   0x00000cd4   0x0000002c   Code   RO          471    i.stdout_putchar    stdout_usart.o
    0x00000d00   0x00000d00   0x00000020   Data   RO         3959    .constdata          usart_v2m-mps2.o
    0x00000d20   0x00000d20   0x00000038   Data   RO         3960    .constdata          usart_v2m-mps2.o
    0x00000d58   0x00000d58   0x00000020   Data   RO         4467    Region$$Table       anon$$obj.o


    Execution Region RW_IRAM1 (Exec base: 0x20000000, Load base: 0x00000d78, Size: 0x00000440, Max: 0x00400000, ABSOLUTE)

    Exec Addr    Load Addr    Size         Type   Attr      Idx    E Section Name        Object

    0x20000000   0x00000d78   0x00000008   Data   RW            6    .data               blinky.o
    0x20000008   0x00000d80   0x00000008   Data   RW         3961    .data               usart_v2m-mps2.o
    0x20000010   0x00000d88   0x00000008   Data   RW         3962    .data               usart_v2m-mps2.o
    0x20000018   0x00000d90   0x00000008   Data   RW         3963    .data               usart_v2m-mps2.o
    0x20000020   0x00000d98   0x00000004   Data   RW         4125    .data               system_cmsdk_cm7.o
    0x20000024   0x00000d9c   0x00000004   Data   RW         4163    .data               mc_w.l(stdout.o)
    0x20000028        -       0x00000018   Zero   RW         3958    .bss                usart_v2m-mps2.o
    0x20000040        -       0x00000400   Zero   RW         4113    STACK               startup_cmsdk_cm7.o


==============================================================================

Image component sizes


      Code (inc. data)   RO Data    RW Data    ZI Data      Debug   Object Name

       132         44          0          8          0      51828   blinky.o
         4          0          0          0          0        581   buttons_v2m-mps2.o
        12          4          0          0          0        569   led_v2m-mps2.o
        20          4          0          0          0       1848   retarget_io.o
        36          8        192          0       1024        928   startup_cmsdk_cm7.o
       100          8          0          0          0       8143   stdout_usart.o
        48         22          0          4          0       1495   system_cmsdk_cm7.o
      1376         78         88         24         24      49963   usart_v2m-mps2.o

    ----------------------------------------------------------------------
      1730        168        312         36       1048     115355   Object Totals
         0          0         32          0          0          0   (incl. Generated)
         2          0          0          0          0          0   (incl. Padding)

    ----------------------------------------------------------------------

      Code (inc. data)   RO Data    RW Data    ZI Data      Debug   Library Member Name

         0          0          0          0          0          0   entry.o
         0          0          0          0          0          0   entry10a.o
         0          0          0          0          0          0   entry11a.o
         8          4          0          0          0          0   entry2.o
         4          0          0          0          0          0   entry5.o
         0          0          0          0          0          0   entry7b.o
         0          0          0          0          0          0   entry8b.o
         8          4          0          0          0          0   entry9a.o
        30          0          0          0          0          0   handlers.o
        36          8          0          0          0         68   init.o
        30          0          0          0          0         68   llshl.o
        32          0          0          0          0         68   llushr.o
      1154         54          0          0          0        352   printf8.o
         0          0          0          4          0          0   stdout.o
        98          0          0          0          0         92   uldiv.o

    ----------------------------------------------------------------------
      1406         70          0          4          0        648   Library Totals
         6          0          0          0          0          0   (incl. Padding)

    ----------------------------------------------------------------------

      Code (inc. data)   RO Data    RW Data    ZI Data      Debug   Library Name

      1400         70          0          4          0        648   mc_w.l

    ----------------------------------------------------------------------
      1406         70          0          4          0        648   Library Totals

    ----------------------------------------------------------------------

==============================================================================


      Code (inc. data)   RO Data    RW Data    ZI Data      Debug   

      3136        238        312         40       1048     113847   Grand Totals
      3136        238        312         40       1048     113847   ELF Image Totals
      3136        238        312         40          0          0   ROM Totals

==============================================================================

    Total RO  Size (Code + RO Data)                 3448 (   3.37kB)
    Total RW  Size (RW Data + ZI Data)              1088 (   1.06kB)
    Total ROM Size (Code + RO Data + RW Data)       3488 (   3.41kB)

==============================================================================

