<!doctype html public "-//w3c//dtd html 4.0 transitional//en">
<html><head>
<title>Static Call Graph - [.\Out\Blinky.axf]</title></head>
<body><HR>
<H1>Static Call Graph for image .\Out\Blinky.axf</H1><HR>
<BR><P>#&#060CALLGRAPH&#062# ARM Linker, 5060528: Last Updated: Mon Oct 16 17:24:17 2017
<BR><P>
<H3>Maximum Stack Usage =         24 bytes + Unknown(Cycles, Untraceable Function Pointers)</H3><H3>
Call chain for Maximum Stack Depth:</H3>
main &rArr; __2printf
<P>
<H3>
Mutually Recursive functions
</H3> <LI><a href="#[1]">NMI_Handler</a>&nbsp;&nbsp;&nbsp;&rArr;&nbsp;&nbsp;&nbsp;<a href="#[1]">NMI_Handler</a><BR>
 <LI><a href="#[2]">HardFault_Handler</a>&nbsp;&nbsp;&nbsp;&rArr;&nbsp;&nbsp;&nbsp;<a href="#[2]">HardFault_Handler</a><BR>
 <LI><a href="#[3]">MemManage_Handler</a>&nbsp;&nbsp;&nbsp;&rArr;&nbsp;&nbsp;&nbsp;<a href="#[3]">MemManage_Handler</a><BR>
 <LI><a href="#[4]">BusFault_Handler</a>&nbsp;&nbsp;&nbsp;&rArr;&nbsp;&nbsp;&nbsp;<a href="#[4]">BusFault_Handler</a><BR>
 <LI><a href="#[5]">UsageFault_Handler</a>&nbsp;&nbsp;&nbsp;&rArr;&nbsp;&nbsp;&nbsp;<a href="#[5]">UsageFault_Handler</a><BR>
 <LI><a href="#[6]">SVC_Handler</a>&nbsp;&nbsp;&nbsp;&rArr;&nbsp;&nbsp;&nbsp;<a href="#[6]">SVC_Handler</a><BR>
 <LI><a href="#[7]">DebugMon_Handler</a>&nbsp;&nbsp;&nbsp;&rArr;&nbsp;&nbsp;&nbsp;<a href="#[7]">DebugMon_Handler</a><BR>
 <LI><a href="#[8]">PendSV_Handler</a>&nbsp;&nbsp;&nbsp;&rArr;&nbsp;&nbsp;&nbsp;<a href="#[8]">PendSV_Handler</a><BR>
 <LI><a href="#[14]">DUALTIMER_Handler</a>&nbsp;&nbsp;&nbsp;&rArr;&nbsp;&nbsp;&nbsp;<a href="#[14]">DUALTIMER_Handler</a><BR>
</UL>
<P>
<H3>
Function Pointers
</H3><UL>
 <LI><a href="#[4]">BusFault_Handler</a> from startup_cmsdk_cm7.o(.text) referenced from startup_cmsdk_cm7.o(RESET)
 <LI><a href="#[14]">DUALTIMER_Handler</a> from startup_cmsdk_cm7.o(.text) referenced from startup_cmsdk_cm7.o(RESET)
 <LI><a href="#[7]">DebugMon_Handler</a> from startup_cmsdk_cm7.o(.text) referenced from startup_cmsdk_cm7.o(RESET)
 <LI><a href="#[17]">ETHERNET_Handler</a> from startup_cmsdk_cm7.o(.text) referenced from startup_cmsdk_cm7.o(RESET)
 <LI><a href="#[10]">GPIO0ALL_Handler</a> from startup_cmsdk_cm7.o(.text) referenced from startup_cmsdk_cm7.o(RESET)
 <LI><a href="#[22]">GPIO0_0_Handler</a> from startup_cmsdk_cm7.o(.text) referenced from startup_cmsdk_cm7.o(RESET)
 <LI><a href="#[23]">GPIO0_1_Handler</a> from startup_cmsdk_cm7.o(.text) referenced from startup_cmsdk_cm7.o(RESET)
 <LI><a href="#[24]">GPIO0_2_Handler</a> from startup_cmsdk_cm7.o(.text) referenced from startup_cmsdk_cm7.o(RESET)
 <LI><a href="#[25]">GPIO0_3_Handler</a> from startup_cmsdk_cm7.o(.text) referenced from startup_cmsdk_cm7.o(RESET)
 <LI><a href="#[26]">GPIO0_4_Handler</a> from startup_cmsdk_cm7.o(.text) referenced from startup_cmsdk_cm7.o(RESET)
 <LI><a href="#[27]">GPIO0_5_Handler</a> from startup_cmsdk_cm7.o(.text) referenced from startup_cmsdk_cm7.o(RESET)
 <LI><a href="#[28]">GPIO0_6_Handler</a> from startup_cmsdk_cm7.o(.text) referenced from startup_cmsdk_cm7.o(RESET)
 <LI><a href="#[29]">GPIO0_7_Handler</a> from startup_cmsdk_cm7.o(.text) referenced from startup_cmsdk_cm7.o(RESET)
 <LI><a href="#[11]">GPIO1ALL_Handler</a> from startup_cmsdk_cm7.o(.text) referenced from startup_cmsdk_cm7.o(RESET)
 <LI><a href="#[1a]">GPIO2_Handler</a> from startup_cmsdk_cm7.o(.text) referenced from startup_cmsdk_cm7.o(RESET)
 <LI><a href="#[1b]">GPIO3_Handler</a> from startup_cmsdk_cm7.o(.text) referenced from startup_cmsdk_cm7.o(RESET)
 <LI><a href="#[2]">HardFault_Handler</a> from startup_cmsdk_cm7.o(.text) referenced from startup_cmsdk_cm7.o(RESET)
 <LI><a href="#[18]">I2S_Handler</a> from startup_cmsdk_cm7.o(.text) referenced from startup_cmsdk_cm7.o(RESET)
 <LI><a href="#[3]">MemManage_Handler</a> from startup_cmsdk_cm7.o(.text) referenced from startup_cmsdk_cm7.o(RESET)
 <LI><a href="#[1]">NMI_Handler</a> from startup_cmsdk_cm7.o(.text) referenced from startup_cmsdk_cm7.o(RESET)
 <LI><a href="#[8]">PendSV_Handler</a> from startup_cmsdk_cm7.o(.text) referenced from startup_cmsdk_cm7.o(RESET)
 <LI><a href="#[0]">Reset_Handler</a> from startup_cmsdk_cm7.o(.text) referenced from startup_cmsdk_cm7.o(RESET)
 <LI><a href="#[15]">SPI_0_1_Handler</a> from startup_cmsdk_cm7.o(.text) referenced from startup_cmsdk_cm7.o(RESET)
 <LI><a href="#[20]">SPI_2_Handler</a> from startup_cmsdk_cm7.o(.text) referenced from startup_cmsdk_cm7.o(RESET)
 <LI><a href="#[21]">SPI_3_4_Handler</a> from startup_cmsdk_cm7.o(.text) referenced from startup_cmsdk_cm7.o(RESET)
 <LI><a href="#[6]">SVC_Handler</a> from startup_cmsdk_cm7.o(.text) referenced from startup_cmsdk_cm7.o(RESET)
 <LI><a href="#[9]">SysTick_Handler</a> from blinky.o(i.SysTick_Handler) referenced from startup_cmsdk_cm7.o(RESET)
 <LI><a href="#[2b]">SystemInit</a> from system_cmsdk_cm7.o(i.SystemInit) referenced from startup_cmsdk_cm7.o(.text)
 <LI><a href="#[12]">TIMER0_Handler</a> from startup_cmsdk_cm7.o(.text) referenced from startup_cmsdk_cm7.o(RESET)
 <LI><a href="#[13]">TIMER1_Handler</a> from startup_cmsdk_cm7.o(.text) referenced from startup_cmsdk_cm7.o(RESET)
 <LI><a href="#[19]">TOUCHSCREEN_Handler</a> from startup_cmsdk_cm7.o(.text) referenced from startup_cmsdk_cm7.o(RESET)
 <LI><a href="#[a]">UART0RX_Handler</a> from usart_v2m-mps2.o(i.UART0RX_Handler) referenced from startup_cmsdk_cm7.o(RESET)
 <LI><a href="#[b]">UART0TX_Handler</a> from usart_v2m-mps2.o(i.UART0TX_Handler) referenced from startup_cmsdk_cm7.o(RESET)
 <LI><a href="#[c]">UART1RX_Handler</a> from startup_cmsdk_cm7.o(.text) referenced from startup_cmsdk_cm7.o(RESET)
 <LI><a href="#[d]">UART1TX_Handler</a> from startup_cmsdk_cm7.o(.text) referenced from startup_cmsdk_cm7.o(RESET)
 <LI><a href="#[e]">UART2RX_Handler</a> from startup_cmsdk_cm7.o(.text) referenced from startup_cmsdk_cm7.o(RESET)
 <LI><a href="#[f]">UART2TX_Handler</a> from startup_cmsdk_cm7.o(.text) referenced from startup_cmsdk_cm7.o(RESET)
 <LI><a href="#[1c]">UART3RX_Handler</a> from startup_cmsdk_cm7.o(.text) referenced from startup_cmsdk_cm7.o(RESET)
 <LI><a href="#[1d]">UART3TX_Handler</a> from startup_cmsdk_cm7.o(.text) referenced from startup_cmsdk_cm7.o(RESET)
 <LI><a href="#[1e]">UART4RX_Handler</a> from startup_cmsdk_cm7.o(.text) referenced from startup_cmsdk_cm7.o(RESET)
 <LI><a href="#[1f]">UART4TX_Handler</a> from startup_cmsdk_cm7.o(.text) referenced from startup_cmsdk_cm7.o(RESET)
 <LI><a href="#[16]">UART_0_1_2_OVF_Handler</a> from startup_cmsdk_cm7.o(.text) referenced from startup_cmsdk_cm7.o(RESET)
 <LI><a href="#[38]">USART0_Control</a> from usart_v2m-mps2.o(i.USART0_Control) referenced from usart_v2m-mps2.o(.constdata)
 <LI><a href="#[2f]">USART0_GetCapabilities</a> from usart_v2m-mps2.o(i.USART0_GetCapabilities) referenced from usart_v2m-mps2.o(.constdata)
 <LI><a href="#[3b]">USART0_GetModemStatus</a> from usart_v2m-mps2.o(i.USART0_GetModemStatus) referenced from usart_v2m-mps2.o(.constdata)
 <LI><a href="#[37]">USART0_GetRxCount</a> from usart_v2m-mps2.o(i.USART0_GetRxCount) referenced from usart_v2m-mps2.o(.constdata)
 <LI><a href="#[39]">USART0_GetStatus</a> from usart_v2m-mps2.o(i.USART0_GetStatus) referenced from usart_v2m-mps2.o(.constdata)
 <LI><a href="#[36]">USART0_GetTxCount</a> from usart_v2m-mps2.o(i.USART0_GetTxCount) referenced from usart_v2m-mps2.o(.constdata)
 <LI><a href="#[30]">USART0_Initialize</a> from usart_v2m-mps2.o(i.USART0_Initialize) referenced from usart_v2m-mps2.o(.constdata)
 <LI><a href="#[32]">USART0_PowerControl</a> from usart_v2m-mps2.o(i.USART0_PowerControl) referenced from usart_v2m-mps2.o(.constdata)
 <LI><a href="#[34]">USART0_Receive</a> from usart_v2m-mps2.o(i.USART0_Receive) referenced from usart_v2m-mps2.o(.constdata)
 <LI><a href="#[33]">USART0_Send</a> from usart_v2m-mps2.o(i.USART0_Send) referenced from usart_v2m-mps2.o(.constdata)
 <LI><a href="#[3a]">USART0_SetModemControl</a> from usart_v2m-mps2.o(i.USART0_SetModemControl) referenced from usart_v2m-mps2.o(.constdata)
 <LI><a href="#[35]">USART0_Transfer</a> from usart_v2m-mps2.o(i.USART0_Transfer) referenced from usart_v2m-mps2.o(.constdata)
 <LI><a href="#[31]">USART0_Uninitialize</a> from usart_v2m-mps2.o(i.USART0_Uninitialize) referenced from usart_v2m-mps2.o(.constdata)
 <LI><a href="#[2e]">USARTx_GetVersion</a> from usart_v2m-mps2.o(i.USARTx_GetVersion) referenced from usart_v2m-mps2.o(.constdata)
 <LI><a href="#[5]">UsageFault_Handler</a> from startup_cmsdk_cm7.o(.text) referenced from startup_cmsdk_cm7.o(RESET)
 <LI><a href="#[2c]">__main</a> from entry.o(.ARM.Collect$$$$00000000) referenced from startup_cmsdk_cm7.o(.text)
 <LI><a href="#[2d]">fputc</a> from retarget_io.o(i.fputc) referenced from printf8.o(i.__0printf$8)
 <LI><a href="#[2a]">main</a> from blinky.o(i.main) referenced from entry9a.o(.ARM.Collect$$$$0000000B)
</UL>
<P>
<H3>
Global Symbols
</H3>
<P><STRONG><a name="[2c]"></a>__main</STRONG> (Thumb, 0 bytes, Stack size unknown bytes, entry.o(.ARM.Collect$$$$00000000))
<BR>[Address Reference Count : 1]<UL><LI> startup_cmsdk_cm7.o(.text)
</UL>
<P><STRONG><a name="[4c]"></a>_main_stk</STRONG> (Thumb, 0 bytes, Stack size unknown bytes, entry2.o(.ARM.Collect$$$$00000001))

<P><STRONG><a name="[3c]"></a>_main_scatterload</STRONG> (Thumb, 0 bytes, Stack size unknown bytes, entry5.o(.ARM.Collect$$$$00000004))
<BR><BR>[Calls]<UL><LI><a href="#[3d]">&gt;&gt;</a>&nbsp;&nbsp;&nbsp;__scatterload
</UL>

<P><STRONG><a name="[41]"></a>__main_after_scatterload</STRONG> (Thumb, 0 bytes, Stack size unknown bytes, entry5.o(.ARM.Collect$$$$00000004))
<BR><BR>[Called By]<UL><LI><a href="#[3d]">&gt;&gt;</a>&nbsp;&nbsp;&nbsp;__scatterload
</UL>

<P><STRONG><a name="[4d]"></a>_main_clock</STRONG> (Thumb, 0 bytes, Stack size unknown bytes, entry7b.o(.ARM.Collect$$$$00000008))

<P><STRONG><a name="[4e]"></a>_main_cpp_init</STRONG> (Thumb, 0 bytes, Stack size unknown bytes, entry8b.o(.ARM.Collect$$$$0000000A))

<P><STRONG><a name="[4f]"></a>_main_init</STRONG> (Thumb, 0 bytes, Stack size unknown bytes, entry9a.o(.ARM.Collect$$$$0000000B))

<P><STRONG><a name="[50]"></a>__rt_final_cpp</STRONG> (Thumb, 0 bytes, Stack size unknown bytes, entry10a.o(.ARM.Collect$$$$0000000D))

<P><STRONG><a name="[51]"></a>__rt_final_exit</STRONG> (Thumb, 0 bytes, Stack size unknown bytes, entry11a.o(.ARM.Collect$$$$0000000F))

<P><STRONG><a name="[0]"></a>Reset_Handler</STRONG> (Thumb, 8 bytes, Stack size 0 bytes, startup_cmsdk_cm7.o(.text))
<BR>[Address Reference Count : 1]<UL><LI> startup_cmsdk_cm7.o(RESET)
</UL>
<P><STRONG><a name="[1]"></a>NMI_Handler</STRONG> (Thumb, 2 bytes, Stack size 0 bytes, startup_cmsdk_cm7.o(.text))
<BR><BR>[Calls]<UL><LI><a href="#[1]">&gt;&gt;</a>&nbsp;&nbsp;&nbsp;NMI_Handler
</UL>
<BR>[Called By]<UL><LI><a href="#[1]">&gt;&gt;</a>&nbsp;&nbsp;&nbsp;NMI_Handler
</UL>
<BR>[Address Reference Count : 1]<UL><LI> startup_cmsdk_cm7.o(RESET)
</UL>
<P><STRONG><a name="[2]"></a>HardFault_Handler</STRONG> (Thumb, 2 bytes, Stack size 0 bytes, startup_cmsdk_cm7.o(.text))
<BR><BR>[Calls]<UL><LI><a href="#[2]">&gt;&gt;</a>&nbsp;&nbsp;&nbsp;HardFault_Handler
</UL>
<BR>[Called By]<UL><LI><a href="#[2]">&gt;&gt;</a>&nbsp;&nbsp;&nbsp;HardFault_Handler
</UL>
<BR>[Address Reference Count : 1]<UL><LI> startup_cmsdk_cm7.o(RESET)
</UL>
<P><STRONG><a name="[3]"></a>MemManage_Handler</STRONG> (Thumb, 2 bytes, Stack size 0 bytes, startup_cmsdk_cm7.o(.text))
<BR><BR>[Calls]<UL><LI><a href="#[3]">&gt;&gt;</a>&nbsp;&nbsp;&nbsp;MemManage_Handler
</UL>
<BR>[Called By]<UL><LI><a href="#[3]">&gt;&gt;</a>&nbsp;&nbsp;&nbsp;MemManage_Handler
</UL>
<BR>[Address Reference Count : 1]<UL><LI> startup_cmsdk_cm7.o(RESET)
</UL>
<P><STRONG><a name="[4]"></a>BusFault_Handler</STRONG> (Thumb, 2 bytes, Stack size 0 bytes, startup_cmsdk_cm7.o(.text))
<BR><BR>[Calls]<UL><LI><a href="#[4]">&gt;&gt;</a>&nbsp;&nbsp;&nbsp;BusFault_Handler
</UL>
<BR>[Called By]<UL><LI><a href="#[4]">&gt;&gt;</a>&nbsp;&nbsp;&nbsp;BusFault_Handler
</UL>
<BR>[Address Reference Count : 1]<UL><LI> startup_cmsdk_cm7.o(RESET)
</UL>
<P><STRONG><a name="[5]"></a>UsageFault_Handler</STRONG> (Thumb, 2 bytes, Stack size 0 bytes, startup_cmsdk_cm7.o(.text))
<BR><BR>[Calls]<UL><LI><a href="#[5]">&gt;&gt;</a>&nbsp;&nbsp;&nbsp;UsageFault_Handler
</UL>
<BR>[Called By]<UL><LI><a href="#[5]">&gt;&gt;</a>&nbsp;&nbsp;&nbsp;UsageFault_Handler
</UL>
<BR>[Address Reference Count : 1]<UL><LI> startup_cmsdk_cm7.o(RESET)
</UL>
<P><STRONG><a name="[6]"></a>SVC_Handler</STRONG> (Thumb, 2 bytes, Stack size 0 bytes, startup_cmsdk_cm7.o(.text))
<BR><BR>[Calls]<UL><LI><a href="#[6]">&gt;&gt;</a>&nbsp;&nbsp;&nbsp;SVC_Handler
</UL>
<BR>[Called By]<UL><LI><a href="#[6]">&gt;&gt;</a>&nbsp;&nbsp;&nbsp;SVC_Handler
</UL>
<BR>[Address Reference Count : 1]<UL><LI> startup_cmsdk_cm7.o(RESET)
</UL>
<P><STRONG><a name="[7]"></a>DebugMon_Handler</STRONG> (Thumb, 2 bytes, Stack size 0 bytes, startup_cmsdk_cm7.o(.text))
<BR><BR>[Calls]<UL><LI><a href="#[7]">&gt;&gt;</a>&nbsp;&nbsp;&nbsp;DebugMon_Handler
</UL>
<BR>[Called By]<UL><LI><a href="#[7]">&gt;&gt;</a>&nbsp;&nbsp;&nbsp;DebugMon_Handler
</UL>
<BR>[Address Reference Count : 1]<UL><LI> startup_cmsdk_cm7.o(RESET)
</UL>
<P><STRONG><a name="[8]"></a>PendSV_Handler</STRONG> (Thumb, 2 bytes, Stack size 0 bytes, startup_cmsdk_cm7.o(.text))
<BR><BR>[Calls]<UL><LI><a href="#[8]">&gt;&gt;</a>&nbsp;&nbsp;&nbsp;PendSV_Handler
</UL>
<BR>[Called By]<UL><LI><a href="#[8]">&gt;&gt;</a>&nbsp;&nbsp;&nbsp;PendSV_Handler
</UL>
<BR>[Address Reference Count : 1]<UL><LI> startup_cmsdk_cm7.o(RESET)
</UL>
<P><STRONG><a name="[14]"></a>DUALTIMER_Handler</STRONG> (Thumb, 0 bytes, Stack size 0 bytes, startup_cmsdk_cm7.o(.text))
<BR><BR>[Calls]<UL><LI><a href="#[14]">&gt;&gt;</a>&nbsp;&nbsp;&nbsp;DUALTIMER_Handler
</UL>
<BR>[Called By]<UL><LI><a href="#[14]">&gt;&gt;</a>&nbsp;&nbsp;&nbsp;DUALTIMER_Handler
</UL>
<BR>[Address Reference Count : 1]<UL><LI> startup_cmsdk_cm7.o(RESET)
</UL>
<P><STRONG><a name="[17]"></a>ETHERNET_Handler</STRONG> (Thumb, 0 bytes, Stack size 0 bytes, startup_cmsdk_cm7.o(.text))
<BR>[Address Reference Count : 1]<UL><LI> startup_cmsdk_cm7.o(RESET)
</UL>
<P><STRONG><a name="[10]"></a>GPIO0ALL_Handler</STRONG> (Thumb, 0 bytes, Stack size 0 bytes, startup_cmsdk_cm7.o(.text))
<BR>[Address Reference Count : 1]<UL><LI> startup_cmsdk_cm7.o(RESET)
</UL>
<P><STRONG><a name="[22]"></a>GPIO0_0_Handler</STRONG> (Thumb, 0 bytes, Stack size 0 bytes, startup_cmsdk_cm7.o(.text))
<BR>[Address Reference Count : 1]<UL><LI> startup_cmsdk_cm7.o(RESET)
</UL>
<P><STRONG><a name="[23]"></a>GPIO0_1_Handler</STRONG> (Thumb, 0 bytes, Stack size 0 bytes, startup_cmsdk_cm7.o(.text))
<BR>[Address Reference Count : 1]<UL><LI> startup_cmsdk_cm7.o(RESET)
</UL>
<P><STRONG><a name="[24]"></a>GPIO0_2_Handler</STRONG> (Thumb, 0 bytes, Stack size 0 bytes, startup_cmsdk_cm7.o(.text))
<BR>[Address Reference Count : 1]<UL><LI> startup_cmsdk_cm7.o(RESET)
</UL>
<P><STRONG><a name="[25]"></a>GPIO0_3_Handler</STRONG> (Thumb, 0 bytes, Stack size 0 bytes, startup_cmsdk_cm7.o(.text))
<BR>[Address Reference Count : 1]<UL><LI> startup_cmsdk_cm7.o(RESET)
</UL>
<P><STRONG><a name="[26]"></a>GPIO0_4_Handler</STRONG> (Thumb, 0 bytes, Stack size 0 bytes, startup_cmsdk_cm7.o(.text))
<BR>[Address Reference Count : 1]<UL><LI> startup_cmsdk_cm7.o(RESET)
</UL>
<P><STRONG><a name="[27]"></a>GPIO0_5_Handler</STRONG> (Thumb, 0 bytes, Stack size 0 bytes, startup_cmsdk_cm7.o(.text))
<BR>[Address Reference Count : 1]<UL><LI> startup_cmsdk_cm7.o(RESET)
</UL>
<P><STRONG><a name="[28]"></a>GPIO0_6_Handler</STRONG> (Thumb, 0 bytes, Stack size 0 bytes, startup_cmsdk_cm7.o(.text))
<BR>[Address Reference Count : 1]<UL><LI> startup_cmsdk_cm7.o(RESET)
</UL>
<P><STRONG><a name="[29]"></a>GPIO0_7_Handler</STRONG> (Thumb, 0 bytes, Stack size 0 bytes, startup_cmsdk_cm7.o(.text))
<BR>[Address Reference Count : 1]<UL><LI> startup_cmsdk_cm7.o(RESET)
</UL>
<P><STRONG><a name="[11]"></a>GPIO1ALL_Handler</STRONG> (Thumb, 0 bytes, Stack size 0 bytes, startup_cmsdk_cm7.o(.text))
<BR>[Address Reference Count : 1]<UL><LI> startup_cmsdk_cm7.o(RESET)
</UL>
<P><STRONG><a name="[1a]"></a>GPIO2_Handler</STRONG> (Thumb, 0 bytes, Stack size 0 bytes, startup_cmsdk_cm7.o(.text))
<BR>[Address Reference Count : 1]<UL><LI> startup_cmsdk_cm7.o(RESET)
</UL>
<P><STRONG><a name="[1b]"></a>GPIO3_Handler</STRONG> (Thumb, 0 bytes, Stack size 0 bytes, startup_cmsdk_cm7.o(.text))
<BR>[Address Reference Count : 1]<UL><LI> startup_cmsdk_cm7.o(RESET)
</UL>
<P><STRONG><a name="[18]"></a>I2S_Handler</STRONG> (Thumb, 0 bytes, Stack size 0 bytes, startup_cmsdk_cm7.o(.text))
<BR>[Address Reference Count : 1]<UL><LI> startup_cmsdk_cm7.o(RESET)
</UL>
<P><STRONG><a name="[15]"></a>SPI_0_1_Handler</STRONG> (Thumb, 0 bytes, Stack size 0 bytes, startup_cmsdk_cm7.o(.text))
<BR>[Address Reference Count : 1]<UL><LI> startup_cmsdk_cm7.o(RESET)
</UL>
<P><STRONG><a name="[20]"></a>SPI_2_Handler</STRONG> (Thumb, 0 bytes, Stack size 0 bytes, startup_cmsdk_cm7.o(.text))
<BR>[Address Reference Count : 1]<UL><LI> startup_cmsdk_cm7.o(RESET)
</UL>
<P><STRONG><a name="[21]"></a>SPI_3_4_Handler</STRONG> (Thumb, 0 bytes, Stack size 0 bytes, startup_cmsdk_cm7.o(.text))
<BR>[Address Reference Count : 1]<UL><LI> startup_cmsdk_cm7.o(RESET)
</UL>
<P><STRONG><a name="[12]"></a>TIMER0_Handler</STRONG> (Thumb, 0 bytes, Stack size 0 bytes, startup_cmsdk_cm7.o(.text))
<BR>[Address Reference Count : 1]<UL><LI> startup_cmsdk_cm7.o(RESET)
</UL>
<P><STRONG><a name="[13]"></a>TIMER1_Handler</STRONG> (Thumb, 0 bytes, Stack size 0 bytes, startup_cmsdk_cm7.o(.text))
<BR>[Address Reference Count : 1]<UL><LI> startup_cmsdk_cm7.o(RESET)
</UL>
<P><STRONG><a name="[19]"></a>TOUCHSCREEN_Handler</STRONG> (Thumb, 0 bytes, Stack size 0 bytes, startup_cmsdk_cm7.o(.text))
<BR>[Address Reference Count : 1]<UL><LI> startup_cmsdk_cm7.o(RESET)
</UL>
<P><STRONG><a name="[c]"></a>UART1RX_Handler</STRONG> (Thumb, 0 bytes, Stack size 0 bytes, startup_cmsdk_cm7.o(.text))
<BR>[Address Reference Count : 1]<UL><LI> startup_cmsdk_cm7.o(RESET)
</UL>
<P><STRONG><a name="[d]"></a>UART1TX_Handler</STRONG> (Thumb, 0 bytes, Stack size 0 bytes, startup_cmsdk_cm7.o(.text))
<BR>[Address Reference Count : 1]<UL><LI> startup_cmsdk_cm7.o(RESET)
</UL>
<P><STRONG><a name="[e]"></a>UART2RX_Handler</STRONG> (Thumb, 0 bytes, Stack size 0 bytes, startup_cmsdk_cm7.o(.text))
<BR>[Address Reference Count : 1]<UL><LI> startup_cmsdk_cm7.o(RESET)
</UL>
<P><STRONG><a name="[f]"></a>UART2TX_Handler</STRONG> (Thumb, 0 bytes, Stack size 0 bytes, startup_cmsdk_cm7.o(.text))
<BR>[Address Reference Count : 1]<UL><LI> startup_cmsdk_cm7.o(RESET)
</UL>
<P><STRONG><a name="[1c]"></a>UART3RX_Handler</STRONG> (Thumb, 0 bytes, Stack size 0 bytes, startup_cmsdk_cm7.o(.text))
<BR>[Address Reference Count : 1]<UL><LI> startup_cmsdk_cm7.o(RESET)
</UL>
<P><STRONG><a name="[1d]"></a>UART3TX_Handler</STRONG> (Thumb, 0 bytes, Stack size 0 bytes, startup_cmsdk_cm7.o(.text))
<BR>[Address Reference Count : 1]<UL><LI> startup_cmsdk_cm7.o(RESET)
</UL>
<P><STRONG><a name="[1e]"></a>UART4RX_Handler</STRONG> (Thumb, 0 bytes, Stack size 0 bytes, startup_cmsdk_cm7.o(.text))
<BR>[Address Reference Count : 1]<UL><LI> startup_cmsdk_cm7.o(RESET)
</UL>
<P><STRONG><a name="[1f]"></a>UART4TX_Handler</STRONG> (Thumb, 0 bytes, Stack size 0 bytes, startup_cmsdk_cm7.o(.text))
<BR>[Address Reference Count : 1]<UL><LI> startup_cmsdk_cm7.o(RESET)
</UL>
<P><STRONG><a name="[16]"></a>UART_0_1_2_OVF_Handler</STRONG> (Thumb, 0 bytes, Stack size 0 bytes, startup_cmsdk_cm7.o(.text))
<BR>[Address Reference Count : 1]<UL><LI> startup_cmsdk_cm7.o(RESET)
</UL>
<P><STRONG><a name="[3e]"></a>__aeabi_uldivmod</STRONG> (Thumb, 98 bytes, Stack size 40 bytes, uldiv.o(.text), UNUSED)
<BR><BR>[Calls]<UL><LI><a href="#[3f]">&gt;&gt;</a>&nbsp;&nbsp;&nbsp;__aeabi_llsr
<LI><a href="#[40]">&gt;&gt;</a>&nbsp;&nbsp;&nbsp;__aeabi_llsl
</UL>
<BR>[Called By]<UL><LI><a href="#[43]">&gt;&gt;</a>&nbsp;&nbsp;&nbsp;_printf_core
</UL>

<P><STRONG><a name="[3d]"></a>__scatterload</STRONG> (Thumb, 28 bytes, Stack size 0 bytes, init.o(.text))
<BR><BR>[Calls]<UL><LI><a href="#[41]">&gt;&gt;</a>&nbsp;&nbsp;&nbsp;__main_after_scatterload
</UL>
<BR>[Called By]<UL><LI><a href="#[3c]">&gt;&gt;</a>&nbsp;&nbsp;&nbsp;_main_scatterload
</UL>

<P><STRONG><a name="[52]"></a>__scatterload_rt2</STRONG> (Thumb, 0 bytes, Stack size 0 bytes, init.o(.text), UNUSED)

<P><STRONG><a name="[40]"></a>__aeabi_llsl</STRONG> (Thumb, 30 bytes, Stack size 0 bytes, llshl.o(.text), UNUSED)
<BR><BR>[Called By]<UL><LI><a href="#[3e]">&gt;&gt;</a>&nbsp;&nbsp;&nbsp;__aeabi_uldivmod
</UL>

<P><STRONG><a name="[53]"></a>_ll_shift_l</STRONG> (Thumb, 0 bytes, Stack size 0 bytes, llshl.o(.text), UNUSED)

<P><STRONG><a name="[3f]"></a>__aeabi_llsr</STRONG> (Thumb, 32 bytes, Stack size 0 bytes, llushr.o(.text), UNUSED)
<BR><BR>[Called By]<UL><LI><a href="#[3e]">&gt;&gt;</a>&nbsp;&nbsp;&nbsp;__aeabi_uldivmod
</UL>

<P><STRONG><a name="[54]"></a>_ll_ushift_r</STRONG> (Thumb, 0 bytes, Stack size 0 bytes, llushr.o(.text), UNUSED)

<P><STRONG><a name="[49]"></a>Buttons_Initialize</STRONG> (Thumb, 4 bytes, Stack size 0 bytes, buttons_v2m-mps2.o(i.Buttons_Initialize))
<BR><BR>[Called By]<UL><LI><a href="#[2a]">&gt;&gt;</a>&nbsp;&nbsp;&nbsp;main
</UL>

<P><STRONG><a name="[48]"></a>LED_Initialize</STRONG> (Thumb, 8 bytes, Stack size 0 bytes, led_v2m-mps2.o(i.LED_Initialize))
<BR><BR>[Called By]<UL><LI><a href="#[2a]">&gt;&gt;</a>&nbsp;&nbsp;&nbsp;main
</UL>

<P><STRONG><a name="[9]"></a>SysTick_Handler</STRONG> (Thumb, 10 bytes, Stack size 0 bytes, blinky.o(i.SysTick_Handler))
<BR>[Address Reference Count : 1]<UL><LI> startup_cmsdk_cm7.o(RESET)
</UL>
<P><STRONG><a name="[47]"></a>SystemCoreClockUpdate</STRONG> (Thumb, 8 bytes, Stack size 0 bytes, system_cmsdk_cm7.o(i.SystemCoreClockUpdate))
<BR><BR>[Called By]<UL><LI><a href="#[2a]">&gt;&gt;</a>&nbsp;&nbsp;&nbsp;main
</UL>

<P><STRONG><a name="[2b]"></a>SystemInit</STRONG> (Thumb, 18 bytes, Stack size 0 bytes, system_cmsdk_cm7.o(i.SystemInit))
<BR>[Address Reference Count : 1]<UL><LI> startup_cmsdk_cm7.o(.text)
</UL>
<P><STRONG><a name="[a]"></a>UART0RX_Handler</STRONG> (Thumb, 88 bytes, Stack size 16 bytes, usart_v2m-mps2.o(i.UART0RX_Handler))
<BR><BR>[Stack]<UL><LI>Max Depth = 16<LI>Call Chain = UART0RX_Handler
</UL>
<BR>[Address Reference Count : 1]<UL><LI> startup_cmsdk_cm7.o(RESET)
</UL>
<P><STRONG><a name="[b]"></a>UART0TX_Handler</STRONG> (Thumb, 80 bytes, Stack size 16 bytes, usart_v2m-mps2.o(i.UART0TX_Handler))
<BR><BR>[Stack]<UL><LI>Max Depth = 16<LI>Call Chain = UART0TX_Handler
</UL>
<BR>[Address Reference Count : 1]<UL><LI> startup_cmsdk_cm7.o(RESET)
</UL>
<P><STRONG><a name="[42]"></a>__0printf$8</STRONG> (Thumb, 22 bytes, Stack size 24 bytes, printf8.o(i.__0printf$8), UNUSED)
<BR><BR>[Calls]<UL><LI><a href="#[43]">&gt;&gt;</a>&nbsp;&nbsp;&nbsp;_printf_core
</UL>

<P><STRONG><a name="[55]"></a>__1printf$8</STRONG> (Thumb, 0 bytes, Stack size 24 bytes, printf8.o(i.__0printf$8), UNUSED)

<P><STRONG><a name="[4b]"></a>__2printf</STRONG> (Thumb, 0 bytes, Stack size 24 bytes, printf8.o(i.__0printf$8))
<BR><BR>[Stack]<UL><LI>Max Depth = 24<LI>Call Chain = __2printf
</UL>
<BR>[Called By]<UL><LI><a href="#[2a]">&gt;&gt;</a>&nbsp;&nbsp;&nbsp;main
</UL>

<P><STRONG><a name="[56]"></a>__scatterload_copy</STRONG> (Thumb, 14 bytes, Stack size unknown bytes, handlers.o(i.__scatterload_copy), UNUSED)

<P><STRONG><a name="[57]"></a>__scatterload_null</STRONG> (Thumb, 2 bytes, Stack size unknown bytes, handlers.o(i.__scatterload_null), UNUSED)

<P><STRONG><a name="[58]"></a>__scatterload_zeroinit</STRONG> (Thumb, 14 bytes, Stack size unknown bytes, handlers.o(i.__scatterload_zeroinit), UNUSED)

<P><STRONG><a name="[2d]"></a>fputc</STRONG> (Thumb, 16 bytes, Stack size 0 bytes, retarget_io.o(i.fputc))
<BR><BR>[Stack]<UL><LI>Max Depth = 16<LI>Call Chain = fputc &rArr; stdout_putchar
</UL>
<BR>[Calls]<UL><LI><a href="#[46]">&gt;&gt;</a>&nbsp;&nbsp;&nbsp;stdout_putchar
</UL>
<BR>[Address Reference Count : 1]<UL><LI> printf8.o(i.__0printf$8)
</UL>
<P><STRONG><a name="[2a]"></a>main</STRONG> (Thumb, 78 bytes, Stack size 0 bytes, blinky.o(i.main))
<BR><BR>[Stack]<UL><LI>Max Depth = 24<LI>Call Chain = main &rArr; __2printf
</UL>
<BR>[Calls]<UL><LI><a href="#[4a]">&gt;&gt;</a>&nbsp;&nbsp;&nbsp;stdout_init
<LI><a href="#[47]">&gt;&gt;</a>&nbsp;&nbsp;&nbsp;SystemCoreClockUpdate
<LI><a href="#[48]">&gt;&gt;</a>&nbsp;&nbsp;&nbsp;LED_Initialize
<LI><a href="#[49]">&gt;&gt;</a>&nbsp;&nbsp;&nbsp;Buttons_Initialize
<LI><a href="#[4b]">&gt;&gt;</a>&nbsp;&nbsp;&nbsp;__2printf
</UL>
<BR>[Address Reference Count : 1]<UL><LI> entry9a.o(.ARM.Collect$$$$0000000B)
</UL>
<P><STRONG><a name="[4a]"></a>stdout_init</STRONG> (Thumb, 52 bytes, Stack size 8 bytes, stdout_usart.o(i.stdout_init))
<BR><BR>[Stack]<UL><LI>Max Depth = 8<LI>Call Chain = stdout_init
</UL>
<BR>[Called By]<UL><LI><a href="#[2a]">&gt;&gt;</a>&nbsp;&nbsp;&nbsp;main
</UL>

<P><STRONG><a name="[46]"></a>stdout_putchar</STRONG> (Thumb, 40 bytes, Stack size 16 bytes, stdout_usart.o(i.stdout_putchar))
<BR><BR>[Stack]<UL><LI>Max Depth = 16<LI>Call Chain = stdout_putchar
</UL>
<BR>[Called By]<UL><LI><a href="#[2d]">&gt;&gt;</a>&nbsp;&nbsp;&nbsp;fputc
</UL>
<P>
<H3>
Local Symbols
</H3>
<P><STRONG><a name="[38]"></a>USART0_Control</STRONG> (Thumb, 290 bytes, Stack size 16 bytes, usart_v2m-mps2.o(i.USART0_Control))
<BR><BR>[Stack]<UL><LI>Max Depth = 16<LI>Call Chain = USART0_Control
</UL>
<BR>[Address Reference Count : 1]<UL><LI> usart_v2m-mps2.o(.constdata)
</UL>
<P><STRONG><a name="[2f]"></a>USART0_GetCapabilities</STRONG> (Thumb, 6 bytes, Stack size 0 bytes, usart_v2m-mps2.o(i.USART0_GetCapabilities))
<BR>[Address Reference Count : 1]<UL><LI> usart_v2m-mps2.o(.constdata)
</UL>
<P><STRONG><a name="[3b]"></a>USART0_GetModemStatus</STRONG> (Thumb, 52 bytes, Stack size 8 bytes, usart_v2m-mps2.o(i.USART0_GetModemStatus))
<BR><BR>[Stack]<UL><LI>Max Depth = 8<LI>Call Chain = USART0_GetModemStatus
</UL>
<BR>[Address Reference Count : 1]<UL><LI> usart_v2m-mps2.o(.constdata)
</UL>
<P><STRONG><a name="[37]"></a>USART0_GetRxCount</STRONG> (Thumb, 6 bytes, Stack size 0 bytes, usart_v2m-mps2.o(i.USART0_GetRxCount))
<BR>[Address Reference Count : 1]<UL><LI> usart_v2m-mps2.o(.constdata)
</UL>
<P><STRONG><a name="[39]"></a>USART0_GetStatus</STRONG> (Thumb, 114 bytes, Stack size 16 bytes, usart_v2m-mps2.o(i.USART0_GetStatus))
<BR><BR>[Stack]<UL><LI>Max Depth = 16<LI>Call Chain = USART0_GetStatus
</UL>
<BR>[Address Reference Count : 1]<UL><LI> usart_v2m-mps2.o(.constdata)
</UL>
<P><STRONG><a name="[36]"></a>USART0_GetTxCount</STRONG> (Thumb, 6 bytes, Stack size 0 bytes, usart_v2m-mps2.o(i.USART0_GetTxCount))
<BR>[Address Reference Count : 1]<UL><LI> usart_v2m-mps2.o(.constdata)
</UL>
<P><STRONG><a name="[30]"></a>USART0_Initialize</STRONG> (Thumb, 124 bytes, Stack size 4 bytes, usart_v2m-mps2.o(i.USART0_Initialize))
<BR><BR>[Stack]<UL><LI>Max Depth = 4<LI>Call Chain = USART0_Initialize
</UL>
<BR>[Address Reference Count : 1]<UL><LI> usart_v2m-mps2.o(.constdata)
</UL>
<P><STRONG><a name="[32]"></a>USART0_PowerControl</STRONG> (Thumb, 234 bytes, Stack size 12 bytes, usart_v2m-mps2.o(i.USART0_PowerControl))
<BR><BR>[Stack]<UL><LI>Max Depth = 12<LI>Call Chain = USART0_PowerControl
</UL>
<BR>[Address Reference Count : 1]<UL><LI> usart_v2m-mps2.o(.constdata)
</UL>
<P><STRONG><a name="[34]"></a>USART0_Receive</STRONG> (Thumb, 108 bytes, Stack size 8 bytes, usart_v2m-mps2.o(i.USART0_Receive))
<BR><BR>[Stack]<UL><LI>Max Depth = 8<LI>Call Chain = USART0_Receive
</UL>
<BR>[Address Reference Count : 1]<UL><LI> usart_v2m-mps2.o(.constdata)
</UL>
<P><STRONG><a name="[33]"></a>USART0_Send</STRONG> (Thumb, 112 bytes, Stack size 0 bytes, usart_v2m-mps2.o(i.USART0_Send))
<BR>[Address Reference Count : 1]<UL><LI> usart_v2m-mps2.o(.constdata)
</UL>
<P><STRONG><a name="[3a]"></a>USART0_SetModemControl</STRONG> (Thumb, 6 bytes, Stack size 0 bytes, usart_v2m-mps2.o(i.USART0_SetModemControl))
<BR>[Address Reference Count : 1]<UL><LI> usart_v2m-mps2.o(.constdata)
</UL>
<P><STRONG><a name="[35]"></a>USART0_Transfer</STRONG> (Thumb, 6 bytes, Stack size 0 bytes, usart_v2m-mps2.o(i.USART0_Transfer))
<BR>[Address Reference Count : 1]<UL><LI> usart_v2m-mps2.o(.constdata)
</UL>
<P><STRONG><a name="[31]"></a>USART0_Uninitialize</STRONG> (Thumb, 66 bytes, Stack size 4 bytes, usart_v2m-mps2.o(i.USART0_Uninitialize))
<BR><BR>[Stack]<UL><LI>Max Depth = 4<LI>Call Chain = USART0_Uninitialize
</UL>
<BR>[Address Reference Count : 1]<UL><LI> usart_v2m-mps2.o(.constdata)
</UL>
<P><STRONG><a name="[2e]"></a>USARTx_GetVersion</STRONG> (Thumb, 6 bytes, Stack size 0 bytes, usart_v2m-mps2.o(i.USARTx_GetVersion))
<BR>[Address Reference Count : 1]<UL><LI> usart_v2m-mps2.o(.constdata)
</UL>
<P><STRONG><a name="[43]"></a>_printf_core</STRONG> (Thumb, 996 bytes, Stack size 104 bytes, printf8.o(i._printf_core), UNUSED)
<BR><BR>[Calls]<UL><LI><a href="#[3e]">&gt;&gt;</a>&nbsp;&nbsp;&nbsp;__aeabi_uldivmod
<LI><a href="#[44]">&gt;&gt;</a>&nbsp;&nbsp;&nbsp;_printf_pre_padding
<LI><a href="#[45]">&gt;&gt;</a>&nbsp;&nbsp;&nbsp;_printf_post_padding
</UL>
<BR>[Called By]<UL><LI><a href="#[42]">&gt;&gt;</a>&nbsp;&nbsp;&nbsp;__0printf$8
</UL>

<P><STRONG><a name="[45]"></a>_printf_post_padding</STRONG> (Thumb, 36 bytes, Stack size 24 bytes, printf8.o(i._printf_post_padding), UNUSED)
<BR><BR>[Called By]<UL><LI><a href="#[43]">&gt;&gt;</a>&nbsp;&nbsp;&nbsp;_printf_core
</UL>

<P><STRONG><a name="[44]"></a>_printf_pre_padding</STRONG> (Thumb, 46 bytes, Stack size 24 bytes, printf8.o(i._printf_pre_padding), UNUSED)
<BR><BR>[Called By]<UL><LI><a href="#[43]">&gt;&gt;</a>&nbsp;&nbsp;&nbsp;_printf_core
</UL>
<P>
<H3>
Undefined Global Symbols
</H3><HR></body></html>
