Component: ARM Compiler 6.12 Tool: armlink [5d624300]

==============================================================================

Section Cross References

    platform.o(.ARM.exidx.text.stdout_putchar) refers to platform.o(.text.stdout_putchar) for [Anonymous Symbol]
    platform.o(.ARM.exidx.text.stdin_getchar) refers to platform.o(.text.stdin_getchar) for [Anonymous Symbol]
    platform.o(.ARM.exidx.text.platform_init) refers to platform.o(.text.platform_init) for [Anonymous Symbol]
    platform.o(.ARM.exidx.text.fputc) refers to platform.o(.text.fputc) for [Anonymous Symbol]
    main.o(.text) refers (Special) to _printf_c.o(.ARM.Collect$$_printf_percent$$00000013) for _printf_c
    main.o(.text) refers (Special) to _printf_d.o(.ARM.Collect$$_printf_percent$$00000009) for _printf_d
    main.o(.text) refers (Special) to _printf_dec.o(.text) for _printf_int_dec
    main.o(.text) refers (Special) to _printf_percent.o(.ARM.Collect$$_printf_percent$$00000000) for _printf_percent
    main.o(.text) refers (Special) to _printf_str.o(.text) for _printf_str
    main.o(.text.main) refers (Special) to _printf_c.o(.ARM.Collect$$_printf_percent$$00000013) for _printf_c
    main.o(.text.main) refers (Special) to _printf_d.o(.ARM.Collect$$_printf_percent$$00000009) for _printf_d
    main.o(.text.main) refers (Special) to _printf_dec.o(.text) for _printf_int_dec
    main.o(.text.main) refers (Special) to _printf_percent.o(.ARM.Collect$$_printf_percent$$00000000) for _printf_percent
    main.o(.text.main) refers (Special) to _printf_str.o(.text) for _printf_str
    main.o(.text.main) refers to platform.o(.text.platform_init) for platform_init
    main.o(.text.main) refers to puts.o(.text) for puts
    main.o(.text.main) refers to main.o(.rodata..L__const.main.tCFG) for .L__const.main.tCFG
    main.o(.text.main) refers to enhanced_byte_queue.o(.rodata.ENHANCED_BYTE_QUEUE) for ENHANCED_BYTE_QUEUE
    main.o(.text.main) refers to main.o(.bss.s_tQueue) for s_tQueue
    main.o(.text.main) refers to main.o(.rodata.str1.1) for .L.str.1
    main.o(.text.main) refers to noretval__2printf.o(.text) for __2printf
    main.o(.ARM.exidx.text.main) refers (Special) to _printf_c.o(.ARM.Collect$$_printf_percent$$00000013) for _printf_c
    main.o(.ARM.exidx.text.main) refers (Special) to _printf_d.o(.ARM.Collect$$_printf_percent$$00000009) for _printf_d
    main.o(.ARM.exidx.text.main) refers (Special) to _printf_dec.o(.text) for _printf_int_dec
    main.o(.ARM.exidx.text.main) refers (Special) to _printf_percent.o(.ARM.Collect$$_printf_percent$$00000000) for _printf_percent
    main.o(.ARM.exidx.text.main) refers (Special) to _printf_str.o(.text) for _printf_str
    main.o(.ARM.exidx.text.main) refers to main.o(.text.main) for [Anonymous Symbol]
    main.o(.bss.main.s_chQueueBuffer) refers (Special) to _printf_c.o(.ARM.Collect$$_printf_percent$$00000013) for _printf_c
    main.o(.bss.main.s_chQueueBuffer) refers (Special) to _printf_d.o(.ARM.Collect$$_printf_percent$$00000009) for _printf_d
    main.o(.bss.main.s_chQueueBuffer) refers (Special) to _printf_dec.o(.text) for _printf_int_dec
    main.o(.bss.main.s_chQueueBuffer) refers (Special) to _printf_percent.o(.ARM.Collect$$_printf_percent$$00000000) for _printf_percent
    main.o(.bss.main.s_chQueueBuffer) refers (Special) to _printf_str.o(.text) for _printf_str
    main.o(.rodata..L__const.main.tCFG) refers (Special) to _printf_c.o(.ARM.Collect$$_printf_percent$$00000013) for _printf_c
    main.o(.rodata..L__const.main.tCFG) refers (Special) to _printf_d.o(.ARM.Collect$$_printf_percent$$00000009) for _printf_d
    main.o(.rodata..L__const.main.tCFG) refers (Special) to _printf_dec.o(.text) for _printf_int_dec
    main.o(.rodata..L__const.main.tCFG) refers (Special) to _printf_percent.o(.ARM.Collect$$_printf_percent$$00000000) for _printf_percent
    main.o(.rodata..L__const.main.tCFG) refers (Special) to _printf_str.o(.text) for _printf_str
    main.o(.rodata..L__const.main.tCFG) refers to main.o(.bss.main.s_chQueueBuffer) for [Anonymous Symbol]
    main.o(.bss.s_tQueue) refers (Special) to _printf_c.o(.ARM.Collect$$_printf_percent$$00000013) for _printf_c
    main.o(.bss.s_tQueue) refers (Special) to _printf_d.o(.ARM.Collect$$_printf_percent$$00000009) for _printf_d
    main.o(.bss.s_tQueue) refers (Special) to _printf_dec.o(.text) for _printf_int_dec
    main.o(.bss.s_tQueue) refers (Special) to _printf_percent.o(.ARM.Collect$$_printf_percent$$00000000) for _printf_percent
    main.o(.bss.s_tQueue) refers (Special) to _printf_str.o(.text) for _printf_str
    main.o(.rodata.str1.1) refers (Special) to _printf_c.o(.ARM.Collect$$_printf_percent$$00000013) for _printf_c
    main.o(.rodata.str1.1) refers (Special) to _printf_d.o(.ARM.Collect$$_printf_percent$$00000009) for _printf_d
    main.o(.rodata.str1.1) refers (Special) to _printf_dec.o(.text) for _printf_int_dec
[...]
    fseek.o(.text) refers to retarget_io.o(.text._sys_flen) for _sys_flen
    fseek.o(.text) refers to stdio.o(.text) for _seterr
    stdio.o(.text) refers to retarget_io.o(.text._sys_seek) for _sys_seek
    stdio.o(.text) refers to retarget_io.o(.text._sys_write) for _sys_write
    defsig_exit.o(.text) refers to sys_exit.o(.text) for _sys_exit
    defsig_rtred_inner.o(.text) refers to defsig_general.o(.text) for __default_signal_display
    argv_veneer.o(.emb_text) refers to no_argv.o(.text) for __ARM_get_argv
    sys_exit.o(.text) refers (Special) to use_no_semi.o(.text) for __I$use$semihosting
    sys_exit.o(.text) refers (Special) to indicate_semi.o(.text) for __semihosting_library_function
    sys_exit_hlt.o(.text) refers (Special) to use_no_semi.o(.text) for __I$use$semihosting
    sys_exit_hlt.o(.text) refers (Special) to indicate_semi.o(.text) for __semihosting_library_function
    rtexit2.o(.ARM.Collect$$rtexit$$00000003) refers to libshutdown.o(.ARM.Collect$$libshutdown$$00000000) for __rt_lib_shutdown
    rtexit2.o(.ARM.Collect$$rtexit$$00000004) refers to sys_exit.o(.text) for _sys_exit
    rtexit2.o(.ARM.exidx) refers to rtexit2.o(.ARM.Collect$$rtexit$$00000001) for .ARM.Collect$$rtexit$$00000001
    rtexit2.o(.ARM.exidx) refers to rtexit2.o(.ARM.Collect$$rtexit$$00000003) for .ARM.Collect$$rtexit$$00000003
    rtexit2.o(.ARM.exidx) refers to rtexit2.o(.ARM.Collect$$rtexit$$00000004) for .ARM.Collect$$rtexit$$00000004
    maybetermalloc2.o(.text) refers (Special) to term_alloc.o(.text) for _terminate_alloc
    h1_extend.o(.text) refers to h1_free.o(.text) for free
    h1_init_threads.o(.text) refers to mutex_dummy.o(.text) for _mutex_initialize
    h1_extend_threads.o(.text) refers to h1_free_threads.o(.text) for free_internal$concurrent
    ftell.o(.text) refers to rt_errno_addr_intlibspace.o(.text) for __aeabi_errno_addr
    __raise.o(.text) refers to defsig.o(CL$$defsig) for __default_signal_handler
    defsig_general.o(.text) refers to sys_wrch.o(.text) for _ttywrch
    defsig_rtmem_outer.o(.text) refers to defsig_rtmem_inner.o(.text) for __rt_SIGRTMEM_inner
    defsig_rtmem_outer.o(.text) refers to defsig_exit.o(.text) for __sig_exit
    defsig_rtmem_formal.o(.text) refers to rt_raise.o(.text) for __rt_raise
    heapauxa.o(.text) refers to heapauxa.o(.data) for .data
    _get_argv.o(.text) refers (Special) to hrguard.o(.text) for __heap_region$guard
    _get_argv.o(.text) refers to h1_alloc.o(.text) for malloc
    _get_argv.o(.text) refers to defsig_rtmem_outer.o(.text) for __rt_SIGRTMEM
    _get_argv.o(.text) refers to sys_command.o(.text) for _sys_command_string
    _get_argv_nomalloc.o(.text) refers (Special) to hrguard.o(.text) for __heap_region$guard
    _get_argv_nomalloc.o(.text) refers to defsig_rtmem_outer.o(.text) for __rt_SIGRTMEM
    _get_argv_nomalloc.o(.text) refers to sys_command.o(.text) for _sys_command_string
    sys_wrch.o(.text) refers (Special) to use_no_semi.o(.text) for __I$use$semihosting
    sys_wrch.o(.text) refers (Special) to indicate_semi.o(.text) for __semihosting_library_function
    sys_command.o(.text) refers (Special) to use_no_semi.o(.text) for __I$use$semihosting
    sys_command.o(.text) refers (Special) to indicate_semi.o(.text) for __semihosting_library_function
    sys_wrch_hlt.o(.text) refers (Special) to use_no_semi.o(.text) for __I$use$semihosting
    sys_wrch_hlt.o(.text) refers (Special) to indicate_semi.o(.text) for __semihosting_library_function
    sys_command_hlt.o(.text) refers (Special) to use_no_semi.o(.text) for __I$use$semihosting
    sys_command_hlt.o(.text) refers (Special) to indicate_semi.o(.text) for __semihosting_library_function
    rt_errno_addr.o(.text) refers to rt_errno_addr.o(.bss) for __aeabi_errno_addr_data
    rt_errno_addr_intlibspace.o(.text) refers to libspace.o(.bss) for __libspace_start
    term_alloc.o(.text) refers (Special) to libshutdown2.o(.ARM.Collect$$libshutdown$$0000000E) for __rt_lib_shutdown_heap_2
    term_alloc.o(.text) refers to rt_heap_descriptor_intlibspace.o(.text) for __rt_heap_descriptor
    term_alloc.o(.text) refers to h1_final.o(.text) for __Heap_Finalize
    defsig_rtmem_inner.o(.text) refers to defsig_general.o(.text) for __default_signal_display
    defsig.o(CL$$defsig) refers to defsig_rtred_inner.o(.text) for __rt_SIGRTRED_inner
    defsig.o(CL$$defsig) refers to defsig_rtmem_inner.o(.text) for __rt_SIGRTMEM_inner
    libshutdown.o(.ARM.Collect$$libshutdown$$00000000) refers (Special) to libshutdown2.o(.ARM.Collect$$libshutdown$$00000002) for __rt_lib_shutdown_cpp_1
    libshutdown.o(.ARM.Collect$$libshutdown$$00000000) refers (Special) to libshutdown2.o(.ARM.Collect$$libshutdown$$00000007) for __rt_lib_shutdown_fp_trap_1
    libshutdown.o(.ARM.Collect$$libshutdown$$00000000) refers (Special) to libshutdown2.o(.ARM.Collect$$libshutdown$$0000000F) for __rt_lib_shutdown_heap_1
    libshutdown.o(.ARM.Collect$$libshutdown$$00000000) refers (Special) to libshutdown2.o(.ARM.Collect$$libshutdown$$00000010) for __rt_lib_shutdown_return
    libshutdown.o(.ARM.Collect$$libshutdown$$00000000) refers (Special) to libshutdown2.o(.ARM.Collect$$libshutdown$$0000000A) for __rt_lib_shutdown_signal_1
    libshutdown.o(.ARM.Collect$$libshutdown$$00000000) refers (Special) to libshutdown2.o(.ARM.Collect$$libshutdown$$00000004) for __rt_lib_shutdown_stdio_1
    libshutdown.o(.ARM.Collect$$libshutdown$$00000000) refers (Special) to libshutdown2.o(.ARM.Collect$$libshutdown$$0000000C) for __rt_lib_shutdown_user_alloc_1
    defsig_abrt_inner.o(.text) refers to defsig_general.o(.text) for __default_signal_display
    defsig_fpe_inner.o(.text) refers to defsig_general.o(.text) for __default_signal_display
    defsig_stak_inner.o(.text) refers to defsig_general.o(.text) for __default_signal_display
    defsig_pvfn_inner.o(.text) refers to defsig_general.o(.text) for __default_signal_display
    defsig_cppl_inner.o(.text) refers to defsig_general.o(.text) for __default_signal_display
    defsig_segv_inner.o(.text) refers to defsig_general.o(.text) for __default_signal_display
    defsig_other.o(.text) refers to defsig_general.o(.text) for __default_signal_display


==============================================================================

Removing Unused input sections from the image.

    Removing platform.o(.text), (0 bytes).
    Removing platform.o(.ARM.exidx.text.stdout_putchar), (8 bytes).
    Removing platform.o(.text.stdin_getchar), (44 bytes).
    Removing platform.o(.ARM.exidx.text.stdin_getchar), (8 bytes).
    Removing platform.o(.ARM.exidx.text.platform_init), (8 bytes).
    Removing platform.o(.ARM.exidx.text.fputc), (8 bytes).
    Removing main.o(.text), (0 bytes).
    Removing main.o(.ARM.exidx.text.main), (8 bytes).
    Removing main.o(.ARM.use_no_argv), (4 bytes).
    Removing byte_queue.o(.text), (0 bytes).
    Removing byte_queue.o(.ARM.exidx.text.byte_queue_init), (8 bytes).
    Removing byte_queue.o(.ARM.exidx.text.byte_queue_enqueue), (8 bytes).
    Removing byte_queue.o(.ARM.exidx.text.byte_queue_dequeue), (8 bytes).
    Removing byte_queue.o(.ARM.exidx.text.byte_queue_count), (8 bytes).
    Removing byte_queue.o(.ARM.exidx.text.byte_queue_target_get), (8 bytes).
    Removing byte_queue.o(.ARM.exidx.text.byte_queue_target_set), (8 bytes).
    Removing byte_queue.o(.ARM.exidx.text.byte_queue_buffer_get), (8 bytes).
    Removing byte_queue.o(.rodata.BYTE_QUEUE), (24 bytes).
    Removing enhanced_byte_queue.o(.text), (0 bytes).
    Removing enhanced_byte_queue.o(.ARM.exidx.text.enhanced_byte_queue_init), (8 bytes).
    Removing enhanced_byte_queue.o(.ARM.exidx.text.enhanced_byte_queue_enqueue), (8 bytes).
    Removing enhanced_byte_queue.o(.ARM.exidx.text.enhanced_byte_queue_dequeue), (8 bytes).
    Removing enhanced_byte_queue.o(.ARM.exidx.text.enhanced_byte_queue_peek), (8 bytes).
    Removing enhanced_byte_queue.o(.ARM.exidx.text.enhanced_byte_queue_peek_reset), (8 bytes).
    Removing enhanced_byte_queue.o(.ARM.exidx.text.enhanced_byte_queue_peek_get_all_peeked), (8 bytes).
    Removing glcd_fonts.o(.text), (0 bytes).
    Removing glcd_fonts.o(.rodata.Font_6x8_h), (896 bytes).
    Removing glcd_fonts.o(.rodata.GLCD_Font_6x8), (16 bytes).
    Removing glcd_fonts.o(.rodata.Font_16x24_h), (5376 bytes).
    Removing glcd_fonts.o(.rodata.GLCD_Font_16x24), (16 bytes).
    Removing glcd_v2m-mps2.o(.text), (0 bytes).
    Removing glcd_v2m-mps2.o(.text.GLCD_Initialize), (15660 bytes).
    Removing glcd_v2m-mps2.o(.ARM.exidx.text.GLCD_Initialize), (8 bytes).
    Removing glcd_v2m-mps2.o(.text.GLCD_Uninitialize), (4 bytes).
    Removing glcd_v2m-mps2.o(.ARM.exidx.text.GLCD_Uninitialize), (8 bytes).
    Removing glcd_v2m-mps2.o(.text.GLCD_SetForegroundColor), (14 bytes).
    Removing glcd_v2m-mps2.o(.ARM.exidx.text.GLCD_SetForegroundColor), (8 bytes).
    Removing glcd_v2m-mps2.o(.text.GLCD_SetBackgroundColor), (14 bytes).
    Removing glcd_v2m-mps2.o(.ARM.exidx.text.GLCD_SetBackgroundColor), (8 bytes).
    Removing glcd_v2m-mps2.o(.text.GLCD_ClearScreen), (2570 bytes).
    Removing glcd_v2m-mps2.o(.ARM.exidx.text.GLCD_ClearScreen), (8 bytes).
    Removing glcd_v2m-mps2.o(.text.GLCD_SetFont), (14 bytes).
    Removing glcd_v2m-mps2.o(.ARM.exidx.text.GLCD_SetFont), (8 bytes).
    Removing glcd_v2m-mps2.o(.text.GLCD_DrawPixel), (2294 bytes).
    Removing glcd_v2m-mps2.o(.ARM.exidx.text.GLCD_DrawPixel), (8 bytes).
    Removing glcd_v2m-mps2.o(.text.GLCD_DrawHLine), (2616 bytes).
    Removing glcd_v2m-mps2.o(.ARM.exidx.text.GLCD_DrawHLine), (8 bytes).
    Removing glcd_v2m-mps2.o(.text.GLCD_DrawVLine), (2616 bytes).
    Removing glcd_v2m-mps2.o(.ARM.exidx.text.GLCD_DrawVLine), (8 bytes).
    Removing glcd_v2m-mps2.o(.text.GLCD_DrawRectangle), (52 bytes).
    Removing glcd_v2m-mps2.o(.ARM.exidx.text.GLCD_DrawRectangle), (8 bytes).
    Removing glcd_v2m-mps2.o(.text.GLCD_DrawChar), (2886 bytes).
    Removing glcd_v2m-mps2.o(.ARM.exidx.text.GLCD_DrawChar), (8 bytes).
    Removing glcd_v2m-mps2.o(.text.GLCD_DrawString), (52 bytes).
    Removing glcd_v2m-mps2.o(.ARM.exidx.text.GLCD_DrawString), (8 bytes).
    Removing glcd_v2m-mps2.o(.text.GLCD_DrawBargraph), (3052 bytes).
    Removing glcd_v2m-mps2.o(.ARM.exidx.text.GLCD_DrawBargraph), (8 bytes).
    Removing glcd_v2m-mps2.o(.text.GLCD_DrawBitmap), (3196 bytes).
    Removing glcd_v2m-mps2.o(.ARM.exidx.text.GLCD_DrawBitmap), (8 bytes).
    Removing glcd_v2m-mps2.o(.text.GLCD_VScroll), (6 bytes).
    Removing glcd_v2m-mps2.o(.ARM.exidx.text.GLCD_VScroll), (8 bytes).
    Removing glcd_v2m-mps2.o(.text.GLCD_FrameBufferAccess), (2626 bytes).
    Removing glcd_v2m-mps2.o(.ARM.exidx.text.GLCD_FrameBufferAccess), (8 bytes).
    Removing glcd_v2m-mps2.o(.text.GLCD_FrameBufferAddress), (4 bytes).
    Removing glcd_v2m-mps2.o(.ARM.exidx.text.GLCD_FrameBufferAddress), (8 bytes).
    Removing glcd_v2m-mps2.o(.data.background_color), (2 bytes).
    Removing glcd_v2m-mps2.o(.bss..L_MergedGlobals), (8 bytes).
    Removing led_v2m-mps2.o(.text), (0 bytes).
    Removing led_v2m-mps2.o(.text.LED_Initialize), (16 bytes).
    Removing led_v2m-mps2.o(.ARM.exidx.text.LED_Initialize), (8 bytes).
    Removing led_v2m-mps2.o(.text.LED_Uninitialize), (4 bytes).
    Removing led_v2m-mps2.o(.ARM.exidx.text.LED_Uninitialize), (8 bytes).
    Removing led_v2m-mps2.o(.text.LED_On), (28 bytes).
    Removing led_v2m-mps2.o(.ARM.exidx.text.LED_On), (8 bytes).
    Removing led_v2m-mps2.o(.text.LED_Off), (30 bytes).
    Removing led_v2m-mps2.o(.ARM.exidx.text.LED_Off), (8 bytes).
    Removing led_v2m-mps2.o(.text.LED_SetOut), (18 bytes).
    Removing led_v2m-mps2.o(.ARM.exidx.text.LED_SetOut), (8 bytes).
    Removing led_v2m-mps2.o(.text.LED_GetCount), (4 bytes).
    Removing led_v2m-mps2.o(.ARM.exidx.text.LED_GetCount), (8 bytes).
    Removing usart_v2m-mps2.o(.text), (0 bytes).
    Removing usart_v2m-mps2.o(.ARM.exidx.text.UART0RX_Handler), (8 bytes).
    Removing usart_v2m-mps2.o(.ARM.exidx.text.UART0TX_Handler), (8 bytes).
    Removing usart_v2m-mps2.o(.text.USARTx_GetVersion), (10 bytes).
    Removing usart_v2m-mps2.o(.ARM.exidx.text.USARTx_GetVersion), (8 bytes).
    Removing usart_v2m-mps2.o(.text.USART0_GetCapabilities), (6 bytes).
    Removing usart_v2m-mps2.o(.ARM.exidx.text.USART0_GetCapabilities), (8 bytes).
    Removing usart_v2m-mps2.o(.text.USART0_Initialize), (62 bytes).
    Removing usart_v2m-mps2.o(.ARM.exidx.text.USART0_Initialize), (8 bytes).
    Removing usart_v2m-mps2.o(.text.USART0_Uninitialize), (40 bytes).
    Removing usart_v2m-mps2.o(.ARM.exidx.text.USART0_Uninitialize), (8 bytes).
    Removing usart_v2m-mps2.o(.text.USART0_PowerControl), (146 bytes).
    Removing usart_v2m-mps2.o(.ARM.exidx.text.USART0_PowerControl), (8 bytes).
    Removing usart_v2m-mps2.o(.text.USART0_Send), (96 bytes).
    Removing usart_v2m-mps2.o(.ARM.exidx.text.USART0_Send), (8 bytes).
    Removing usart_v2m-mps2.o(.text.USART0_Receive), (88 bytes).
    Removing usart_v2m-mps2.o(.ARM.exidx.text.USART0_Receive), (8 bytes).
    Removing usart_v2m-mps2.o(.text.USART0_Transfer), (6 bytes).
    Removing usart_v2m-mps2.o(.ARM.exidx.text.USART0_Transfer), (8 bytes).
    Removing usart_v2m-mps2.o(.text.USART0_GetTxCount), (12 bytes).
    Removing usart_v2m-mps2.o(.ARM.exidx.text.USART0_GetTxCount), (8 bytes).
    Removing usart_v2m-mps2.o(.text.USART0_GetRxCount), (12 bytes).
    Removing usart_v2m-mps2.o(.ARM.exidx.text.USART0_GetRxCount), (8 bytes).
    Removing usart_v2m-mps2.o(.text.USART0_Control), (302 bytes).
    Removing usart_v2m-mps2.o(.ARM.exidx.text.USART0_Control), (8 bytes).
    Removing usart_v2m-mps2.o(.text.USART0_GetStatus), (52 bytes).
    Removing usart_v2m-mps2.o(.ARM.exidx.text.USART0_GetStatus), (8 bytes).
    Removing usart_v2m-mps2.o(.text.USART0_SetModemControl), (6 bytes).
    Removing usart_v2m-mps2.o(.ARM.exidx.text.USART0_SetModemControl), (8 bytes).
    Removing usart_v2m-mps2.o(.text.USART0_GetModemStatus), (14 bytes).
    Removing usart_v2m-mps2.o(.ARM.exidx.text.USART0_GetModemStatus), (8 bytes).
    Removing usart_v2m-mps2.o(.rodata.Driver_USART0), (56 bytes).
    Removing retarget_io.o(.text), (0 bytes).
    Removing retarget_io.o(.ARM.exidx.text._sys_open), (8 bytes).
    Removing retarget_io.o(.ARM.exidx.text._sys_close), (8 bytes).
    Removing retarget_io.o(.ARM.exidx.text._sys_write), (8 bytes).
    Removing retarget_io.o(.text._sys_read), (20 bytes).
    Removing retarget_io.o(.ARM.exidx.text._sys_read), (8 bytes).
    Removing retarget_io.o(.ARM.exidx.text._sys_istty), (8 bytes).
    Removing retarget_io.o(.ARM.exidx.text._sys_seek), (8 bytes).
    Removing retarget_io.o(.ARM.exidx.text._sys_flen), (8 bytes).
    Removing system_cmsdk_cm3.o(.text), (0 bytes).
    Removing system_cmsdk_cm3.o(.text.SystemCoreClockUpdate), (20 bytes).
    Removing system_cmsdk_cm3.o(.ARM.exidx.text.SystemCoreClockUpdate), (8 bytes).
    Removing system_cmsdk_cm3.o(.ARM.exidx.text.SystemInit), (8 bytes).

125 unused section(s) (total 45638 bytes) removed from the image.

==============================================================================

Image Symbol Table

    Local Symbols

    Symbol Name                              Value     Ov Type        Size  Object(Section)

    ../clib/angel/boardlib.s                 0x00000000   Number         0  boardinit1.o ABSOLUTE
    ../clib/angel/boardlib.s                 0x00000000   Number         0  boardinit2.o ABSOLUTE
    ../clib/angel/boardlib.s                 0x00000000   Number         0  boardinit3.o ABSOLUTE
    ../clib/angel/boardlib.s                 0x00000000   Number         0  boardshut.o ABSOLUTE
    ../clib/angel/handlers.s                 0x00000000   Number         0  __scatter_copy.o ABSOLUTE
    ../clib/angel/handlers.s                 0x00000000   Number         0  __scatter_zi.o ABSOLUTE
    ../clib/angel/kernel.s                   0x00000000   Number         0  __rtentry.o ABSOLUTE
    ../clib/angel/kernel.s                   0x00000000   Number         0  __rtentry2.o ABSOLUTE
    ../clib/angel/kernel.s                   0x00000000   Number         0  __rtentry4.o ABSOLUTE
    ../clib/angel/kernel.s                   0x00000000   Number         0  rtexit.o ABSOLUTE
    ../clib/angel/kernel.s                   0x00000000   Number         0  rtexit2.o ABSOLUTE
    ../clib/angel/rt.s                       0x00000000   Number         0  rt_raise.o ABSOLUTE
    ../clib/angel/rt.s                       0x00000000   Number         0  rt_heap_descriptor.o ABSOLUTE
    ../clib/angel/rt.s                       0x00000000   Number         0  rt_heap_descriptor_intlibspace.o ABSOLUTE
    ../clib/angel/rt.s                       0x00000000   Number         0  rt_errno_addr.o ABSOLUTE
    ../clib/angel/rt.s                       0x00000000   Number         0  rt_errno_addr_intlibspace.o ABSOLUTE
    ../clib/angel/scatter.s                  0x00000000   Number         0  __scatter.o ABSOLUTE
    ../clib/angel/startup.s                  0x00000000   Number         0  __main.o ABSOLUTE
    ../clib/angel/sys.s                      0x00000000   Number         0  mutex_dummy.o ABSOLUTE
    ../clib/angel/sys.s                      0x00000000   Number         0  sys_stackheap_outer.o ABSOLUTE
    ../clib/angel/sys.s                      0x00000000   Number         0  libspace.o ABSOLUTE
    ../clib/angel/sys.s                      0x00000000   Number         0  use_no_semi.o ABSOLUTE
    ../clib/angel/sys.s                      0x00000000   Number         0  indicate_semi.o ABSOLUTE
    ../clib/angel/sysapp.c                   0x00000000   Number         0  sys_exit.o ABSOLUTE
    ../clib/angel/sysapp.c                   0x00000000   Number         0  sys_exit_hlt.o ABSOLUTE
    ../clib/angel/sysapp.c                   0x00000000   Number         0  sys_wrch.o ABSOLUTE
    ../clib/angel/sysapp.c                   0x00000000   Number         0  sys_command.o ABSOLUTE
    ../clib/angel/sysapp.c                   0x00000000   Number         0  sys_wrch_hlt.o ABSOLUTE
    ../clib/angel/sysapp.c                   0x00000000   Number         0  sys_command_hlt.o ABSOLUTE
    ../clib/armsys.c                         0x00000000   Number         0  argv_veneer.o ABSOLUTE
    ../clib/armsys.c                         0x00000000   Number         0  argv_veneer.o ABSOLUTE
    ../clib/armsys.c                         0x00000000   Number         0  _get_argv.o ABSOLUTE
    ../clib/armsys.c                         0x00000000   Number         0  _get_argv_nomalloc.o ABSOLUTE
    ../clib/armsys.c                         0x00000000   Number         0  no_argv.o ABSOLUTE
    ../clib/heap1.c                          0x00000000   Number         0  h1_free.o ABSOLUTE
    ../clib/heap1.c                          0x00000000   Number         0  h1_free_threads.o ABSOLUTE
    ../clib/heap1.c                          0x00000000   Number         0  h1_alloc.o ABSOLUTE
    ../clib/heap1.c                          0x00000000   Number         0  h1_alloc_threads.o ABSOLUTE
    ../clib/heap1.c                          0x00000000   Number         0  h1_init.o ABSOLUTE
    ../clib/heap1.c                          0x00000000   Number         0  h1_extend.o ABSOLUTE
    ../clib/heap1.c                          0x00000000   Number         0  h1_init_threads.o ABSOLUTE
    ../clib/heap1.c                          0x00000000   Number         0  h1_extend_threads.o ABSOLUTE
    ../clib/heap1.c                          0x00000000   Number         0  h1_final.o ABSOLUTE
    ../clib/heap1.c                          0x00000000   Number         0  h1_final_threads.o ABSOLUTE
    ../clib/heap2.c                          0x00000000   Number         0  heap2.o ABSOLUTE
    ../clib/heap2.c                          0x00000000   Number         0  heap2_threads.o ABSOLUTE
    ../clib/heap2.c                          0x00000000   Number         0  fdtree.o ABSOLUTE
    ../clib/heapalloc.c                      0x00000000   Number         0  free.o ABSOLUTE
    ../clib/heapalloc.c                      0x00000000   Number         0  hguard.o ABSOLUTE
    ../clib/heapalloc.c                      0x00000000   Number         0  init_alloc.o ABSOLUTE
    ../clib/heapalloc.c                      0x00000000   Number         0  malloc.o ABSOLUTE
    ../clib/heapalloc.c                      0x00000000   Number         0  heapstubs.o ABSOLUTE
    ../clib/heapalloc.c                      0x00000000   Number         0  hrguard.o ABSOLUTE
    ../clib/heapalloc.c                      0x00000000   Number         0  term_alloc.o ABSOLUTE
    ../clib/heapaux.c                        0x00000000   Number         0  heapauxi.o ABSOLUTE
    ../clib/heapaux.c                        0x00000000   Number         0  heapauxa.o ABSOLUTE
    ../clib/libinit.s                        0x00000000   Number         0  libinit.o ABSOLUTE
    ../clib/libinit.s                        0x00000000   Number         0  libinit2.o ABSOLUTE
    ../clib/libinit.s                        0x00000000   Number         0  libshutdown2.o ABSOLUTE
    ../clib/libinit.s                        0x00000000   Number         0  libshutdown.o ABSOLUTE
    ../clib/maybe.s                          0x00000000   Number         0  maybetermalloc1.o ABSOLUTE
    ../clib/maybe.s                          0x00000000   Number         0  maybetermalloc2.o ABSOLUTE
    ../clib/memcpset.s                       0x00000000   Number         0  strcmpv7m.o ABSOLUTE
    ../clib/memcpset.s                       0x00000000   Number         0  rt_memclr_w.o ABSOLUTE
    ../clib/memcpset.s                       0x00000000   Number         0  rt_memcpy_w.o ABSOLUTE
    ../clib/printf.c                         0x00000000   Number         0  __2printf.o ABSOLUTE
    ../clib/printf.c                         0x00000000   Number         0  noretval__2printf.o ABSOLUTE
    ../clib/printf.c                         0x00000000   Number         0  __printf.o ABSOLUTE
    ../clib/printf.c                         0x00000000   Number         0  _printf_str.o ABSOLUTE
    ../clib/printf.c                         0x00000000   Number         0  _printf_dec.o ABSOLUTE
    ../clib/printf.c                         0x00000000   Number         0  __printf_flags.o ABSOLUTE
    ../clib/printf.c                         0x00000000   Number         0  __printf_ss.o ABSOLUTE
    ../clib/printf.c                         0x00000000   Number         0  __printf_flags_ss.o ABSOLUTE
    ../clib/printf.c                         0x00000000   Number         0  __printf_wp.o ABSOLUTE
    ../clib/printf.c                         0x00000000   Number         0  __printf_flags_wp.o ABSOLUTE
    ../clib/printf.c                         0x00000000   Number         0  __printf_ss_wp.o ABSOLUTE
    ../clib/printf.c                         0x00000000   Number         0  __printf_flags_ss_wp.o ABSOLUTE
    ../clib/printf.c                         0x00000000   Number         0  _printf_intcommon.o ABSOLUTE
    ../clib/printf.c                         0x00000000   Number         0  _printf_char.o ABSOLUTE
    ../clib/printf.c                         0x00000000   Number         0  _printf_char_file.o ABSOLUTE
    ../clib/printf.c                         0x00000000   Number         0  _printf_char_common.o ABSOLUTE
    ../clib/printf.c                         0x00000000   Number         0  __printf_nopercent.o ABSOLUTE
    ../clib/printf_percent.s                 0x00000000   Number         0  _printf_c.o ABSOLUTE
    ../clib/printf_percent.s                 0x00000000   Number         0  _printf_d.o ABSOLUTE
    ../clib/printf_percent.s                 0x00000000   Number         0  _printf_percent.o ABSOLUTE
    ../clib/printf_percent.s                 0x00000000   Number         0  _printf_percent_end.o ABSOLUTE
    ../clib/signal.c                         0x00000000   Number         0  defsig_rtred_outer.o ABSOLUTE
    ../clib/signal.c                         0x00000000   Number         0  defsig_rtred_formal.o ABSOLUTE
    ../clib/signal.c                         0x00000000   Number         0  defsig_exit.o ABSOLUTE
    ../clib/signal.c                         0x00000000   Number         0  defsig_rtred_inner.o ABSOLUTE
    ../clib/signal.c                         0x00000000   Number         0  __raise.o ABSOLUTE
    ../clib/signal.c                         0x00000000   Number         0  defsig_general.o ABSOLUTE
    ../clib/signal.c                         0x00000000   Number         0  defsig_rtmem_outer.o ABSOLUTE
    ../clib/signal.c                         0x00000000   Number         0  defsig_rtmem_formal.o ABSOLUTE
    ../clib/signal.c                         0x00000000   Number         0  defsig_rtmem_inner.o ABSOLUTE
    ../clib/signal.c                         0x00000000   Number         0  defsig_abrt_inner.o ABSOLUTE
    ../clib/signal.c                         0x00000000   Number         0  defsig_fpe_inner.o ABSOLUTE
    ../clib/signal.c                         0x00000000   Number         0  defsig_stak_inner.o ABSOLUTE
    ../clib/signal.c                         0x00000000   Number         0  defsig_pvfn_inner.o ABSOLUTE
    ../clib/signal.c                         0x00000000   Number         0  defsig_cppl_inner.o ABSOLUTE
    ../clib/signal.c                         0x00000000   Number         0  defsig_segv_inner.o ABSOLUTE
    ../clib/signal.c                         0x00000000   Number         0  defsig_other.o ABSOLUTE
    ../clib/signal.s                         0x00000000   Number         0  defsig.o ABSOLUTE
    ../clib/stdio.c                          0x00000000   Number         0  puts.o ABSOLUTE
    ../clib/stdio.c                          0x00000000   Number         0  stdio_streams.o ABSOLUTE
    ../clib/stdio.c                          0x00000000   Number         0  ferror.o ABSOLUTE
    ../clib/stdio.c                          0x00000000   Number         0  initio.o ABSOLUTE
    ../clib/stdio.c                          0x00000000   Number         0  ferror_locked.o ABSOLUTE
    ../clib/stdio.c                          0x00000000   Number         0  initio_locked.o ABSOLUTE
    ../clib/stdio.c                          0x00000000   Number         0  setvbuf.o ABSOLUTE
    ../clib/stdio.c                          0x00000000   Number         0  streamlock.o ABSOLUTE
    ../clib/stdio.c                          0x00000000   Number         0  fopen.o ABSOLUTE
    ../clib/stdio.c                          0x00000000   Number         0  fclose.o ABSOLUTE
    ../clib/stdio.c                          0x00000000   Number         0  setvbuf_locked.o ABSOLUTE
    ../clib/stdio.c                          0x00000000   Number         0  fopen_locked.o ABSOLUTE
    ../clib/stdio.c                          0x00000000   Number         0  fseek.o ABSOLUTE
    ../clib/stdio.c                          0x00000000   Number         0  stdio.o ABSOLUTE
    ../clib/stdio.c                          0x00000000   Number         0  ftell.o ABSOLUTE
    ../clib/stdlib.c                         0x00000000   Number         0  exit.o ABSOLUTE
    ../fplib/fpinit.s                        0x00000000   Number         0  fpinit.o ABSOLUTE
    GLCD_Fonts.c                             0x00000000   Number         0  glcd_fonts.o ABSOLUTE
    GLCD_V2M-MPS2.c                          0x00000000   Number         0  glcd_v2m-mps2.o ABSOLUTE
    LED_V2M-MPS2.c                           0x00000000   Number         0  led_v2m-mps2.o ABSOLUTE
    RTE\Device\CMSDK_CM3\startup_CMSDK_CM3.s 0x00000000   Number         0  startup_cmsdk_cm3.o ABSOLUTE
    USART_V2M-MPS2.c                         0x00000000   Number         0  usart_v2m-mps2.o ABSOLUTE
    byte_queue.c                             0x00000000   Number         0  byte_queue.o ABSOLUTE
    dc.s                                     0x00000000   Number         0  dc.o ABSOLUTE
    enhanced_byte_queue.c                    0x00000000   Number         0  enhanced_byte_queue.o ABSOLUTE
    main.c                                   0x00000000   Number         0  main.o ABSOLUTE
    platform.c                               0x00000000   Number         0  platform.o ABSOLUTE
    retarget_io.c                            0x00000000   Number         0  retarget_io.o ABSOLUTE
    system_CMSDK_CM3.c                       0x00000000   Number         0  system_cmsdk_cm3.o ABSOLUTE
    RESET                                    0x00000000   Section      192  startup_cmsdk_cm3.o(RESET)
    !!!main                                  0x000000c0   Section        8  __main.o(!!!main)
    !!!scatter                               0x000000c8   Section       52  __scatter.o(!!!scatter)
    !!handler_copy                           0x000000fc   Section       26  __scatter_copy.o(!!handler_copy)
    !!handler_zi                             0x00000118   Section       28  __scatter_zi.o(!!handler_zi)
    .ARM.Collect$$_printf_percent$$00000000  0x00000134   Section        0  _printf_percent.o(.ARM.Collect$$_printf_percent$$00000000)
    .ARM.Collect$$_printf_percent$$00000009  0x00000134   Section        6  _printf_d.o(.ARM.Collect$$_printf_percent$$00000009)
    .ARM.Collect$$_printf_percent$$00000013  0x0000013a   Section        6  _printf_c.o(.ARM.Collect$$_printf_percent$$00000013)
    .ARM.Collect$$_printf_percent$$00000017  0x00000140   Section        4  _printf_percent_end.o(.ARM.Collect$$_printf_percent$$00000017)
    .ARM.Collect$$libinit$$00000000          0x00000144   Section        2  libinit.o(.ARM.Collect$$libinit$$00000000)
    .ARM.Collect$$libinit$$00000002          0x00000146   Section        0  libinit2.o(.ARM.Collect$$libinit$$00000002)
    .ARM.Collect$$libinit$$00000004          0x00000146   Section        0  libinit2.o(.ARM.Collect$$libinit$$00000004)
    .ARM.Collect$$libinit$$00000005          0x00000146   Section        8  libinit2.o(.ARM.Collect$$libinit$$00000005)
    .ARM.Collect$$libinit$$0000000A          0x0000014e   Section        0  libinit2.o(.ARM.Collect$$libinit$$0000000A)
    .ARM.Collect$$libinit$$0000000C          0x0000014e   Section        0  libinit2.o(.ARM.Collect$$libinit$$0000000C)
    .ARM.Collect$$libinit$$0000000E          0x0000014e   Section        0  libinit2.o(.ARM.Collect$$libinit$$0000000E)
    .ARM.Collect$$libinit$$00000011          0x0000014e   Section        0  libinit2.o(.ARM.Collect$$libinit$$00000011)
    .ARM.Collect$$libinit$$00000013          0x0000014e   Section        0  libinit2.o(.ARM.Collect$$libinit$$00000013)
    .ARM.Collect$$libinit$$00000015          0x0000014e   Section        0  libinit2.o(.ARM.Collect$$libinit$$00000015)
    .ARM.Collect$$libinit$$00000017          0x0000014e   Section        0  libinit2.o(.ARM.Collect$$libinit$$00000017)
    .ARM.Collect$$libinit$$00000019          0x0000014e   Section        0  libinit2.o(.ARM.Collect$$libinit$$00000019)
    .ARM.Collect$$libinit$$0000001B          0x0000014e   Section        0  libinit2.o(.ARM.Collect$$libinit$$0000001B)
    .ARM.Collect$$libinit$$0000001D          0x0000014e   Section        0  libinit2.o(.ARM.Collect$$libinit$$0000001D)
    .ARM.Collect$$libinit$$0000001F          0x0000014e   Section        0  libinit2.o(.ARM.Collect$$libinit$$0000001F)
    .ARM.Collect$$libinit$$00000021          0x0000014e   Section        0  libinit2.o(.ARM.Collect$$libinit$$00000021)
    .ARM.Collect$$libinit$$00000023          0x0000014e   Section        0  libinit2.o(.ARM.Collect$$libinit$$00000023)
    .ARM.Collect$$libinit$$00000024          0x0000014e   Section        4  libinit2.o(.ARM.Collect$$libinit$$00000024)
    .ARM.Collect$$libinit$$00000025          0x00000152   Section        0  libinit2.o(.ARM.Collect$$libinit$$00000025)
    .ARM.Collect$$libinit$$0000002C          0x00000152   Section        0  libinit2.o(.ARM.Collect$$libinit$$0000002C)
    .ARM.Collect$$libinit$$0000002E          0x00000152   Section        0  libinit2.o(.ARM.Collect$$libinit$$0000002E)
    .ARM.Collect$$libinit$$00000030          0x00000152   Section        0  libinit2.o(.ARM.Collect$$libinit$$00000030)
    .ARM.Collect$$libinit$$00000032          0x00000152   Section        0  libinit2.o(.ARM.Collect$$libinit$$00000032)
    .ARM.Collect$$libinit$$00000033          0x00000152   Section        2  libinit2.o(.ARM.Collect$$libinit$$00000033)
    .ARM.Collect$$libshutdown$$00000000      0x00000154   Section        2  libshutdown.o(.ARM.Collect$$libshutdown$$00000000)
    .ARM.Collect$$libshutdown$$00000002      0x00000156   Section        0  libshutdown2.o(.ARM.Collect$$libshutdown$$00000002)
    .ARM.Collect$$libshutdown$$00000003      0x00000156   Section        4  libshutdown2.o(.ARM.Collect$$libshutdown$$00000003)
    .ARM.Collect$$libshutdown$$00000004      0x0000015a   Section        0  libshutdown2.o(.ARM.Collect$$libshutdown$$00000004)
    .ARM.Collect$$libshutdown$$00000007      0x0000015a   Section        0  libshutdown2.o(.ARM.Collect$$libshutdown$$00000007)
    .ARM.Collect$$libshutdown$$0000000A      0x0000015a   Section        0  libshutdown2.o(.ARM.Collect$$libshutdown$$0000000A)
    .ARM.Collect$$libshutdown$$0000000C      0x0000015a   Section        0  libshutdown2.o(.ARM.Collect$$libshutdown$$0000000C)
    .ARM.Collect$$libshutdown$$0000000F      0x0000015a   Section        0  libshutdown2.o(.ARM.Collect$$libshutdown$$0000000F)
    .ARM.Collect$$libshutdown$$00000010      0x0000015a   Section        2  libshutdown2.o(.ARM.Collect$$libshutdown$$00000010)
    .ARM.Collect$$rtentry$$00000000          0x0000015c   Section        0  __rtentry.o(.ARM.Collect$$rtentry$$00000000)
    .ARM.Collect$$rtentry$$00000002          0x0000015c   Section        0  __rtentry2.o(.ARM.Collect$$rtentry$$00000002)
    .ARM.Collect$$rtentry$$00000004          0x0000015c   Section        6  __rtentry4.o(.ARM.Collect$$rtentry$$00000004)
    .ARM.Collect$$rtentry$$00000009          0x00000162   Section        0  __rtentry2.o(.ARM.Collect$$rtentry$$00000009)
    .ARM.Collect$$rtentry$$0000000A          0x00000162   Section        4  __rtentry2.o(.ARM.Collect$$rtentry$$0000000A)
    .ARM.Collect$$rtentry$$0000000C          0x00000166   Section        0  __rtentry2.o(.ARM.Collect$$rtentry$$0000000C)
    .ARM.Collect$$rtentry$$0000000D          0x00000166   Section        8  __rtentry2.o(.ARM.Collect$$rtentry$$0000000D)
    .ARM.Collect$$rtexit$$00000000           0x0000016e   Section        2  rtexit.o(.ARM.Collect$$rtexit$$00000000)
    .ARM.Collect$$rtexit$$00000002           0x00000170   Section        0  rtexit2.o(.ARM.Collect$$rtexit$$00000002)
    .ARM.Collect$$rtexit$$00000003           0x00000170   Section        4  rtexit2.o(.ARM.Collect$$rtexit$$00000003)
    .ARM.Collect$$rtexit$$00000004           0x00000174   Section        6  rtexit2.o(.ARM.Collect$$rtexit$$00000004)
    .text                                    0x0000017c   Section       64  startup_cmsdk_cm3.o(.text)
    .text                                    0x000001bc   Section        0  noretval__2printf.o(.text)
    .text                                    0x000001d4   Section        0  __printf.o(.text)
    .text                                    0x0000023c   Section        0  _printf_str.o(.text)
    .text                                    0x00000290   Section        0  _printf_dec.o(.text)
    .text                                    0x00000308   Section        0  puts.o(.text)
    .text                                    0x00000334   Section      128  strcmpv7m.o(.text)
    .text                                    0x000003b4   Section        0  heapauxi.o(.text)
    .text                                    0x000003ba   Section        0  _printf_intcommon.o(.text)
    .text                                    0x0000046c   Section        0  _printf_char.o(.text)
    .text                                    0x00000498   Section        0  _printf_char_file.o(.text)
    _printf_input_char                       0x000004bd   Thumb Code    10  _printf_char_common.o(.text)
    .text                                    0x000004bc   Section        0  _printf_char_common.o(.text)
    .text                                    0x000004ec   Section        0  ferror.o(.text)
    .text                                    0x000004f4   Section        0  initio.o(.text)
    .text                                    0x0000062c   Section       74  sys_stackheap_outer.o(.text)
    .text                                    0x00000676   Section        0  h1_free.o(.text)
    .text                                    0x000006c4   Section        0  setvbuf.o(.text)
    _freopen_locked                          0x0000070d   Thumb Code     0  fopen.o(.text)
    .text                                    0x0000070c   Section        0  fopen.o(.text)
    .text                                    0x000007f8   Section        0  fclose.o(.text)
    .text                                    0x00000844   Section        0  exit.o(.text)
    .text                                    0x00000856   Section        0  defsig_rtred_outer.o(.text)
    .text                                    0x00000864   Section       78  rt_memclr_w.o(.text)
    .text                                    0x000008b4   Section        8  libspace.o(.text)
    .text                                    0x000008bc   Section        8  rt_heap_descriptor_intlibspace.o(.text)
    .text                                    0x000008c4   Section        0  hguard.o(.text)
    .text                                    0x000008c8   Section        0  init_alloc.o(.text)
    .text                                    0x00000952   Section        0  h1_alloc.o(.text)
    .text                                    0x000009b0   Section        0  fseek.o(.text)
    .text                                    0x00000aa8   Section        0  stdio.o(.text)
    .text                                    0x00000b98   Section        0  defsig_exit.o(.text)
    .text                                    0x00000ba4   Section        0  defsig_rtred_inner.o(.text)
    .text                                    0x00000bd8   Section        0  sys_exit.o(.text)
    .text                                    0x00000be4   Section        0  maybetermalloc1.o(.text)
    .text                                    0x00000be4   Section        0  h1_init.o(.text)
    .text                                    0x00000bf2   Section        0  h1_extend.o(.text)
    .text                                    0x00000c26   Section        0  ftell.o(.text)
    .text                                    0x00000c68   Section        0  defsig_general.o(.text)
    .text                                    0x00000c9a   Section        0  defsig_rtmem_outer.o(.text)
    .text                                    0x00000ca8   Section        0  sys_wrch.o(.text)
    .text                                    0x00000cb6   Section        2  use_no_semi.o(.text)
    .text                                    0x00000cb8   Section        0  indicate_semi.o(.text)
    .text                                    0x00000cb8   Section        8  rt_errno_addr_intlibspace.o(.text)
    .text                                    0x00000cc0   Section        0  defsig_rtmem_inner.o(.text)
    [Anonymous Symbol]                       0x00000d10   Section        0  system_cmsdk_cm3.o(.text.SystemInit)
    [Anonymous Symbol]                       0x00000d24   Section        0  usart_v2m-mps2.o(.text.UART0RX_Handler)
    [Anonymous Symbol]                       0x00000d6c   Section        0  usart_v2m-mps2.o(.text.UART0TX_Handler)
    [Anonymous Symbol]                       0x00000db4   Section        0  retarget_io.o(.text._sys_close)
    [Anonymous Symbol]                       0x00000dc8   Section        0  retarget_io.o(.text._sys_flen)
    [Anonymous Symbol]                       0x00000dcc   Section        0  retarget_io.o(.text._sys_istty)
    [Anonymous Symbol]                       0x00000ddc   Section        0  retarget_io.o(.text._sys_open)
    [Anonymous Symbol]                       0x00000e3c   Section        0  retarget_io.o(.text._sys_seek)
    [Anonymous Symbol]                       0x00000e44   Section        0  retarget_io.o(.text._sys_write)
    [Anonymous Symbol]                       0x00000e78   Section        0  byte_queue.o(.text.byte_queue_buffer_get)
    [Anonymous Symbol]                       0x00000e84   Section        0  byte_queue.o(.text.byte_queue_count)
    [Anonymous Symbol]                       0x00000e88   Section        0  byte_queue.o(.text.byte_queue_dequeue)
    [Anonymous Symbol]                       0x00000ecc   Section        0  byte_queue.o(.text.byte_queue_enqueue)
    [Anonymous Symbol]                       0x00000f00   Section        0  byte_queue.o(.text.byte_queue_init)
    [Anonymous Symbol]                       0x00000f2c   Section        0  byte_queue.o(.text.byte_queue_target_get)
    [Anonymous Symbol]                       0x00000f30   Section        0  byte_queue.o(.text.byte_queue_target_set)
    [Anonymous Symbol]                       0x00000f34   Section        0  enhanced_byte_queue.o(.text.enhanced_byte_queue_dequeue)
    [Anonymous Symbol]                       0x00000f4c   Section        0  enhanced_byte_queue.o(.text.enhanced_byte_queue_enqueue)
    [Anonymous Symbol]                       0x00000f68   Section        0  enhanced_byte_queue.o(.text.enhanced_byte_queue_init)
    [Anonymous Symbol]                       0x00000f80   Section        0  enhanced_byte_queue.o(.text.enhanced_byte_queue_peek)
    [Anonymous Symbol]                       0x00000fcc   Section        0  enhanced_byte_queue.o(.text.enhanced_byte_queue_peek_get_all_peeked)
    [Anonymous Symbol]                       0x00000fd4   Section        0  enhanced_byte_queue.o(.text.enhanced_byte_queue_peek_reset)
    [Anonymous Symbol]                       0x00000fdc   Section        0  platform.o(.text.fputc)
    [Anonymous Symbol]                       0x00001030   Section        0  main.o(.text.main)
    [Anonymous Symbol]                       0x00001180   Section        0  platform.o(.text.platform_init)
    [Anonymous Symbol]                       0x00001198   Section        0  platform.o(.text.stdout_putchar)
    .L__const.main.tCFG                      0x000011e8   Data          12  main.o(.rodata..L__const.main.tCFG)
    .L.str.1                                 0x00001247   Data          34  main.o(.rodata.str1.1)
    [Anonymous Symbol]                       0x00001247   Section        0  main.o(.rodata.str1.1)
    .data                                    0x20000000   Section        4  stdio_streams.o(.data)
    .data                                    0x20000004   Section        4  stdio_streams.o(.data)
    .data                                    0x20000008   Section        4  stdio_streams.o(.data)
    .bss                                     0x20000010   Section       84  stdio_streams.o(.bss)
    .bss                                     0x20000064   Section       84  stdio_streams.o(.bss)
    .bss                                     0x200000b8   Section       84  stdio_streams.o(.bss)
    .bss                                     0x2000010c   Section       96  libspace.o(.bss)
    .L_MergedGlobals                         0x2000016c   Data          40  usart_v2m-mps2.o(.bss..L_MergedGlobals)
    USART0_Info.2                            0x2000016c   Data           1  usart_v2m-mps2.o(.bss..L_MergedGlobals)
    [Anonymous Symbol]                       0x2000016c   Section        0  usart_v2m-mps2.o(.bss..L_MergedGlobals)
    USART0_Info.1.0                          0x20000170   Data           1  usart_v2m-mps2.o(.bss..L_MergedGlobals)
    USART0_Info.1.1                          0x20000174   Data           1  usart_v2m-mps2.o(.bss..L_MergedGlobals)
    USART0_Info.0                            0x20000178   Data           4  usart_v2m-mps2.o(.bss..L_MergedGlobals)
    USART0_TransferInfo                      0x2000017c   Data          24  usart_v2m-mps2.o(.bss..L_MergedGlobals)
    main.s_chQueueBuffer                     0x20000194   Data         256  main.o(.bss.main.s_chQueueBuffer)
    [Anonymous Symbol]                       0x20000194   Section        0  main.o(.bss.main.s_chQueueBuffer)
    s_tQueue                                 0x20000294   Data          24  main.o(.bss.s_tQueue)
    [Anonymous Symbol]                       0x20000294   Section        0  main.o(.bss.s_tQueue)
    Heap_Mem                                 0x200002b0   Data        3072  startup_cmsdk_cm3.o(HEAP)
    HEAP                                     0x200002b0   Section     3072  startup_cmsdk_cm3.o(HEAP)
    Stack_Mem                                0x20000eb0   Data        1024  startup_cmsdk_cm3.o(STACK)
    STACK                                    0x20000eb0   Section     1024  startup_cmsdk_cm3.o(STACK)
    __initial_sp                             0x200012b0   Data           0  startup_cmsdk_cm3.o(STACK)

    Global Symbols

    Symbol Name                              Value     Ov Type        Size  Object(Section)

    BuildAttributes$$THM_ISAv4$P$D$K$B$S$PE$A:L22UL41UL21$X:L11$S22US41US21$IEEE1$IW$~IW$USESV6$~STKCKD$USESV7$~SHL$OTIME$ROPI$EBA8$UX$STANDARDLIB$REQ8$PRES8$EABIv2 0x00000000   Number         0  anon$$obj.o ABSOLUTE
    __Vectors                                0x00000000   Data           4  startup_cmsdk_cm3.o(RESET)
    __ARM_exceptions_init                     - Undefined Weak Reference
    __alloca_initialize                       - Undefined Weak Reference
    __arm_preinit_                            - Undefined Weak Reference
    __cpp_initialize__aeabi_                  - Undefined Weak Reference
    __cxa_finalize                            - Undefined Weak Reference
    __rt_locale                               - Undefined Weak Reference
    __sigvec_lookup                           - Undefined Weak Reference
    __user_heap_extent                        - Undefined Weak Reference
    _atexit_init                              - Undefined Weak Reference
    _call_atexit_fns                          - Undefined Weak Reference
    _clock_init                               - Undefined Weak Reference
    _fp_trap_init                             - Undefined Weak Reference
    _fp_trap_shutdown                         - Undefined Weak Reference
    _get_lc_collate                           - Undefined Weak Reference
    _get_lc_ctype                             - Undefined Weak Reference
    _get_lc_monetary                          - Undefined Weak Reference
    _get_lc_numeric                           - Undefined Weak Reference
    _get_lc_time                              - Undefined Weak Reference
    _getenv_init                              - Undefined Weak Reference
    _handle_redirection                       - Undefined Weak Reference
    _mutex_acquire                            - Undefined Weak Reference
    _mutex_free                               - Undefined Weak Reference
    _mutex_release                            - Undefined Weak Reference
    _printf_mbtowc                            - Undefined Weak Reference
    _printf_post_padding                      - Undefined Weak Reference
    _printf_pre_padding                       - Undefined Weak Reference
    _printf_truncate_signed                   - Undefined Weak Reference
    _printf_truncate_unsigned                 - Undefined Weak Reference
    _rand_init                                - Undefined Weak Reference
    _signal_finish                            - Undefined Weak Reference
    _signal_init                              - Undefined Weak Reference
    __Vectors_End                            0x000000c0   Data           0  startup_cmsdk_cm3.o(RESET)
    __Vectors_Size                           0x000000c0   Number         0  startup_cmsdk_cm3.o ABSOLUTE
    __main                                   0x000000c1   Thumb Code     8  __main.o(!!!main)
    __scatterload                            0x000000c9   Thumb Code     0  __scatter.o(!!!scatter)
    __scatterload_rt2                        0x000000c9   Thumb Code    44  __scatter.o(!!!scatter)
    __scatterload_rt2_thumb_only             0x000000c9   Thumb Code     0  __scatter.o(!!!scatter)
    __scatterload_null                       0x000000d7   Thumb Code     0  __scatter.o(!!!scatter)
    __scatterload_copy                       0x000000fd   Thumb Code    26  __scatter_copy.o(!!handler_copy)
    __scatterload_zeroinit                   0x00000119   Thumb Code    28  __scatter_zi.o(!!handler_zi)
    _printf_d                                0x00000135   Thumb Code     0  _printf_d.o(.ARM.Collect$$_printf_percent$$00000009)
    _printf_percent                          0x00000135   Thumb Code     0  _printf_percent.o(.ARM.Collect$$_printf_percent$$00000000)
    _printf_c                                0x0000013b   Thumb Code     0  _printf_c.o(.ARM.Collect$$_printf_percent$$00000013)
    _printf_percent_end                      0x00000141   Thumb Code     0  _printf_percent_end.o(.ARM.Collect$$_printf_percent$$00000017)
    __rt_lib_init                            0x00000145   Thumb Code     0  libinit.o(.ARM.Collect$$libinit$$00000000)
    __rt_lib_init_fp_1                       0x00000147   Thumb Code     0  libinit2.o(.ARM.Collect$$libinit$$00000002)
    __rt_lib_init_heap_2                     0x00000147   Thumb Code     0  libinit2.o(.ARM.Collect$$libinit$$00000005)
    __rt_lib_init_preinit_1                  0x00000147   Thumb Code     0  libinit2.o(.ARM.Collect$$libinit$$00000004)
    __rt_lib_init_atexit_1                   0x0000014f   Thumb Code     0  libinit2.o(.ARM.Collect$$libinit$$0000001B)
    __rt_lib_init_clock_1                    0x0000014f   Thumb Code     0  libinit2.o(.ARM.Collect$$libinit$$00000021)
    __rt_lib_init_fp_trap_1                  0x0000014f   Thumb Code     0  libinit2.o(.ARM.Collect$$libinit$$0000001F)
    __rt_lib_init_getenv_1                   0x0000014f   Thumb Code     0  libinit2.o(.ARM.Collect$$libinit$$00000023)
    __rt_lib_init_heap_1                     0x0000014f   Thumb Code     0  libinit2.o(.ARM.Collect$$libinit$$0000000A)
    __rt_lib_init_lc_collate_1               0x0000014f   Thumb Code     0  libinit2.o(.ARM.Collect$$libinit$$00000011)
    __rt_lib_init_lc_ctype_1                 0x0000014f   Thumb Code     0  libinit2.o(.ARM.Collect$$libinit$$00000013)
    __rt_lib_init_lc_monetary_1              0x0000014f   Thumb Code     0  libinit2.o(.ARM.Collect$$libinit$$00000015)
    __rt_lib_init_lc_numeric_1               0x0000014f   Thumb Code     0  libinit2.o(.ARM.Collect$$libinit$$00000017)
    __rt_lib_init_lc_time_1                  0x0000014f   Thumb Code     0  libinit2.o(.ARM.Collect$$libinit$$00000019)
    __rt_lib_init_rand_1                     0x0000014f   Thumb Code     0  libinit2.o(.ARM.Collect$$libinit$$0000000E)
    __rt_lib_init_signal_1                   0x0000014f   Thumb Code     0  libinit2.o(.ARM.Collect$$libinit$$0000001D)
    __rt_lib_init_stdio_2                    0x0000014f   Thumb Code     0  libinit2.o(.ARM.Collect$$libinit$$00000024)
    __rt_lib_init_user_alloc_1               0x0000014f   Thumb Code     0  libinit2.o(.ARM.Collect$$libinit$$0000000C)
    __rt_lib_init_alloca_1                   0x00000153   Thumb Code     0  libinit2.o(.ARM.Collect$$libinit$$0000002E)
    __rt_lib_init_argv_1                     0x00000153   Thumb Code     0  libinit2.o(.ARM.Collect$$libinit$$0000002C)
    __rt_lib_init_cpp_1                      0x00000153   Thumb Code     0  libinit2.o(.ARM.Collect$$libinit$$00000032)
    __rt_lib_init_exceptions_1               0x00000153   Thumb Code     0  libinit2.o(.ARM.Collect$$libinit$$00000030)
    __rt_lib_init_return                     0x00000153   Thumb Code     0  libinit2.o(.ARM.Collect$$libinit$$00000033)
    __rt_lib_init_stdio_1                    0x00000153   Thumb Code     0  libinit2.o(.ARM.Collect$$libinit$$00000025)
    __rt_lib_shutdown                        0x00000155   Thumb Code     0  libshutdown.o(.ARM.Collect$$libshutdown$$00000000)
    __rt_lib_shutdown_cpp_1                  0x00000157   Thumb Code     0  libshutdown2.o(.ARM.Collect$$libshutdown$$00000002)
    __rt_lib_shutdown_stdio_2                0x00000157   Thumb Code     0  libshutdown2.o(.ARM.Collect$$libshutdown$$00000003)
    __rt_lib_shutdown_fp_trap_1              0x0000015b   Thumb Code     0  libshutdown2.o(.ARM.Collect$$libshutdown$$00000007)
    __rt_lib_shutdown_heap_1                 0x0000015b   Thumb Code     0  libshutdown2.o(.ARM.Collect$$libshutdown$$0000000F)
    __rt_lib_shutdown_return                 0x0000015b   Thumb Code     0  libshutdown2.o(.ARM.Collect$$libshutdown$$00000010)
    __rt_lib_shutdown_signal_1               0x0000015b   Thumb Code     0  libshutdown2.o(.ARM.Collect$$libshutdown$$0000000A)
    __rt_lib_shutdown_stdio_1                0x0000015b   Thumb Code     0  libshutdown2.o(.ARM.Collect$$libshutdown$$00000004)
    __rt_lib_shutdown_user_alloc_1           0x0000015b   Thumb Code     0  libshutdown2.o(.ARM.Collect$$libshutdown$$0000000C)
    __rt_entry                               0x0000015d   Thumb Code     0  __rtentry.o(.ARM.Collect$$rtentry$$00000000)
    __rt_entry_presh_1                       0x0000015d   Thumb Code     0  __rtentry2.o(.ARM.Collect$$rtentry$$00000002)
    __rt_entry_sh                            0x0000015d   Thumb Code     0  __rtentry4.o(.ARM.Collect$$rtentry$$00000004)
    __rt_entry_li                            0x00000163   Thumb Code     0  __rtentry2.o(.ARM.Collect$$rtentry$$0000000A)
    __rt_entry_postsh_1                      0x00000163   Thumb Code     0  __rtentry2.o(.ARM.Collect$$rtentry$$00000009)
    __rt_entry_main                          0x00000167   Thumb Code     0  __rtentry2.o(.ARM.Collect$$rtentry$$0000000D)
    __rt_entry_postli_1                      0x00000167   Thumb Code     0  __rtentry2.o(.ARM.Collect$$rtentry$$0000000C)
    __rt_exit                                0x0000016f   Thumb Code     0  rtexit.o(.ARM.Collect$$rtexit$$00000000)
    __rt_exit_ls                             0x00000171   Thumb Code     0  rtexit2.o(.ARM.Collect$$rtexit$$00000003)
    __rt_exit_prels_1                        0x00000171   Thumb Code     0  rtexit2.o(.ARM.Collect$$rtexit$$00000002)
    __rt_exit_exit                           0x00000175   Thumb Code     0  rtexit2.o(.ARM.Collect$$rtexit$$00000004)
    Reset_Handler                            0x0000017d   Thumb Code     8  startup_cmsdk_cm3.o(.text)
    NMI_Handler                              0x00000185   Thumb Code     2  startup_cmsdk_cm3.o(.text)
    HardFault_Handler                        0x00000187   Thumb Code     2  startup_cmsdk_cm3.o(.text)
    MemManage_Handler                        0x00000189   Thumb Code     2  startup_cmsdk_cm3.o(.text)
    BusFault_Handler                         0x0000018b   Thumb Code     2  startup_cmsdk_cm3.o(.text)
    UsageFault_Handler                       0x0000018d   Thumb Code     2  startup_cmsdk_cm3.o(.text)
    SVC_Handler                              0x0000018f   Thumb Code     2  startup_cmsdk_cm3.o(.text)
    DebugMon_Handler                         0x00000191   Thumb Code     2  startup_cmsdk_cm3.o(.text)
    PendSV_Handler                           0x00000193   Thumb Code     2  startup_cmsdk_cm3.o(.text)
    SysTick_Handler                          0x00000195   Thumb Code     2  startup_cmsdk_cm3.o(.text)
    DUALTIMER_Handler                        0x00000197   Thumb Code     0  startup_cmsdk_cm3.o(.text)
    ETHERNET_Handler                         0x00000197   Thumb Code     0  startup_cmsdk_cm3.o(.text)
    GPIO0ALL_Handler                         0x00000197   Thumb Code     0  startup_cmsdk_cm3.o(.text)
    GPIO0_0_Handler                          0x00000197   Thumb Code     0  startup_cmsdk_cm3.o(.text)
    GPIO0_1_Handler                          0x00000197   Thumb Code     0  startup_cmsdk_cm3.o(.text)
    GPIO0_2_Handler                          0x00000197   Thumb Code     0  startup_cmsdk_cm3.o(.text)
    GPIO0_3_Handler                          0x00000197   Thumb Code     0  startup_cmsdk_cm3.o(.text)
    GPIO0_4_Handler                          0x00000197   Thumb Code     0  startup_cmsdk_cm3.o(.text)
    GPIO0_5_Handler                          0x00000197   Thumb Code     0  startup_cmsdk_cm3.o(.text)
    GPIO0_6_Handler                          0x00000197   Thumb Code     0  startup_cmsdk_cm3.o(.text)
    GPIO0_7_Handler                          0x00000197   Thumb Code     0  startup_cmsdk_cm3.o(.text)
    GPIO1ALL_Handler                         0x00000197   Thumb Code     0  startup_cmsdk_cm3.o(.text)
    GPIO2_Handler                            0x00000197   Thumb Code     0  startup_cmsdk_cm3.o(.text)
    GPIO3_Handler                            0x00000197   Thumb Code     0  startup_cmsdk_cm3.o(.text)
    I2S_Handler                              0x00000197   Thumb Code     0  startup_cmsdk_cm3.o(.text)
    SPI_0_1_Handler                          0x00000197   Thumb Code     0  startup_cmsdk_cm3.o(.text)
    SPI_2_Handler                            0x00000197   Thumb Code     0  startup_cmsdk_cm3.o(.text)
    SPI_3_4_Handler                          0x00000197   Thumb Code     0  startup_cmsdk_cm3.o(.text)
    TIMER0_Handler                           0x00000197   Thumb Code     0  startup_cmsdk_cm3.o(.text)
    TIMER1_Handler                           0x00000197   Thumb Code     0  startup_cmsdk_cm3.o(.text)
    TOUCHSCREEN_Handler                      0x00000197   Thumb Code     0  startup_cmsdk_cm3.o(.text)
    UART1RX_Handler                          0x00000197   Thumb Code     0  startup_cmsdk_cm3.o(.text)
    UART1TX_Handler                          0x00000197   Thumb Code     0  startup_cmsdk_cm3.o(.text)
    UART2RX_Handler                          0x00000197   Thumb Code     0  startup_cmsdk_cm3.o(.text)
    UART2TX_Handler                          0x00000197   Thumb Code     0  startup_cmsdk_cm3.o(.text)
    UART3RX_Handler                          0x00000197   Thumb Code     0  startup_cmsdk_cm3.o(.text)
    UART3TX_Handler                          0x00000197   Thumb Code     0  startup_cmsdk_cm3.o(.text)
    UART4RX_Handler                          0x00000197   Thumb Code     0  startup_cmsdk_cm3.o(.text)
    UART4TX_Handler                          0x00000197   Thumb Code     0  startup_cmsdk_cm3.o(.text)
    UART_0_1_2_OVF_Handler                   0x00000197   Thumb Code     0  startup_cmsdk_cm3.o(.text)
    __user_initial_stackheap                 0x00000199   Thumb Code    10  startup_cmsdk_cm3.o(.text)
    __2printf                                0x000001bd   Thumb Code    20  noretval__2printf.o(.text)
    __printf                                 0x000001d5   Thumb Code   104  __printf.o(.text)
    _printf_str                              0x0000023d   Thumb Code    82  _printf_str.o(.text)
    _printf_int_dec                          0x00000291   Thumb Code   104  _printf_dec.o(.text)
    puts                                     0x00000309   Thumb Code    40  puts.o(.text)
    strcmp                                   0x00000335   Thumb Code   128  strcmpv7m.o(.text)
    __use_two_region_memory                  0x000003b5   Thumb Code     2  heapauxi.o(.text)
    __rt_heap_escrow                         0x000003b7   Thumb Code     2  heapauxi.o(.text)
    __rt_heap_expand                         0x000003b9   Thumb Code     2  heapauxi.o(.text)
    _printf_int_common                       0x000003bb   Thumb Code   178  _printf_intcommon.o(.text)
    _printf_cs_common                        0x0000046d   Thumb Code    20  _printf_char.o(.text)
    _printf_char                             0x00000481   Thumb Code    16  _printf_char.o(.text)
    _printf_string                           0x00000491   Thumb Code     8  _printf_char.o(.text)
    _printf_char_file                        0x00000499   Thumb Code    32  _printf_char_file.o(.text)
    _printf_char_common                      0x000004c7   Thumb Code    32  _printf_char_common.o(.text)
    ferror                                   0x000004ed   Thumb Code     8  ferror.o(.text)
    _initio                                  0x000004f5   Thumb Code   210  initio.o(.text)
    _terminateio                             0x000005c7   Thumb Code    56  initio.o(.text)
    __user_setup_stackheap                   0x0000062d   Thumb Code    74  sys_stackheap_outer.o(.text)
    free                                     0x00000677   Thumb Code    78  h1_free.o(.text)
    setvbuf                                  0x000006c5   Thumb Code    70  setvbuf.o(.text)
    freopen                                  0x0000070d   Thumb Code   158  fopen.o(.text)
    fopen                                    0x000007ab   Thumb Code    74  fopen.o(.text)
    _fclose_internal                         0x000007f9   Thumb Code    76  fclose.o(.text)
    fclose                                   0x000007f9   Thumb Code     0  fclose.o(.text)
    exit                                     0x00000845   Thumb Code    18  exit.o(.text)
    __rt_SIGRTRED                            0x00000857   Thumb Code    14  defsig_rtred_outer.o(.text)
    __aeabi_memclr4                          0x00000865   Thumb Code     0  rt_memclr_w.o(.text)
    __aeabi_memclr8                          0x00000865   Thumb Code     0  rt_memclr_w.o(.text)
    __rt_memclr_w                            0x00000865   Thumb Code    78  rt_memclr_w.o(.text)
    _memset_w                                0x00000869   Thumb Code     0  rt_memclr_w.o(.text)
    __user_libspace                          0x000008b5   Thumb Code     8  libspace.o(.text)
    __user_perproc_libspace                  0x000008b5   Thumb Code     0  libspace.o(.text)
    __user_perthread_libspace                0x000008b5   Thumb Code     0  libspace.o(.text)
    __rt_heap_descriptor                     0x000008bd   Thumb Code     8  rt_heap_descriptor_intlibspace.o(.text)
    __use_no_heap                            0x000008c5   Thumb Code     2  hguard.o(.text)
    __heap$guard                             0x000008c7   Thumb Code     2  hguard.o(.text)
    _terminate_user_alloc                    0x000008c9   Thumb Code     2  init_alloc.o(.text)
    _init_user_alloc                         0x000008cb   Thumb Code     2  init_alloc.o(.text)
    __Heap_Full                              0x000008cd   Thumb Code    34  init_alloc.o(.text)
    __Heap_Broken                            0x000008ef   Thumb Code     6  init_alloc.o(.text)
    _init_alloc                              0x000008f5   Thumb Code    94  init_alloc.o(.text)
    malloc                                   0x00000953   Thumb Code    94  h1_alloc.o(.text)
    _fseek                                   0x000009b1   Thumb Code   242  fseek.o(.text)
    fseek                                    0x000009b1   Thumb Code     0  fseek.o(.text)
    _seterr                                  0x00000aa9   Thumb Code    20  stdio.o(.text)
    _writebuf                                0x00000abd   Thumb Code    84  stdio.o(.text)
    _fflush                                  0x00000b11   Thumb Code    70  stdio.o(.text)
    _deferredlazyseek                        0x00000b57   Thumb Code    60  stdio.o(.text)
    __sig_exit                               0x00000b99   Thumb Code    10  defsig_exit.o(.text)
    __rt_SIGRTRED_inner                      0x00000ba5   Thumb Code    14  defsig_rtred_inner.o(.text)
    _sys_exit                                0x00000bd9   Thumb Code     8  sys_exit.o(.text)
    __Heap_Initialize                        0x00000be5   Thumb Code    10  h1_init.o(.text)
    _maybe_terminate_alloc                   0x00000be5   Thumb Code     0  maybetermalloc1.o(.text)
    __Heap_DescSize                          0x00000bef   Thumb Code     4  h1_init.o(.text)
    __Heap_ProvideMemory                     0x00000bf3   Thumb Code    52  h1_extend.o(.text)
    _ftell_internal                          0x00000c27   Thumb Code    66  ftell.o(.text)
    ftell                                    0x00000c27   Thumb Code     0  ftell.o(.text)
    __default_signal_display                 0x00000c69   Thumb Code    50  defsig_general.o(.text)
    __rt_SIGRTMEM                            0x00000c9b   Thumb Code    14  defsig_rtmem_outer.o(.text)
    _ttywrch                                 0x00000ca9   Thumb Code    14  sys_wrch.o(.text)
    __I$use$semihosting                      0x00000cb7   Thumb Code     0  use_no_semi.o(.text)
    __use_no_semihosting_swi                 0x00000cb7   Thumb Code     2  use_no_semi.o(.text)
    __aeabi_errno_addr                       0x00000cb9   Thumb Code     8  rt_errno_addr_intlibspace.o(.text)
    __errno$intlibspace                      0x00000cb9   Thumb Code     0  rt_errno_addr_intlibspace.o(.text)
    __rt_errno_addr$intlibspace              0x00000cb9   Thumb Code     0  rt_errno_addr_intlibspace.o(.text)
    __semihosting_library_function           0x00000cb9   Thumb Code     0  indicate_semi.o(.text)
    __rt_SIGRTMEM_inner                      0x00000cc1   Thumb Code    22  defsig_rtmem_inner.o(.text)
    SystemInit                               0x00000d11   Thumb Code    20  system_cmsdk_cm3.o(.text.SystemInit)
    UART0RX_Handler                          0x00000d25   Thumb Code    72  usart_v2m-mps2.o(.text.UART0RX_Handler)
    UART0TX_Handler                          0x00000d6d   Thumb Code    72  usart_v2m-mps2.o(.text.UART0TX_Handler)
    _sys_close                               0x00000db5   Thumb Code    18  retarget_io.o(.text._sys_close)
    _sys_flen                                0x00000dc9   Thumb Code     4  retarget_io.o(.text._sys_flen)
    _sys_istty                               0x00000dcd   Thumb Code    16  retarget_io.o(.text._sys_istty)
    _sys_open                                0x00000ddd   Thumb Code    96  retarget_io.o(.text._sys_open)
    _sys_seek                                0x00000e3d   Thumb Code     6  retarget_io.o(.text._sys_seek)
    _sys_write                               0x00000e45   Thumb Code    52  retarget_io.o(.text._sys_write)
    byte_queue_buffer_get                    0x00000e79   Thumb Code    10  byte_queue.o(.text.byte_queue_buffer_get)
    byte_queue_count                         0x00000e85   Thumb Code     4  byte_queue.o(.text.byte_queue_count)
    byte_queue_dequeue                       0x00000e89   Thumb Code    68  byte_queue.o(.text.byte_queue_dequeue)
    byte_queue_enqueue                       0x00000ecd   Thumb Code    52  byte_queue.o(.text.byte_queue_enqueue)
    byte_queue_init                          0x00000f01   Thumb Code    44  byte_queue.o(.text.byte_queue_init)
    byte_queue_target_get                    0x00000f2d   Thumb Code     4  byte_queue.o(.text.byte_queue_target_get)
    byte_queue_target_set                    0x00000f31   Thumb Code     4  byte_queue.o(.text.byte_queue_target_set)
    enhanced_byte_queue_dequeue              0x00000f35   Thumb Code    24  enhanced_byte_queue.o(.text.enhanced_byte_queue_dequeue)
    enhanced_byte_queue_enqueue              0x00000f4d   Thumb Code    26  enhanced_byte_queue.o(.text.enhanced_byte_queue_enqueue)
    enhanced_byte_queue_init                 0x00000f69   Thumb Code    22  enhanced_byte_queue.o(.text.enhanced_byte_queue_init)
    enhanced_byte_queue_peek                 0x00000f81   Thumb Code    76  enhanced_byte_queue.o(.text.enhanced_byte_queue_peek)
    enhanced_byte_queue_peek_get_all_peeked  0x00000fcd   Thumb Code     8  enhanced_byte_queue.o(.text.enhanced_byte_queue_peek_get_all_peeked)
    enhanced_byte_queue_peek_reset           0x00000fd5   Thumb Code     8  enhanced_byte_queue.o(.text.enhanced_byte_queue_peek_reset)
    fputc                                    0x00000fdd   Thumb Code    84  platform.o(.text.fputc)
    main                                     0x00001031   Thumb Code   336  main.o(.text.main)
    platform_init                            0x00001181   Thumb Code    24  platform.o(.text.platform_init)
    stdout_putchar                           0x00001199   Thumb Code    80  platform.o(.text.stdout_putchar)
    ENHANCED_BYTE_QUEUE                      0x000011f4   Data          60  enhanced_byte_queue.o(.rodata.ENHANCED_BYTE_QUEUE)
    __stderr_name                            0x00001230   Data           8  retarget_io.o(.rodata.__stderr_name)
    __stdin_name                             0x00001238   Data           7  retarget_io.o(.rodata.__stdin_name)
    __stdout_name                            0x0000123f   Data           8  retarget_io.o(.rodata.__stdout_name)
    Region$$Table$$Base                      0x0000126c   Number         0  anon$$obj.o(Region$$Table)
    Region$$Table$$Limit                     0x0000128c   Number         0  anon$$obj.o(Region$$Table)
    __aeabi_stdin                            0x20000000   Data           4  stdio_streams.o(.data)
    __aeabi_stdout                           0x20000004   Data           4  stdio_streams.o(.data)
    __aeabi_stderr                           0x20000008   Data           4  stdio_streams.o(.data)
    SystemCoreClock                          0x2000000c   Data           4  system_cmsdk_cm3.o(.data.SystemCoreClock)
    __stdin                                  0x20000010   Data          84  stdio_streams.o(.bss)
    __stdout                                 0x20000064   Data          84  stdio_streams.o(.bss)
    __stderr                                 0x200000b8   Data          84  stdio_streams.o(.bss)
    __libspace_start                         0x2000010c   Data          96  libspace.o(.bss)
    __temporary_stack_top$libspace           0x2000016c   Data           0  libspace.o(.bss)



==============================================================================

Memory Map of the image

  Image Entry point : 0x000000c1

  Load Region LR_IROM1 (Base: 0x00000000, Size: 0x000012a0, Max: 0x00400000, ABSOLUTE)

    Execution Region ER_IROM1 (Exec base: 0x00000000, Load base: 0x00000000, Size: 0x0000128c, Max: 0x00400000, ABSOLUTE)

    Exec Addr    Load Addr    Size         Type   Attr      Idx    E Section Name        Object

    0x00000000   0x00000000   0x000000c0   Data   RO          227    RESET               startup_cmsdk_cm3.o
    0x000000c0   0x000000c0   0x00000008   Code   RO          288  * !!!main             c_w.l(__main.o)
    0x000000c8   0x000000c8   0x00000034   Code   RO          610    !!!scatter          c_w.l(__scatter.o)
    0x000000fc   0x000000fc   0x0000001a   Code   RO          612    !!handler_copy      c_w.l(__scatter_copy.o)
    0x00000116   0x00000116   0x00000002   PAD
    0x00000118   0x00000118   0x0000001c   Code   RO          614    !!handler_zi        c_w.l(__scatter_zi.o)
    0x00000134   0x00000134   0x00000000   Code   RO          281    .ARM.Collect$$_printf_percent$$00000000  c_w.l(_printf_percent.o)
    0x00000134   0x00000134   0x00000006   Code   RO          280    .ARM.Collect$$_printf_percent$$00000009  c_w.l(_printf_d.o)
    0x0000013a   0x0000013a   0x00000006   Code   RO          279    .ARM.Collect$$_printf_percent$$00000013  c_w.l(_printf_c.o)
    0x00000140   0x00000140   0x00000004   Code   RO          297    .ARM.Collect$$_printf_percent$$00000017  c_w.l(_printf_percent_end.o)
    0x00000144   0x00000144   0x00000002   Code   RO          415    .ARM.Collect$$libinit$$00000000  c_w.l(libinit.o)
    0x00000146   0x00000146   0x00000000   Code   RO          417    .ARM.Collect$$libinit$$00000002  c_w.l(libinit2.o)
    0x00000146   0x00000146   0x00000000   Code   RO          419    .ARM.Collect$$libinit$$00000004  c_w.l(libinit2.o)
    0x00000146   0x00000146   0x00000008   Code   RO          420    .ARM.Collect$$libinit$$00000005  c_w.l(libinit2.o)
    0x0000014e   0x0000014e   0x00000000   Code   RO          422    .ARM.Collect$$libinit$$0000000A  c_w.l(libinit2.o)
    0x0000014e   0x0000014e   0x00000000   Code   RO          424    .ARM.Collect$$libinit$$0000000C  c_w.l(libinit2.o)
    0x0000014e   0x0000014e   0x00000000   Code   RO          426    .ARM.Collect$$libinit$$0000000E  c_w.l(libinit2.o)
    0x0000014e   0x0000014e   0x00000000   Code   RO          429    .ARM.Collect$$libinit$$00000011  c_w.l(libinit2.o)
    0x0000014e   0x0000014e   0x00000000   Code   RO          431    .ARM.Collect$$libinit$$00000013  c_w.l(libinit2.o)
    0x0000014e   0x0000014e   0x00000000   Code   RO          433    .ARM.Collect$$libinit$$00000015  c_w.l(libinit2.o)
    0x0000014e   0x0000014e   0x00000000   Code   RO          435    .ARM.Collect$$libinit$$00000017  c_w.l(libinit2.o)
    0x0000014e   0x0000014e   0x00000000   Code   RO          437    .ARM.Collect$$libinit$$00000019  c_w.l(libinit2.o)
    0x0000014e   0x0000014e   0x00000000   Code   RO          439    .ARM.Collect$$libinit$$0000001B  c_w.l(libinit2.o)
    0x0000014e   0x0000014e   0x00000000   Code   RO          441    .ARM.Collect$$libinit$$0000001D  c_w.l(libinit2.o)
    0x0000014e   0x0000014e   0x00000000   Code   RO          443    .ARM.Collect$$libinit$$0000001F  c_w.l(libinit2.o)
    0x0000014e   0x0000014e   0x00000000   Code   RO          445    .ARM.Collect$$libinit$$00000021  c_w.l(libinit2.o)
    0x0000014e   0x0000014e   0x00000000   Code   RO          447    .ARM.Collect$$libinit$$00000023  c_w.l(libinit2.o)
    0x0000014e   0x0000014e   0x00000004   Code   RO          448    .ARM.Collect$$libinit$$00000024  c_w.l(libinit2.o)
    0x00000152   0x00000152   0x00000000   Code   RO          449    .ARM.Collect$$libinit$$00000025  c_w.l(libinit2.o)
    0x00000152   0x00000152   0x00000000   Code   RO          453    .ARM.Collect$$libinit$$0000002C  c_w.l(libinit2.o)
    0x00000152   0x00000152   0x00000000   Code   RO          455    .ARM.Collect$$libinit$$0000002E  c_w.l(libinit2.o)
    0x00000152   0x00000152   0x00000000   Code   RO          457    .ARM.Collect$$libinit$$00000030  c_w.l(libinit2.o)
    0x00000152   0x00000152   0x00000000   Code   RO          459    .ARM.Collect$$libinit$$00000032  c_w.l(libinit2.o)
    0x00000152   0x00000152   0x00000002   Code   RO          460    .ARM.Collect$$libinit$$00000033  c_w.l(libinit2.o)
    0x00000154   0x00000154   0x00000002   Code   RO          589    .ARM.Collect$$libshutdown$$00000000  c_w.l(libshutdown.o)
    0x00000156   0x00000156   0x00000000   Code   RO          462    .ARM.Collect$$libshutdown$$00000002  c_w.l(libshutdown2.o)
    0x00000156   0x00000156   0x00000004   Code   RO          463    .ARM.Collect$$libshutdown$$00000003  c_w.l(libshutdown2.o)
    0x0000015a   0x0000015a   0x00000000   Code   RO          464    .ARM.Collect$$libshutdown$$00000004  c_w.l(libshutdown2.o)
    0x0000015a   0x0000015a   0x00000000   Code   RO          467    .ARM.Collect$$libshutdown$$00000007  c_w.l(libshutdown2.o)
    0x0000015a   0x0000015a   0x00000000   Code   RO          470    .ARM.Collect$$libshutdown$$0000000A  c_w.l(libshutdown2.o)
    0x0000015a   0x0000015a   0x00000000   Code   RO          472    .ARM.Collect$$libshutdown$$0000000C  c_w.l(libshutdown2.o)
    0x0000015a   0x0000015a   0x00000000   Code   RO          475    .ARM.Collect$$libshutdown$$0000000F  c_w.l(libshutdown2.o)
    0x0000015a   0x0000015a   0x00000002   Code   RO          476    .ARM.Collect$$libshutdown$$00000010  c_w.l(libshutdown2.o)
    0x0000015c   0x0000015c   0x00000000   Code   RO          290    .ARM.Collect$$rtentry$$00000000  c_w.l(__rtentry.o)
    0x0000015c   0x0000015c   0x00000000   Code   RO          305    .ARM.Collect$$rtentry$$00000002  c_w.l(__rtentry2.o)
    0x0000015c   0x0000015c   0x00000006   Code   RO          317    .ARM.Collect$$rtentry$$00000004  c_w.l(__rtentry4.o)
    0x00000162   0x00000162   0x00000000   Code   RO          307    .ARM.Collect$$rtentry$$00000009  c_w.l(__rtentry2.o)
    0x00000162   0x00000162   0x00000004   Code   RO          308    .ARM.Collect$$rtentry$$0000000A  c_w.l(__rtentry2.o)
    0x00000166   0x00000166   0x00000000   Code   RO          310    .ARM.Collect$$rtentry$$0000000C  c_w.l(__rtentry2.o)
    0x00000166   0x00000166   0x00000008   Code   RO          311    .ARM.Collect$$rtentry$$0000000D  c_w.l(__rtentry2.o)
    0x0000016e   0x0000016e   0x00000002   Code   RO          480    .ARM.Collect$$rtexit$$00000000  c_w.l(rtexit.o)
    0x00000170   0x00000170   0x00000000   Code   RO          528    .ARM.Collect$$rtexit$$00000002  c_w.l(rtexit2.o)
    0x00000170   0x00000170   0x00000004   Code   RO          529    .ARM.Collect$$rtexit$$00000003  c_w.l(rtexit2.o)
    0x00000174   0x00000174   0x00000006   Code   RO          530    .ARM.Collect$$rtexit$$00000004  c_w.l(rtexit2.o)
    0x0000017a   0x0000017a   0x00000002   PAD
    0x0000017c   0x0000017c   0x00000040   Code   RO          228    .text               startup_cmsdk_cm3.o
    0x000001bc   0x000001bc   0x00000018   Code   RO          251    .text               c_w.l(noretval__2printf.o)
    0x000001d4   0x000001d4   0x00000068   Code   RO          253    .text               c_w.l(__printf.o)
    0x0000023c   0x0000023c   0x00000052   Code   RO          255    .text               c_w.l(_printf_str.o)
    0x0000028e   0x0000028e   0x00000002   PAD
    0x00000290   0x00000290   0x00000078   Code   RO          257    .text               c_w.l(_printf_dec.o)
    0x00000308   0x00000308   0x0000002c   Code   RO          282    .text               c_w.l(puts.o)
    0x00000334   0x00000334   0x00000080   Code   RO          284    .text               c_w.l(strcmpv7m.o)
    0x000003b4   0x000003b4   0x00000006   Code   RO          286    .text               c_w.l(heapauxi.o)
    0x000003ba   0x000003ba   0x000000b2   Code   RO          291    .text               c_w.l(_printf_intcommon.o)
    0x0000046c   0x0000046c   0x0000002c   Code   RO          293    .text               c_w.l(_printf_char.o)
    0x00000498   0x00000498   0x00000024   Code   RO          295    .text               c_w.l(_printf_char_file.o)
    0x000004bc   0x000004bc   0x00000030   Code   RO          319    .text               c_w.l(_printf_char_common.o)
    0x000004ec   0x000004ec   0x00000008   Code   RO          321    .text               c_w.l(ferror.o)
    0x000004f4   0x000004f4   0x00000138   Code   RO          323    .text               c_w.l(initio.o)
    0x0000062c   0x0000062c   0x0000004a   Code   RO          331    .text               c_w.l(sys_stackheap_outer.o)
    0x00000676   0x00000676   0x0000004e   Code   RO          335    .text               c_w.l(h1_free.o)
    0x000006c4   0x000006c4   0x00000046   Code   RO          391    .text               c_w.l(setvbuf.o)
    0x0000070a   0x0000070a   0x00000002   PAD
    0x0000070c   0x0000070c   0x000000ec   Code   RO          394    .text               c_w.l(fopen.o)
    0x000007f8   0x000007f8   0x0000004c   Code   RO          396    .text               c_w.l(fclose.o)
    0x00000844   0x00000844   0x00000012   Code   RO          402    .text               c_w.l(exit.o)
    0x00000856   0x00000856   0x0000000e   Code   RO          404    .text               c_w.l(defsig_rtred_outer.o)
    0x00000864   0x00000864   0x0000004e   Code   RO          408    .text               c_w.l(rt_memclr_w.o)
    0x000008b2   0x000008b2   0x00000002   PAD
    0x000008b4   0x000008b4   0x00000008   Code   RO          477    .text               c_w.l(libspace.o)
    0x000008bc   0x000008bc   0x00000008   Code   RO          487    .text               c_w.l(rt_heap_descriptor_intlibspace.o)
    0x000008c4   0x000008c4   0x00000004   Code   RO          489    .text               c_w.l(hguard.o)
    0x000008c8   0x000008c8   0x0000008a   Code   RO          491    .text               c_w.l(init_alloc.o)
    0x00000952   0x00000952   0x0000005e   Code   RO          497    .text               c_w.l(h1_alloc.o)
    0x000009b0   0x000009b0   0x000000f8   Code   RO          509    .text               c_w.l(fseek.o)
    0x00000aa8   0x00000aa8   0x000000f0   Code   RO          511    .text               c_w.l(stdio.o)
    0x00000b98   0x00000b98   0x0000000a   Code   RO          513    .text               c_w.l(defsig_exit.o)
    0x00000ba2   0x00000ba2   0x00000002   PAD
    0x00000ba4   0x00000ba4   0x00000034   Code   RO          515    .text               c_w.l(defsig_rtred_inner.o)
    0x00000bd8   0x00000bd8   0x0000000c   Code   RO          523    .text               c_w.l(sys_exit.o)
    0x00000be4   0x00000be4   0x00000000   Code   RO          534    .text               c_w.l(maybetermalloc1.o)
    0x00000be4   0x00000be4   0x0000000e   Code   RO          536    .text               c_w.l(h1_init.o)
    0x00000bf2   0x00000bf2   0x00000034   Code   RO          538    .text               c_w.l(h1_extend.o)
    0x00000c26   0x00000c26   0x00000042   Code   RO          544    .text               c_w.l(ftell.o)
    0x00000c68   0x00000c68   0x00000032   Code   RO          548    .text               c_w.l(defsig_general.o)
    0x00000c9a   0x00000c9a   0x0000000e   Code   RO          550    .text               c_w.l(defsig_rtmem_outer.o)
    0x00000ca8   0x00000ca8   0x0000000e   Code   RO          563    .text               c_w.l(sys_wrch.o)
    0x00000cb6   0x00000cb6   0x00000002   Code   RO          571    .text               c_w.l(use_no_semi.o)
    0x00000cb8   0x00000cb8   0x00000000   Code   RO          573    .text               c_w.l(indicate_semi.o)
    0x00000cb8   0x00000cb8   0x00000008   Code   RO          577    .text               c_w.l(rt_errno_addr_intlibspace.o)
    0x00000cc0   0x00000cc0   0x00000050   Code   RO          583    .text               c_w.l(defsig_rtmem_inner.o)
    0x00000d10   0x00000d10   0x00000014   Code   RO          237    .text.SystemInit    system_cmsdk_cm3.o
    0x00000d24   0x00000d24   0x00000048   Code   RO          157    .text.UART0RX_Handler  usart_v2m-mps2.o
    0x00000d6c   0x00000d6c   0x00000048   Code   RO          159    .text.UART0TX_Handler  usart_v2m-mps2.o
    0x00000db4   0x00000db4   0x00000012   Code   RO          202    .text._sys_close    retarget_io.o
    0x00000dc6   0x00000dc6   0x00000002   PAD
    0x00000dc8   0x00000dc8   0x00000004   Code   RO          212    .text._sys_flen     retarget_io.o
    0x00000dcc   0x00000dcc   0x00000010   Code   RO          208    .text._sys_istty    retarget_io.o
    0x00000ddc   0x00000ddc   0x00000060   Code   RO          200    .text._sys_open     retarget_io.o
    0x00000e3c   0x00000e3c   0x00000006   Code   RO          210    .text._sys_seek     retarget_io.o
    0x00000e42   0x00000e42   0x00000002   PAD
    0x00000e44   0x00000e44   0x00000034   Code   RO          204    .text._sys_write    retarget_io.o
    0x00000e78   0x00000e78   0x0000000a   Code   RO           47    .text.byte_queue_buffer_get  byte_queue.o
    0x00000e82   0x00000e82   0x00000002   PAD
    0x00000e84   0x00000e84   0x00000004   Code   RO           41    .text.byte_queue_count  byte_queue.o
    0x00000e88   0x00000e88   0x00000044   Code   RO           39    .text.byte_queue_dequeue  byte_queue.o
    0x00000ecc   0x00000ecc   0x00000034   Code   RO           37    .text.byte_queue_enqueue  byte_queue.o
    0x00000f00   0x00000f00   0x0000002c   Code   RO           35    .text.byte_queue_init  byte_queue.o
    0x00000f2c   0x00000f2c   0x00000004   Code   RO           43    .text.byte_queue_target_get  byte_queue.o
    0x00000f30   0x00000f30   0x00000004   Code   RO           45    .text.byte_queue_target_set  byte_queue.o
    0x00000f34   0x00000f34   0x00000018   Code   RO           63    .text.enhanced_byte_queue_dequeue  enhanced_byte_queue.o
    0x00000f4c   0x00000f4c   0x0000001a   Code   RO           61    .text.enhanced_byte_queue_enqueue  enhanced_byte_queue.o
    0x00000f66   0x00000f66   0x00000002   PAD
    0x00000f68   0x00000f68   0x00000016   Code   RO           59    .text.enhanced_byte_queue_init  enhanced_byte_queue.o
    0x00000f7e   0x00000f7e   0x00000002   PAD
    0x00000f80   0x00000f80   0x0000004c   Code   RO           65    .text.enhanced_byte_queue_peek  enhanced_byte_queue.o
    0x00000fcc   0x00000fcc   0x00000008   Code   RO           69    .text.enhanced_byte_queue_peek_get_all_peeked  enhanced_byte_queue.o
    0x00000fd4   0x00000fd4   0x00000008   Code   RO           67    .text.enhanced_byte_queue_peek_reset  enhanced_byte_queue.o
    0x00000fdc   0x00000fdc   0x00000054   Code   RO            8    .text.fputc         platform.o
    0x00001030   0x00001030   0x00000150   Code   RO           19    .text.main          main.o
    0x00001180   0x00001180   0x00000018   Code   RO            6    .text.platform_init  platform.o
    0x00001198   0x00001198   0x00000050   Code   RO            2    .text.stdout_putchar  platform.o
    0x000011e8   0x000011e8   0x0000000c   Data   RO           22    .rodata..L__const.main.tCFG  main.o
    0x000011f4   0x000011f4   0x0000003c   Data   RO           71    .rodata.ENHANCED_BYTE_QUEUE  enhanced_byte_queue.o
    0x00001230   0x00001230   0x00000008   Data   RO          216    .rodata.__stderr_name  retarget_io.o
    0x00001238   0x00001238   0x00000007   Data   RO          214    .rodata.__stdin_name  retarget_io.o
    0x0000123f   0x0000123f   0x00000008   Data   RO          215    .rodata.__stdout_name  retarget_io.o
    0x00001247   0x00001247   0x00000022   Data   RO           24    .rodata.str1.1      main.o
    0x00001269   0x00001269   0x00000003   PAD
    0x0000126c   0x0000126c   0x00000020   Data   RO          609    Region$$Table       anon$$obj.o


    Execution Region RW_IRAM1 (Exec base: 0x20000000, Load base: 0x00001290, Size: 0x000012b0, Max: 0x00400000, ABSOLUTE)

    Exec Addr    Load Addr    Size         Type   Attr      Idx    E Section Name        Object

    0x20000000   0x00001290   0x00000004   Data   RW          301    .data               c_w.l(stdio_streams.o)
    0x20000004   0x00001294   0x00000004   Data   RW          302    .data               c_w.l(stdio_streams.o)
    0x20000008   0x00001298   0x00000004   Data   RW          303    .data               c_w.l(stdio_streams.o)
    0x2000000c   0x0000129c   0x00000004   Data   RW          239    .data.SystemCoreClock  system_cmsdk_cm3.o
    0x20000010        -       0x00000054   Zero   RW          298    .bss                c_w.l(stdio_streams.o)
    0x20000064        -       0x00000054   Zero   RW          299    .bss                c_w.l(stdio_streams.o)
    0x200000b8        -       0x00000054   Zero   RW          300    .bss                c_w.l(stdio_streams.o)
    0x2000010c        -       0x00000060   Zero   RW          478    .bss                c_w.l(libspace.o)
    0x2000016c        -       0x00000028   Zero   RW          190    .bss..L_MergedGlobals  usart_v2m-mps2.o
    0x20000194        -       0x00000100   Zero   RW           21    .bss.main.s_chQueueBuffer  main.o
    0x20000294        -       0x00000018   Zero   RW           23    .bss.s_tQueue       main.o
    0x200002ac   0x000012a0   0x00000004   PAD
    0x200002b0        -       0x00000c00   Zero   RW          226    HEAP                startup_cmsdk_cm3.o
    0x20000eb0        -       0x00000400   Zero   RW          225    STACK               startup_cmsdk_cm3.o


==============================================================================

Image component sizes


      Code (inc. data)   RO Data    RW Data    ZI Data      Debug   Object Name

       186          0          0          0          0       2950   byte_queue.o
       164          0         60          0          0       4071   enhanced_byte_queue.o
       336         88         46          0        280       1747   main.o
       188          0          0          0          0       1932   platform.o
       192          0         23          0          0       2181   retarget_io.o
        64         26        192          0       4096        876   startup_cmsdk_cm3.o
        20          0          0          4          0        666   system_cmsdk_cm3.o
       144          0          0          0         40      11255   usart_v2m-mps2.o

    ----------------------------------------------------------------------
      1304        114        356          4       4420      25678   Object Totals
         0          0         32          0          0          0   (incl. Generated)
        10          0          3          0          4          0   (incl. Padding)

    ----------------------------------------------------------------------

      Code (inc. data)   RO Data    RW Data    ZI Data      Debug   Library Member Name

         8          0          0          0          0         68   __main.o
       104          0          0          0          0         84   __printf.o
         0          0          0          0          0          0   __rtentry.o
        12          0          0          0          0          0   __rtentry2.o
         6          0          0          0          0          0   __rtentry4.o
        52          8          0          0          0          0   __scatter.o
        26          0          0          0          0          0   __scatter_copy.o
        28          0          0          0          0          0   __scatter_zi.o
         6          0          0          0          0          0   _printf_c.o
        44          0          0          0          0        108   _printf_char.o
        48          6          0          0          0         96   _printf_char_common.o
        36          4          0          0          0         80   _printf_char_file.o
         6          0          0          0          0          0   _printf_d.o
       120         16          0          0          0         92   _printf_dec.o
       178          0          0          0          0         88   _printf_intcommon.o
         0          0          0          0          0          0   _printf_percent.o
         4          0          0          0          0          0   _printf_percent_end.o
        82          0          0          0          0         80   _printf_str.o
        10          0          0          0          0         68   defsig_exit.o
        50          0          0          0          0         88   defsig_general.o
        80         58          0          0          0         76   defsig_rtmem_inner.o
        14          0          0          0          0         80   defsig_rtmem_outer.o
        52         38          0          0          0         76   defsig_rtred_inner.o
        14          0          0          0          0         80   defsig_rtred_outer.o
        18          0          0          0          0         80   exit.o
        76          0          0          0          0         88   fclose.o
         8          0          0          0          0         68   ferror.o
       236          4          0          0          0        128   fopen.o
       248          6          0          0          0         84   fseek.o
        66          0          0          0          0         76   ftell.o
        94          0          0          0          0         80   h1_alloc.o
        52          0          0          0          0         68   h1_extend.o
        78          0          0          0          0         80   h1_free.o
        14          0          0          0          0         84   h1_init.o
         6          0          0          0          0        152   heapauxi.o
         4          0          0          0          0        136   hguard.o
         0          0          0          0          0          0   indicate_semi.o
       138          0          0          0          0        168   init_alloc.o
       312         46          0          0          0        112   initio.o
         2          0          0          0          0          0   libinit.o
        14          0          0          0          0          0   libinit2.o
         2          0          0          0          0          0   libshutdown.o
         6          0          0          0          0          0   libshutdown2.o
         8          4          0          0         96         68   libspace.o
         0          0          0          0          0          0   maybetermalloc1.o
        24          4          0          0          0         84   noretval__2printf.o
        44          4          0          0          0         84   puts.o
         8          4          0          0          0         68   rt_errno_addr_intlibspace.o
         8          4          0          0          0         68   rt_heap_descriptor_intlibspace.o
        78          0          0          0          0         80   rt_memclr_w.o
         2          0          0          0          0          0   rtexit.o
        10          0          0          0          0          0   rtexit2.o
        70          0          0          0          0         80   setvbuf.o
       240          6          0          0          0        156   stdio.o
         0          0          0         12        252          0   stdio_streams.o
       128          0          0          0          0         68   strcmpv7m.o
        12          4          0          0          0         68   sys_exit.o
        74          0          0          0          0         80   sys_stackheap_outer.o
        14          0          0          0          0         76   sys_wrch.o
         2          0          0          0          0         68   use_no_semi.o

    ----------------------------------------------------------------------
      3088        216          0         12        348       3616   Library Totals
        12          0          0          0          0          0   (incl. Padding)

    ----------------------------------------------------------------------

      Code (inc. data)   RO Data    RW Data    ZI Data      Debug   Library Name

      3076        216          0         12        348       3616   c_w.l

    ----------------------------------------------------------------------
      3088        216          0         12        348       3616   Library Totals

    ----------------------------------------------------------------------

==============================================================================


      Code (inc. data)   RO Data    RW Data    ZI Data      Debug   

      4392        330        356         16       4768      27270   Grand Totals
      4392        330        356         16       4768      27270   ELF Image Totals
      4392        330        356         16          0          0   ROM Totals

==============================================================================

    Total RO  Size (Code + RO Data)                 4748 (   4.64kB)
    Total RW  Size (RW Data + ZI Data)              4784 (   4.67kB)
    Total ROM Size (Code + RO Data + RW Data)       4764 (   4.65kB)

==============================================================================

